Epoch[1/200] Train Loss: 1.4516, Train Acc: 50.32%
Epoch[1/200] Val Loss: 1.2656, Val Acc: 58.88%
Validation accuracy improved (-inf -> 58.8839).
Saved checkpoint: /media/icnlab/Data/Thang/plan_dieases/context_moe/checkpoints/plantdoc/pretrain_weight/ghostnet/seed_42/run_20260511-125931/best_checkpoint.pth
Epoch[2/200] Train Loss: 0.9608, Train Acc: 67.37%
Epoch[2/200] Val Loss: 1.0973, Val Acc: 67.50%
Validation accuracy improved (58.8839 -> 67.5000).
Saved checkpoint: /media/icnlab/Data/Thang/plan_dieases/context_moe/checkpoints/plantdoc/pretrain_weight/ghostnet/seed_42/run_20260511-125931/best_checkpoint.pth
Epoch[3/200] Train Loss: 0.6845, Train Acc: 76.57%
Epoch[3/200] Val Loss: 1.0140, Val Acc: 71.88%
Validation accuracy improved (67.5000 -> 71.8750).
Saved checkpoint: /media/icnlab/Data/Thang/plan_dieases/context_moe/checkpoints/plantdoc/pretrain_weight/ghostnet/seed_42/run_20260511-125931/best_checkpoint.pth
Epoch[4/200] Train Loss: 0.6271, Train Acc: 77.81%
Epoch[4/200] Val Loss: 0.9239, Val Acc: 71.25%
No improvement for 1 epoch(s).
Epoch[5/200] Train Loss: 0.4997, Train Acc: 82.38%
Epoch[5/200] Val Loss: 1.0403, Val Acc: 70.00%
No improvement for 2 epoch(s).
Epoch[6/200] Train Loss: 0.3861, Train Acc: 86.34%
Epoch[6/200] Val Loss: 1.0442, Val Acc: 68.35%
No improvement for 3 epoch(s).
Epoch[7/200] Train Loss: 0.3744, Train Acc: 85.35%
Epoch[7/200] Val Loss: 1.2389, Val Acc: 73.62%
Validation accuracy improved (71.8750 -> 73.6161).
Saved checkpoint: /media/icnlab/Data/Thang/plan_dieases/context_moe/checkpoints/plantdoc/pretrain_weight/ghostnet/seed_42/run_20260511-125931/best_checkpoint.pth
Epoch[8/200] Train Loss: 0.2960, Train Acc: 89.47%
Epoch[8/200] Val Loss: 1.0408, Val Acc: 77.28%
Validation accuracy improved (73.6161 -> 77.2768).
Saved checkpoint: /media/icnlab/Data/Thang/plan_dieases/context_moe/checkpoints/plantdoc/pretrain_weight/ghostnet/seed_42/run_20260511-125931/best_checkpoint.pth
Epoch[9/200] Train Loss: 0.3062, Train Acc: 89.33%
Epoch[9/200] Val Loss: 1.0730, Val Acc: 78.30%
Validation accuracy improved (77.2768 -> 78.3036).
Saved checkpoint: /media/icnlab/Data/Thang/plan_dieases/context_moe/checkpoints/plantdoc/pretrain_weight/ghostnet/seed_42/run_20260511-125931/best_checkpoint.pth
Epoch[10/200] Train Loss: 0.2542, Train Acc: 90.63%
Epoch[10/200] Val Loss: 0.9773, Val Acc: 74.91%
No improvement for 1 epoch(s).
Epoch[11/200] Train Loss: 0.2070, Train Acc: 92.72%
Epoch[11/200] Val Loss: 1.1289, Val Acc: 76.03%
No improvement for 2 epoch(s).
Epoch[12/200] Train Loss: 0.1734, Train Acc: 93.50%
Epoch[12/200] Val Loss: 1.0728, Val Acc: 78.39%
Validation accuracy improved (78.3036 -> 78.3929).
Saved checkpoint: /media/icnlab/Data/Thang/plan_dieases/context_moe/checkpoints/plantdoc/pretrain_weight/ghostnet/seed_42/run_20260511-125931/best_checkpoint.pth
Epoch[13/200] Train Loss: 0.1952, Train Acc: 93.37%
Epoch[13/200] Val Loss: 1.1376, Val Acc: 76.96%
No improvement for 1 epoch(s).
Epoch[14/200] Train Loss: 0.2079, Train Acc: 92.40%
Epoch[14/200] Val Loss: 1.1259, Val Acc: 76.74%
No improvement for 2 epoch(s).
Epoch[15/200] Train Loss: 0.1713, Train Acc: 94.45%
Epoch[15/200] Val Loss: 1.0919, Val Acc: 76.83%
No improvement for 3 epoch(s).
Epoch[16/200] Train Loss: 0.1174, Train Acc: 95.53%
Epoch[16/200] Val Loss: 1.1857, Val Acc: 78.53%
Validation accuracy improved (78.3929 -> 78.5268).
Saved checkpoint: /media/icnlab/Data/Thang/plan_dieases/context_moe/checkpoints/plantdoc/pretrain_weight/ghostnet/seed_42/run_20260511-125931/best_checkpoint.pth
Epoch[17/200] Train Loss: 0.1375, Train Acc: 94.85%
Epoch[17/200] Val Loss: 0.9695, Val Acc: 80.40%
Validation accuracy improved (78.5268 -> 80.4018).
Saved checkpoint: /media/icnlab/Data/Thang/plan_dieases/context_moe/checkpoints/plantdoc/pretrain_weight/ghostnet/seed_42/run_20260511-125931/best_checkpoint.pth
Epoch[18/200] Train Loss: 0.1500, Train Acc: 95.03%
Epoch[18/200] Val Loss: 1.0914, Val Acc: 79.33%
No improvement for 1 epoch(s).
Epoch[19/200] Train Loss: 0.1328, Train Acc: 95.59%
Epoch[19/200] Val Loss: 1.0523, Val Acc: 78.62%
No improvement for 2 epoch(s).
Epoch[20/200] Train Loss: 0.1358, Train Acc: 94.73%
Epoch[20/200] Val Loss: 0.9569, Val Acc: 79.96%
No improvement for 3 epoch(s).
Epoch[21/200] Train Loss: 0.1289, Train Acc: 95.41%
Epoch[21/200] Val Loss: 1.1451, Val Acc: 79.87%
No improvement for 4 epoch(s).
Epoch[22/200] Train Loss: 0.1592, Train Acc: 94.88%
Epoch[22/200] Val Loss: 1.4065, Val Acc: 78.84%
No improvement for 5 epoch(s).
Epoch[23/200] Train Loss: 0.1180, Train Acc: 95.76%
Epoch[23/200] Val Loss: 1.1553, Val Acc: 77.68%
No improvement for 6 epoch(s).
Epoch[24/200] Train Loss: 0.1230, Train Acc: 95.84%
Epoch[24/200] Val Loss: 1.0656, Val Acc: 78.62%
No improvement for 7 epoch(s).
Epoch[25/200] Train Loss: 0.0917, Train Acc: 97.01%
Epoch[25/200] Val Loss: 1.0925, Val Acc: 78.71%
No improvement for 8 epoch(s).
Epoch[26/200] Train Loss: 0.0903, Train Acc: 96.81%
Epoch[26/200] Val Loss: 1.1507, Val Acc: 77.90%
No improvement for 9 epoch(s).
Epoch[27/200] Train Loss: 0.0700, Train Acc: 97.75%
Epoch[27/200] Val Loss: 1.1882, Val Acc: 78.71%
No improvement for 10 epoch(s).
Epoch[28/200] Train Loss: 0.0890, Train Acc: 97.18%
Epoch[28/200] Val Loss: 1.0605, Val Acc: 77.90%
No improvement for 11 epoch(s).
Epoch[29/200] Train Loss: 0.0439, Train Acc: 98.36%
Epoch[29/200] Val Loss: 0.9626, Val Acc: 83.26%
Validation accuracy improved (80.4018 -> 83.2589).
Saved checkpoint: /media/icnlab/Data/Thang/plan_dieases/context_moe/checkpoints/plantdoc/pretrain_weight/ghostnet/seed_42/run_20260511-125931/best_checkpoint.pth
Epoch[30/200] Train Loss: 0.0230, Train Acc: 99.09%
Epoch[30/200] Val Loss: 1.0613, Val Acc: 81.21%
No improvement for 1 epoch(s).
Epoch[31/200] Train Loss: 0.0260, Train Acc: 99.18%
Epoch[31/200] Val Loss: 1.1179, Val Acc: 78.84%
No improvement for 2 epoch(s).
Epoch[32/200] Train Loss: 0.0211, Train Acc: 99.13%
Epoch[32/200] Val Loss: 1.0977, Val Acc: 80.27%
No improvement for 3 epoch(s).
Epoch[33/200] Train Loss: 0.0247, Train Acc: 99.09%
Epoch[33/200] Val Loss: 1.2023, Val Acc: 80.49%
No improvement for 4 epoch(s).
Epoch[34/200] Train Loss: 0.0124, Train Acc: 99.52%
Epoch[34/200] Val Loss: 1.1609, Val Acc: 81.61%
No improvement for 5 epoch(s).
Epoch[35/200] Train Loss: 0.0162, Train Acc: 99.35%
Epoch[35/200] Val Loss: 1.1956, Val Acc: 80.18%
No improvement for 6 epoch(s).
Epoch[36/200] Train Loss: 0.0143, Train Acc: 99.44%
Epoch[36/200] Val Loss: 1.2119, Val Acc: 81.43%
No improvement for 7 epoch(s).
Epoch[37/200] Train Loss: 0.0094, Train Acc: 99.70%
Epoch[37/200] Val Loss: 1.2092, Val Acc: 80.80%
No improvement for 8 epoch(s).
Epoch[38/200] Train Loss: 0.0083, Train Acc: 99.70%
Epoch[38/200] Val Loss: 1.2505, Val Acc: 81.61%
No improvement for 9 epoch(s).
Epoch[39/200] Train Loss: 0.0113, Train Acc: 99.57%
Epoch[39/200] Val Loss: 1.2802, Val Acc: 81.52%
No improvement for 10 epoch(s).
Epoch[40/200] Train Loss: 0.0156, Train Acc: 99.22%
Epoch[40/200] Val Loss: 1.2025, Val Acc: 81.43%
No improvement for 11 epoch(s).
Epoch[41/200] Train Loss: 0.0138, Train Acc: 99.48%
Epoch[41/200] Val Loss: 1.1682, Val Acc: 81.83%
No improvement for 12 epoch(s).
Epoch[42/200] Train Loss: 0.0060, Train Acc: 99.70%
Epoch[42/200] Val Loss: 1.2120, Val Acc: 81.12%
No improvement for 13 epoch(s).
Epoch[43/200] Train Loss: 0.0081, Train Acc: 99.65%
Epoch[43/200] Val Loss: 1.1879, Val Acc: 80.58%
No improvement for 14 epoch(s).
Epoch[44/200] Train Loss: 0.0120, Train Acc: 99.39%
Epoch[44/200] Val Loss: 1.2132, Val Acc: 81.74%
No improvement for 15 epoch(s).
Epoch[45/200] Train Loss: 0.0103, Train Acc: 99.44%
Epoch[45/200] Val Loss: 1.2281, Val Acc: 80.49%
No improvement for 16 epoch(s).
Epoch[46/200] Train Loss: 0.0050, Train Acc: 99.74%
Epoch[46/200] Val Loss: 1.2299, Val Acc: 80.58%
No improvement for 17 epoch(s).
Epoch[47/200] Train Loss: 0.0083, Train Acc: 99.74%
Epoch[47/200] Val Loss: 1.2708, Val Acc: 81.21%
No improvement for 18 epoch(s).
Epoch[48/200] Train Loss: 0.0093, Train Acc: 99.74%
Epoch[48/200] Val Loss: 1.1941, Val Acc: 81.21%
No improvement for 19 epoch(s).
Epoch[49/200] Train Loss: 0.0080, Train Acc: 99.53%
Epoch[49/200] Val Loss: 1.2389, Val Acc: 80.89%
No improvement for 20 epoch(s).
Epoch[50/200] Train Loss: 0.0068, Train Acc: 99.74%
Epoch[50/200] Val Loss: 1.1994, Val Acc: 81.21%
No improvement for 21 epoch(s).
Epoch[51/200] Train Loss: 0.0064, Train Acc: 99.74%
Epoch[51/200] Val Loss: 1.2387, Val Acc: 82.46%
No improvement for 22 epoch(s).
Epoch[52/200] Train Loss: 0.0071, Train Acc: 99.66%
Epoch[52/200] Val Loss: 1.2489, Val Acc: 81.83%
No improvement for 23 epoch(s).
Epoch[53/200] Train Loss: 0.0097, Train Acc: 99.57%
Epoch[53/200] Val Loss: 1.2428, Val Acc: 82.14%
No improvement for 24 epoch(s).
Epoch[54/200] Train Loss: 0.0061, Train Acc: 99.70%
Epoch[54/200] Val Loss: 1.2325, Val Acc: 82.14%
No improvement for 25 epoch(s).
Epoch[55/200] Train Loss: 0.0053, Train Acc: 99.74%
Epoch[55/200] Val Loss: 1.2922, Val Acc: 81.83%
No improvement for 26 epoch(s).
Epoch[56/200] Train Loss: 0.0044, Train Acc: 99.87%
Epoch[56/200] Val Loss: 1.2616, Val Acc: 82.14%
No improvement for 27 epoch(s).
Epoch[57/200] Train Loss: 0.0042, Train Acc: 99.78%
Epoch[57/200] Val Loss: 1.2315, Val Acc: 81.83%
No improvement for 28 epoch(s).
Epoch[58/200] Train Loss: 0.0042, Train Acc: 99.83%
Epoch[58/200] Val Loss: 1.2536, Val Acc: 82.23%
No improvement for 29 epoch(s).
Epoch[59/200] Train Loss: 0.0069, Train Acc: 99.65%
Epoch[59/200] Val Loss: 1.2671, Val Acc: 82.14%
No improvement for 30 epoch(s).
Epoch[60/200] Train Loss: 0.0029, Train Acc: 99.87%
Epoch[60/200] Val Loss: 1.2769, Val Acc: 81.52%
No improvement for 31 epoch(s).
Epoch[61/200] Train Loss: 0.0045, Train Acc: 99.87%
Epoch[61/200] Val Loss: 1.2868, Val Acc: 82.46%
No improvement for 32 epoch(s).
Epoch[62/200] Train Loss: 0.0037, Train Acc: 99.70%
Epoch[62/200] Val Loss: 1.3079, Val Acc: 81.52%
No improvement for 33 epoch(s).
Epoch[63/200] Train Loss: 0.0035, Train Acc: 99.83%
Epoch[63/200] Val Loss: 1.2751, Val Acc: 81.83%
No improvement for 34 epoch(s).
Epoch[64/200] Train Loss: 0.0064, Train Acc: 99.65%
Epoch[64/200] Val Loss: 1.3051, Val Acc: 81.52%
No improvement for 35 epoch(s).
Epoch[65/200] Train Loss: 0.0049, Train Acc: 99.78%
Epoch[65/200] Val Loss: 1.2961, Val Acc: 82.77%
No improvement for 36 epoch(s).
Epoch[66/200] Train Loss: 0.0067, Train Acc: 99.87%
Epoch[66/200] Val Loss: 1.3083, Val Acc: 82.14%
No improvement for 37 epoch(s).
Epoch[67/200] Train Loss: 0.0060, Train Acc: 99.70%
Epoch[67/200] Val Loss: 1.2770, Val Acc: 82.46%
No improvement for 38 epoch(s).
Epoch[68/200] Train Loss: 0.0032, Train Acc: 99.83%
Epoch[68/200] Val Loss: 1.2564, Val Acc: 82.46%
No improvement for 39 epoch(s).
Epoch[69/200] Train Loss: 0.0046, Train Acc: 99.83%
Epoch[69/200] Val Loss: 1.2964, Val Acc: 82.46%
No improvement for 40 epoch(s).
Epoch[70/200] Train Loss: 0.0059, Train Acc: 99.74%
Epoch[70/200] Val Loss: 1.3366, Val Acc: 82.14%
No improvement for 41 epoch(s).
Epoch[71/200] Train Loss: 0.0038, Train Acc: 99.87%
Epoch[71/200] Val Loss: 1.3205, Val Acc: 81.52%
No improvement for 42 epoch(s).
Epoch[72/200] Train Loss: 0.0042, Train Acc: 99.78%
Epoch[72/200] Val Loss: 1.3261, Val Acc: 82.14%
No improvement for 43 epoch(s).
Epoch[73/200] Train Loss: 0.0056, Train Acc: 99.74%
Epoch[73/200] Val Loss: 1.3117, Val Acc: 82.77%
No improvement for 44 epoch(s).
Epoch[74/200] Train Loss: 0.0034, Train Acc: 99.83%
Epoch[74/200] Val Loss: 1.3147, Val Acc: 82.77%
No improvement for 45 epoch(s).
Epoch[75/200] Train Loss: 0.0035, Train Acc: 99.83%
Epoch[75/200] Val Loss: 1.3313, Val Acc: 82.14%
No improvement for 46 epoch(s).
Epoch[76/200] Train Loss: 0.0030, Train Acc: 99.91%
Epoch[76/200] Val Loss: 1.3274, Val Acc: 82.14%
No improvement for 47 epoch(s).
Epoch[77/200] Train Loss: 0.0047, Train Acc: 99.74%
Epoch[77/200] Val Loss: 1.3250, Val Acc: 83.39%
Validation accuracy improved (83.2589 -> 83.3929).
Saved checkpoint: /media/icnlab/Data/Thang/plan_dieases/context_moe/checkpoints/plantdoc/pretrain_weight/ghostnet/seed_42/run_20260511-125931/best_checkpoint.pth
Epoch[78/200] Train Loss: 0.0027, Train Acc: 99.91%
Epoch[78/200] Val Loss: 1.3099, Val Acc: 82.77%
No improvement for 1 epoch(s).
Epoch[79/200] Train Loss: 0.0029, Train Acc: 99.96%
Epoch[79/200] Val Loss: 1.3460, Val Acc: 82.14%
No improvement for 2 epoch(s).
Epoch[80/200] Train Loss: 0.0053, Train Acc: 99.87%
Epoch[80/200] Val Loss: 1.2891, Val Acc: 83.48%
Validation accuracy improved (83.3929 -> 83.4821).
Saved checkpoint: /media/icnlab/Data/Thang/plan_dieases/context_moe/checkpoints/plantdoc/pretrain_weight/ghostnet/seed_42/run_20260511-125931/best_checkpoint.pth
Epoch[81/200] Train Loss: 0.0037, Train Acc: 99.83%
Epoch[81/200] Val Loss: 1.3148, Val Acc: 83.08%
No improvement for 1 epoch(s).
Epoch[82/200] Train Loss: 0.0077, Train Acc: 99.79%
Epoch[82/200] Val Loss: 1.3056, Val Acc: 83.08%
No improvement for 2 epoch(s).
Epoch[83/200] Train Loss: 0.0041, Train Acc: 99.91%
Epoch[83/200] Val Loss: 1.3016, Val Acc: 83.17%
No improvement for 3 epoch(s).
Epoch[84/200] Train Loss: 0.0023, Train Acc: 99.91%
Epoch[84/200] Val Loss: 1.3060, Val Acc: 83.08%
No improvement for 4 epoch(s).
Epoch[85/200] Train Loss: 0.0039, Train Acc: 99.83%
Epoch[85/200] Val Loss: 1.2855, Val Acc: 83.08%
No improvement for 5 epoch(s).
Epoch[86/200] Train Loss: 0.0033, Train Acc: 99.91%
Epoch[86/200] Val Loss: 1.2676, Val Acc: 82.77%
No improvement for 6 epoch(s).
Epoch[87/200] Train Loss: 0.0040, Train Acc: 99.83%
Epoch[87/200] Val Loss: 1.2272, Val Acc: 82.54%
No improvement for 7 epoch(s).
Epoch[88/200] Train Loss: 0.0039, Train Acc: 99.87%
Epoch[88/200] Val Loss: 1.2726, Val Acc: 82.46%
No improvement for 8 epoch(s).
Epoch[89/200] Train Loss: 0.0040, Train Acc: 99.83%
Epoch[89/200] Val Loss: 1.2345, Val Acc: 82.77%
No improvement for 9 epoch(s).
Epoch[90/200] Train Loss: 0.0026, Train Acc: 99.87%
Epoch[90/200] Val Loss: 1.2708, Val Acc: 82.46%
No improvement for 10 epoch(s).
Epoch[91/200] Train Loss: 0.0036, Train Acc: 99.91%
Epoch[91/200] Val Loss: 1.2806, Val Acc: 83.17%
No improvement for 11 epoch(s).
Epoch[92/200] Train Loss: 0.0033, Train Acc: 99.87%
Epoch[92/200] Val Loss: 1.2926, Val Acc: 82.77%
No improvement for 12 epoch(s).
Epoch[93/200] Train Loss: 0.0021, Train Acc: 99.91%
Epoch[93/200] Val Loss: 1.3230, Val Acc: 82.46%
No improvement for 13 epoch(s).
Epoch[94/200] Train Loss: 0.0027, Train Acc: 99.87%
Epoch[94/200] Val Loss: 1.2102, Val Acc: 83.79%
Validation accuracy improved (83.4821 -> 83.7946).
Saved checkpoint: /media/icnlab/Data/Thang/plan_dieases/context_moe/checkpoints/plantdoc/pretrain_weight/ghostnet/seed_42/run_20260511-125931/best_checkpoint.pth
Epoch[95/200] Train Loss: 0.0024, Train Acc: 99.91%
Epoch[95/200] Val Loss: 1.2577, Val Acc: 82.77%
No improvement for 1 epoch(s).
Epoch[96/200] Train Loss: 0.0029, Train Acc: 99.96%
Epoch[96/200] Val Loss: 1.2716, Val Acc: 83.17%
No improvement for 2 epoch(s).
Epoch[97/200] Train Loss: 0.0036, Train Acc: 99.83%
Epoch[97/200] Val Loss: 1.2814, Val Acc: 83.48%
No improvement for 3 epoch(s).
Epoch[98/200] Train Loss: 0.0038, Train Acc: 99.83%
Epoch[98/200] Val Loss: 1.2525, Val Acc: 83.79%
No improvement for 4 epoch(s).
Epoch[99/200] Train Loss: 0.0032, Train Acc: 99.91%
Epoch[99/200] Val Loss: 1.2860, Val Acc: 82.14%
No improvement for 5 epoch(s).
Epoch[100/200] Train Loss: 0.0076, Train Acc: 99.79%
Epoch[100/200] Val Loss: 1.3277, Val Acc: 82.46%
No improvement for 6 epoch(s).
Epoch[101/200] Train Loss: 0.0041, Train Acc: 99.83%
Epoch[101/200] Val Loss: 1.2981, Val Acc: 82.77%
No improvement for 7 epoch(s).
Epoch[102/200] Train Loss: 0.0054, Train Acc: 99.74%
Epoch[102/200] Val Loss: 1.2611, Val Acc: 82.46%
No improvement for 8 epoch(s).
Epoch[103/200] Train Loss: 0.0031, Train Acc: 99.78%
Epoch[103/200] Val Loss: 1.2845, Val Acc: 82.46%
No improvement for 9 epoch(s).
Epoch[104/200] Train Loss: 0.0068, Train Acc: 99.79%
Epoch[104/200] Val Loss: 1.2812, Val Acc: 82.46%
No improvement for 10 epoch(s).
Epoch[105/200] Train Loss: 0.0037, Train Acc: 99.74%
Epoch[105/200] Val Loss: 1.3011, Val Acc: 82.46%
No improvement for 11 epoch(s).
Epoch[106/200] Train Loss: 0.0028, Train Acc: 99.87%
Epoch[106/200] Val Loss: 1.2585, Val Acc: 81.83%
No improvement for 12 epoch(s).
Epoch[107/200] Train Loss: 0.0028, Train Acc: 99.87%
Epoch[107/200] Val Loss: 1.2464, Val Acc: 82.54%
No improvement for 13 epoch(s).
Epoch[108/200] Train Loss: 0.0028, Train Acc: 99.91%
Epoch[108/200] Val Loss: 1.2677, Val Acc: 82.77%
No improvement for 14 epoch(s).
Epoch[109/200] Train Loss: 0.0031, Train Acc: 99.87%
Epoch[109/200] Val Loss: 1.2360, Val Acc: 82.77%
No improvement for 15 epoch(s).
Epoch[110/200] Train Loss: 0.0024, Train Acc: 99.91%
Epoch[110/200] Val Loss: 1.2563, Val Acc: 82.77%
No improvement for 16 epoch(s).
Epoch[111/200] Train Loss: 0.0038, Train Acc: 99.91%
Epoch[111/200] Val Loss: 1.2645, Val Acc: 82.77%
No improvement for 17 epoch(s).
Epoch[112/200] Train Loss: 0.0034, Train Acc: 99.78%
Epoch[112/200] Val Loss: 1.2900, Val Acc: 82.77%
No improvement for 18 epoch(s).
Epoch[113/200] Train Loss: 0.0044, Train Acc: 99.83%
Epoch[113/200] Val Loss: 1.2953, Val Acc: 82.46%
No improvement for 19 epoch(s).
Epoch[114/200] Train Loss: 0.0023, Train Acc: 99.91%
Epoch[114/200] Val Loss: 1.2896, Val Acc: 82.54%
No improvement for 20 epoch(s).
Epoch[115/200] Train Loss: 0.0027, Train Acc: 99.87%
Epoch[115/200] Val Loss: 1.3056, Val Acc: 81.83%
No improvement for 21 epoch(s).
Epoch[116/200] Train Loss: 0.0023, Train Acc: 99.87%
Epoch[116/200] Val Loss: 1.2816, Val Acc: 82.14%
No improvement for 22 epoch(s).
Epoch[117/200] Train Loss: 0.0035, Train Acc: 99.78%
Epoch[117/200] Val Loss: 1.2836, Val Acc: 82.77%
No improvement for 23 epoch(s).
Epoch[118/200] Train Loss: 0.0048, Train Acc: 99.70%
Epoch[118/200] Val Loss: 1.2536, Val Acc: 82.77%
No improvement for 24 epoch(s).
Epoch[119/200] Train Loss: 0.0026, Train Acc: 99.91%
Epoch[119/200] Val Loss: 1.3017, Val Acc: 83.08%
No improvement for 25 epoch(s).
Epoch[120/200] Train Loss: 0.0025, Train Acc: 99.87%
Epoch[120/200] Val Loss: 1.2859, Val Acc: 82.46%
No improvement for 26 epoch(s).
Epoch[121/200] Train Loss: 0.0022, Train Acc: 99.91%
Epoch[121/200] Val Loss: 1.2388, Val Acc: 83.48%
No improvement for 27 epoch(s).
Epoch[122/200] Train Loss: 0.0024, Train Acc: 99.96%
Epoch[122/200] Val Loss: 1.2613, Val Acc: 82.77%
No improvement for 28 epoch(s).
Epoch[123/200] Train Loss: 0.0026, Train Acc: 99.91%
Epoch[123/200] Val Loss: 1.2746, Val Acc: 83.39%
No improvement for 29 epoch(s).
Epoch[124/200] Train Loss: 0.0027, Train Acc: 99.87%
Epoch[124/200] Val Loss: 1.2880, Val Acc: 82.77%
No improvement for 30 epoch(s).
Epoch[125/200] Train Loss: 0.0039, Train Acc: 99.78%
Epoch[125/200] Val Loss: 1.2459, Val Acc: 82.86%
No improvement for 31 epoch(s).
Epoch[126/200] Train Loss: 0.0036, Train Acc: 99.83%
Epoch[126/200] Val Loss: 1.2614, Val Acc: 82.46%
No improvement for 32 epoch(s).
Epoch[127/200] Train Loss: 0.0036, Train Acc: 99.74%
Epoch[127/200] Val Loss: 1.2881, Val Acc: 82.77%
No improvement for 33 epoch(s).
Epoch[128/200] Train Loss: 0.0021, Train Acc: 99.96%
Epoch[128/200] Val Loss: 1.2646, Val Acc: 82.46%
No improvement for 34 epoch(s).
Epoch[129/200] Train Loss: 0.0028, Train Acc: 99.83%
Epoch[129/200] Val Loss: 1.2390, Val Acc: 83.08%
No improvement for 35 epoch(s).
Epoch[130/200] Train Loss: 0.0024, Train Acc: 99.91%
Epoch[130/200] Val Loss: 1.2752, Val Acc: 82.77%
No improvement for 36 epoch(s).
Epoch[131/200] Train Loss: 0.0049, Train Acc: 99.78%
Epoch[131/200] Val Loss: 1.3006, Val Acc: 82.46%
No improvement for 37 epoch(s).
Epoch[132/200] Train Loss: 0.0035, Train Acc: 99.74%
Epoch[132/200] Val Loss: 1.2759, Val Acc: 82.46%
No improvement for 38 epoch(s).
Epoch[133/200] Train Loss: 0.0048, Train Acc: 99.83%
Epoch[133/200] Val Loss: 1.2652, Val Acc: 82.77%
No improvement for 39 epoch(s).
Epoch[134/200] Train Loss: 0.0031, Train Acc: 99.87%
Epoch[134/200] Val Loss: 1.2684, Val Acc: 82.77%
No improvement for 40 epoch(s).
Epoch[135/200] Train Loss: 0.0024, Train Acc: 99.91%
Epoch[135/200] Val Loss: 1.2733, Val Acc: 83.48%
No improvement for 41 epoch(s).
Epoch[136/200] Train Loss: 0.0031, Train Acc: 99.87%
Epoch[136/200] Val Loss: 1.2507, Val Acc: 83.17%
No improvement for 42 epoch(s).
Epoch[137/200] Train Loss: 0.0034, Train Acc: 99.83%
Epoch[137/200] Val Loss: 1.2764, Val Acc: 83.39%
No improvement for 43 epoch(s).
Epoch[138/200] Train Loss: 0.0036, Train Acc: 99.83%
Epoch[138/200] Val Loss: 1.2486, Val Acc: 82.46%
No improvement for 44 epoch(s).
Epoch[139/200] Train Loss: 0.0040, Train Acc: 99.83%
Epoch[139/200] Val Loss: 1.2712, Val Acc: 82.46%
No improvement for 45 epoch(s).
Epoch[140/200] Train Loss: 0.0032, Train Acc: 99.87%
Epoch[140/200] Val Loss: 1.2665, Val Acc: 82.46%
No improvement for 46 epoch(s).
Epoch[141/200] Train Loss: 0.0030, Train Acc: 99.74%
Epoch[141/200] Val Loss: 1.2747, Val Acc: 83.08%
No improvement for 47 epoch(s).
Epoch[142/200] Train Loss: 0.0023, Train Acc: 99.96%
Epoch[142/200] Val Loss: 1.2740, Val Acc: 83.39%
No improvement for 48 epoch(s).
Epoch[143/200] Train Loss: 0.0029, Train Acc: 99.87%
Epoch[143/200] Val Loss: 1.2639, Val Acc: 83.39%
No improvement for 49 epoch(s).
Epoch[144/200] Train Loss: 0.0036, Train Acc: 99.83%
Epoch[144/200] Val Loss: 1.2517, Val Acc: 82.77%
No improvement for 50 epoch(s).
Early stopping triggered. No improvement in validation acc for 50 epochs.
Saved checkpoint: /media/icnlab/Data/Thang/plan_dieases/context_moe/checkpoints/plantdoc/pretrain_weight/ghostnet/seed_42/run_20260511-125931/last_checkpoint.pth
Training finished. Best val acc: 83.7946 at epoch 94
Saved training plot to /media/icnlab/Data/Thang/plan_dieases/context_moe/checkpoints/plantdoc/pretrain_weight/ghostnet/seed_42/run_20260511-125931/loss_acc_plot.png
