Epoch[1/200] Train Loss: 1.4933, Train Acc: 47.69%
Epoch[1/200] Val Loss: 1.3011, Val Acc: 48.12%
Validation accuracy improved (-inf -> 48.1250).
Saved checkpoint: /media/icnlab/Data/Thang/plan_dieases/context_moe/checkpoints/plantdoc/pretrain_weight/ghostnet/seed_45/run_20260511-152901/best_checkpoint.pth
Epoch[2/200] Train Loss: 0.9494, Train Acc: 68.28%
Epoch[2/200] Val Loss: 1.2099, Val Acc: 63.62%
Validation accuracy improved (48.1250 -> 63.6161).
Saved checkpoint: /media/icnlab/Data/Thang/plan_dieases/context_moe/checkpoints/plantdoc/pretrain_weight/ghostnet/seed_45/run_20260511-152901/best_checkpoint.pth
Epoch[3/200] Train Loss: 0.7471, Train Acc: 75.01%
Epoch[3/200] Val Loss: 1.1505, Val Acc: 63.30%
No improvement for 1 epoch(s).
Epoch[4/200] Train Loss: 0.5935, Train Acc: 79.80%
Epoch[4/200] Val Loss: 1.0776, Val Acc: 65.22%
Validation accuracy improved (63.6161 -> 65.2232).
Saved checkpoint: /media/icnlab/Data/Thang/plan_dieases/context_moe/checkpoints/plantdoc/pretrain_weight/ghostnet/seed_45/run_20260511-152901/best_checkpoint.pth
Epoch[5/200] Train Loss: 0.5494, Train Acc: 81.12%
Epoch[5/200] Val Loss: 0.9597, Val Acc: 72.59%
Validation accuracy improved (65.2232 -> 72.5893).
Saved checkpoint: /media/icnlab/Data/Thang/plan_dieases/context_moe/checkpoints/plantdoc/pretrain_weight/ghostnet/seed_45/run_20260511-152901/best_checkpoint.pth
Epoch[6/200] Train Loss: 0.4222, Train Acc: 84.84%
Epoch[6/200] Val Loss: 1.1376, Val Acc: 68.84%
No improvement for 1 epoch(s).
Epoch[7/200] Train Loss: 0.3749, Train Acc: 86.52%
Epoch[7/200] Val Loss: 1.0392, Val Acc: 72.28%
No improvement for 2 epoch(s).
Epoch[8/200] Train Loss: 0.2935, Train Acc: 90.35%
Epoch[8/200] Val Loss: 1.0190, Val Acc: 76.74%
Validation accuracy improved (72.5893 -> 76.7411).
Saved checkpoint: /media/icnlab/Data/Thang/plan_dieases/context_moe/checkpoints/plantdoc/pretrain_weight/ghostnet/seed_45/run_20260511-152901/best_checkpoint.pth
Epoch[9/200] Train Loss: 0.3146, Train Acc: 88.35%
Epoch[9/200] Val Loss: 1.0999, Val Acc: 75.31%
No improvement for 1 epoch(s).
Epoch[10/200] Train Loss: 0.2501, Train Acc: 90.87%
Epoch[10/200] Val Loss: 0.9751, Val Acc: 74.69%
No improvement for 2 epoch(s).
Epoch[11/200] Train Loss: 0.2676, Train Acc: 90.90%
Epoch[11/200] Val Loss: 1.1907, Val Acc: 72.50%
No improvement for 3 epoch(s).
Epoch[12/200] Train Loss: 0.2167, Train Acc: 92.56%
Epoch[12/200] Val Loss: 1.0856, Val Acc: 75.71%
No improvement for 4 epoch(s).
Epoch[13/200] Train Loss: 0.1682, Train Acc: 93.88%
Epoch[13/200] Val Loss: 1.2129, Val Acc: 76.03%
No improvement for 5 epoch(s).
Epoch[14/200] Train Loss: 0.1439, Train Acc: 95.06%
Epoch[14/200] Val Loss: 1.3199, Val Acc: 76.83%
Validation accuracy improved (76.7411 -> 76.8304).
Saved checkpoint: /media/icnlab/Data/Thang/plan_dieases/context_moe/checkpoints/plantdoc/pretrain_weight/ghostnet/seed_45/run_20260511-152901/best_checkpoint.pth
Epoch[15/200] Train Loss: 0.1470, Train Acc: 94.17%
Epoch[15/200] Val Loss: 1.0607, Val Acc: 79.87%
Validation accuracy improved (76.8304 -> 79.8661).
Saved checkpoint: /media/icnlab/Data/Thang/plan_dieases/context_moe/checkpoints/plantdoc/pretrain_weight/ghostnet/seed_45/run_20260511-152901/best_checkpoint.pth
Epoch[16/200] Train Loss: 0.1788, Train Acc: 94.41%
Epoch[16/200] Val Loss: 1.1634, Val Acc: 74.38%
No improvement for 1 epoch(s).
Epoch[17/200] Train Loss: 0.1421, Train Acc: 93.92%
Epoch[17/200] Val Loss: 1.4161, Val Acc: 77.68%
No improvement for 2 epoch(s).
Epoch[18/200] Train Loss: 0.1462, Train Acc: 95.33%
Epoch[18/200] Val Loss: 1.6048, Val Acc: 76.03%
No improvement for 3 epoch(s).
Epoch[19/200] Train Loss: 0.1807, Train Acc: 94.32%
Epoch[19/200] Val Loss: 1.4525, Val Acc: 76.65%
No improvement for 4 epoch(s).
Epoch[20/200] Train Loss: 0.1223, Train Acc: 95.59%
Epoch[20/200] Val Loss: 1.1287, Val Acc: 80.58%
Validation accuracy improved (79.8661 -> 80.5804).
Saved checkpoint: /media/icnlab/Data/Thang/plan_dieases/context_moe/checkpoints/plantdoc/pretrain_weight/ghostnet/seed_45/run_20260511-152901/best_checkpoint.pth
Epoch[21/200] Train Loss: 0.1144, Train Acc: 96.01%
Epoch[21/200] Val Loss: 1.3607, Val Acc: 78.39%
No improvement for 1 epoch(s).
Epoch[22/200] Train Loss: 0.1190, Train Acc: 95.85%
Epoch[22/200] Val Loss: 1.3952, Val Acc: 76.34%
No improvement for 2 epoch(s).
Epoch[23/200] Train Loss: 0.1066, Train Acc: 95.80%
Epoch[23/200] Val Loss: 1.3246, Val Acc: 75.49%
No improvement for 3 epoch(s).
Epoch[24/200] Train Loss: 0.0995, Train Acc: 96.45%
Epoch[24/200] Val Loss: 1.3821, Val Acc: 79.55%
No improvement for 4 epoch(s).
Epoch[25/200] Train Loss: 0.0955, Train Acc: 96.80%
Epoch[25/200] Val Loss: 1.2370, Val Acc: 80.18%
No improvement for 5 epoch(s).
Epoch[26/200] Train Loss: 0.0871, Train Acc: 96.88%
Epoch[26/200] Val Loss: 1.1275, Val Acc: 80.89%
Validation accuracy improved (80.5804 -> 80.8929).
Saved checkpoint: /media/icnlab/Data/Thang/plan_dieases/context_moe/checkpoints/plantdoc/pretrain_weight/ghostnet/seed_45/run_20260511-152901/best_checkpoint.pth
Epoch[27/200] Train Loss: 0.0805, Train Acc: 97.27%
Epoch[27/200] Val Loss: 1.1465, Val Acc: 77.50%
No improvement for 1 epoch(s).
Epoch[28/200] Train Loss: 0.0752, Train Acc: 97.18%
Epoch[28/200] Val Loss: 1.2155, Val Acc: 81.12%
Validation accuracy improved (80.8929 -> 81.1161).
Saved checkpoint: /media/icnlab/Data/Thang/plan_dieases/context_moe/checkpoints/plantdoc/pretrain_weight/ghostnet/seed_45/run_20260511-152901/best_checkpoint.pth
Epoch[29/200] Train Loss: 0.0779, Train Acc: 97.01%
Epoch[29/200] Val Loss: 1.5157, Val Acc: 79.42%
No improvement for 1 epoch(s).
Epoch[30/200] Train Loss: 0.0940, Train Acc: 97.09%
Epoch[30/200] Val Loss: 1.5737, Val Acc: 79.15%
No improvement for 2 epoch(s).
Epoch[31/200] Train Loss: 0.0717, Train Acc: 97.71%
Epoch[31/200] Val Loss: 1.6066, Val Acc: 77.41%
No improvement for 3 epoch(s).
Epoch[32/200] Train Loss: 0.1003, Train Acc: 96.50%
Epoch[32/200] Val Loss: 1.4509, Val Acc: 78.93%
No improvement for 4 epoch(s).
Epoch[33/200] Train Loss: 0.1100, Train Acc: 96.02%
Epoch[33/200] Val Loss: 1.1581, Val Acc: 80.27%
No improvement for 5 epoch(s).
Epoch[34/200] Train Loss: 0.0992, Train Acc: 96.92%
Epoch[34/200] Val Loss: 1.4189, Val Acc: 78.62%
No improvement for 6 epoch(s).
Epoch[35/200] Train Loss: 0.0970, Train Acc: 97.32%
Epoch[35/200] Val Loss: 1.3052, Val Acc: 79.11%
No improvement for 7 epoch(s).
Epoch[36/200] Train Loss: 0.0808, Train Acc: 97.71%
Epoch[36/200] Val Loss: 1.3114, Val Acc: 80.09%
No improvement for 8 epoch(s).
Epoch[37/200] Train Loss: 0.0760, Train Acc: 97.70%
Epoch[37/200] Val Loss: 1.4699, Val Acc: 75.62%
No improvement for 9 epoch(s).
Epoch[38/200] Train Loss: 0.0834, Train Acc: 97.40%
Epoch[38/200] Val Loss: 1.4046, Val Acc: 79.64%
No improvement for 10 epoch(s).
Epoch[39/200] Train Loss: 0.1401, Train Acc: 94.58%
Epoch[39/200] Val Loss: 1.0736, Val Acc: 75.18%
No improvement for 11 epoch(s).
Epoch[40/200] Train Loss: 0.0689, Train Acc: 97.48%
Epoch[40/200] Val Loss: 1.2229, Val Acc: 81.12%
No improvement for 12 epoch(s).
Epoch[41/200] Train Loss: 0.0361, Train Acc: 98.83%
Epoch[41/200] Val Loss: 1.3247, Val Acc: 80.58%
No improvement for 13 epoch(s).
Epoch[42/200] Train Loss: 0.0144, Train Acc: 99.61%
Epoch[42/200] Val Loss: 1.4115, Val Acc: 82.46%
Validation accuracy improved (81.1161 -> 82.4554).
Saved checkpoint: /media/icnlab/Data/Thang/plan_dieases/context_moe/checkpoints/plantdoc/pretrain_weight/ghostnet/seed_45/run_20260511-152901/best_checkpoint.pth
Epoch[43/200] Train Loss: 0.0138, Train Acc: 99.61%
Epoch[43/200] Val Loss: 1.3251, Val Acc: 81.21%
No improvement for 1 epoch(s).
Epoch[44/200] Train Loss: 0.0121, Train Acc: 99.65%
Epoch[44/200] Val Loss: 1.3567, Val Acc: 82.54%
Validation accuracy improved (82.4554 -> 82.5446).
Saved checkpoint: /media/icnlab/Data/Thang/plan_dieases/context_moe/checkpoints/plantdoc/pretrain_weight/ghostnet/seed_45/run_20260511-152901/best_checkpoint.pth
Epoch[45/200] Train Loss: 0.0143, Train Acc: 99.70%
Epoch[45/200] Val Loss: 1.3736, Val Acc: 80.89%
No improvement for 1 epoch(s).
Epoch[46/200] Train Loss: 0.0191, Train Acc: 99.31%
Epoch[46/200] Val Loss: 1.3788, Val Acc: 79.64%
No improvement for 2 epoch(s).
Epoch[47/200] Train Loss: 0.0131, Train Acc: 99.44%
Epoch[47/200] Val Loss: 1.3877, Val Acc: 80.58%
No improvement for 3 epoch(s).
Epoch[48/200] Train Loss: 0.0181, Train Acc: 99.18%
Epoch[48/200] Val Loss: 1.4494, Val Acc: 81.21%
No improvement for 4 epoch(s).
Epoch[49/200] Train Loss: 0.0184, Train Acc: 99.44%
Epoch[49/200] Val Loss: 1.4913, Val Acc: 80.58%
No improvement for 5 epoch(s).
Epoch[50/200] Train Loss: 0.0121, Train Acc: 99.48%
Epoch[50/200] Val Loss: 1.4836, Val Acc: 80.18%
No improvement for 6 epoch(s).
Epoch[51/200] Train Loss: 0.0143, Train Acc: 99.39%
Epoch[51/200] Val Loss: 1.4793, Val Acc: 81.83%
No improvement for 7 epoch(s).
Epoch[52/200] Train Loss: 0.0159, Train Acc: 99.48%
Epoch[52/200] Val Loss: 1.4883, Val Acc: 81.21%
No improvement for 8 epoch(s).
Epoch[53/200] Train Loss: 0.0093, Train Acc: 99.57%
Epoch[53/200] Val Loss: 1.5083, Val Acc: 79.24%
No improvement for 9 epoch(s).
Epoch[54/200] Train Loss: 0.0201, Train Acc: 99.40%
Epoch[54/200] Val Loss: 1.5139, Val Acc: 81.43%
No improvement for 10 epoch(s).
Epoch[55/200] Train Loss: 0.0134, Train Acc: 99.44%
Epoch[55/200] Val Loss: 1.5773, Val Acc: 81.43%
No improvement for 11 epoch(s).
Epoch[56/200] Train Loss: 0.0089, Train Acc: 99.65%
Epoch[56/200] Val Loss: 1.5508, Val Acc: 80.80%
No improvement for 12 epoch(s).
Epoch[57/200] Train Loss: 0.0077, Train Acc: 99.74%
Epoch[57/200] Val Loss: 1.5182, Val Acc: 80.80%
No improvement for 13 epoch(s).
Epoch[58/200] Train Loss: 0.0134, Train Acc: 99.27%
Epoch[58/200] Val Loss: 1.5392, Val Acc: 81.12%
No improvement for 14 epoch(s).
Epoch[59/200] Train Loss: 0.0077, Train Acc: 99.62%
Epoch[59/200] Val Loss: 1.5564, Val Acc: 80.80%
No improvement for 15 epoch(s).
Epoch[60/200] Train Loss: 0.0055, Train Acc: 99.83%
Epoch[60/200] Val Loss: 1.5498, Val Acc: 81.12%
No improvement for 16 epoch(s).
Epoch[61/200] Train Loss: 0.0054, Train Acc: 99.83%
Epoch[61/200] Val Loss: 1.5376, Val Acc: 81.43%
No improvement for 17 epoch(s).
Epoch[62/200] Train Loss: 0.0051, Train Acc: 99.78%
Epoch[62/200] Val Loss: 1.5739, Val Acc: 81.74%
No improvement for 18 epoch(s).
Epoch[63/200] Train Loss: 0.0068, Train Acc: 99.83%
Epoch[63/200] Val Loss: 1.5781, Val Acc: 82.14%
No improvement for 19 epoch(s).
Epoch[64/200] Train Loss: 0.0053, Train Acc: 99.83%
Epoch[64/200] Val Loss: 1.5501, Val Acc: 81.21%
No improvement for 20 epoch(s).
Epoch[65/200] Train Loss: 0.0033, Train Acc: 99.87%
Epoch[65/200] Val Loss: 1.5828, Val Acc: 80.89%
No improvement for 21 epoch(s).
Epoch[66/200] Train Loss: 0.0041, Train Acc: 99.87%
Epoch[66/200] Val Loss: 1.5635, Val Acc: 80.58%
No improvement for 22 epoch(s).
Epoch[67/200] Train Loss: 0.0033, Train Acc: 99.83%
Epoch[67/200] Val Loss: 1.5583, Val Acc: 82.14%
No improvement for 23 epoch(s).
Epoch[68/200] Train Loss: 0.0066, Train Acc: 99.70%
Epoch[68/200] Val Loss: 1.5874, Val Acc: 81.83%
No improvement for 24 epoch(s).
Epoch[69/200] Train Loss: 0.0062, Train Acc: 99.74%
Epoch[69/200] Val Loss: 1.5533, Val Acc: 81.52%
No improvement for 25 epoch(s).
Epoch[70/200] Train Loss: 0.0064, Train Acc: 99.78%
Epoch[70/200] Val Loss: 1.5728, Val Acc: 81.52%
No improvement for 26 epoch(s).
Epoch[71/200] Train Loss: 0.0034, Train Acc: 99.83%
Epoch[71/200] Val Loss: 1.5822, Val Acc: 81.21%
No improvement for 27 epoch(s).
Epoch[72/200] Train Loss: 0.0030, Train Acc: 99.96%
Epoch[72/200] Val Loss: 1.5633, Val Acc: 81.83%
No improvement for 28 epoch(s).
Epoch[73/200] Train Loss: 0.0061, Train Acc: 99.78%
Epoch[73/200] Val Loss: 1.5111, Val Acc: 81.52%
No improvement for 29 epoch(s).
Epoch[74/200] Train Loss: 0.0066, Train Acc: 99.74%
Epoch[74/200] Val Loss: 1.5555, Val Acc: 81.21%
No improvement for 30 epoch(s).
Epoch[75/200] Train Loss: 0.0038, Train Acc: 99.83%
Epoch[75/200] Val Loss: 1.5634, Val Acc: 80.89%
No improvement for 31 epoch(s).
Epoch[76/200] Train Loss: 0.0048, Train Acc: 99.78%
Epoch[76/200] Val Loss: 1.5592, Val Acc: 81.21%
No improvement for 32 epoch(s).
Epoch[77/200] Train Loss: 0.0040, Train Acc: 99.83%
Epoch[77/200] Val Loss: 1.5313, Val Acc: 81.83%
No improvement for 33 epoch(s).
Epoch[78/200] Train Loss: 0.0066, Train Acc: 99.65%
Epoch[78/200] Val Loss: 1.5584, Val Acc: 80.89%
No improvement for 34 epoch(s).
Epoch[79/200] Train Loss: 0.0049, Train Acc: 99.83%
Epoch[79/200] Val Loss: 1.5827, Val Acc: 80.58%
No improvement for 35 epoch(s).
Epoch[80/200] Train Loss: 0.0029, Train Acc: 99.83%
Epoch[80/200] Val Loss: 1.5699, Val Acc: 81.21%
No improvement for 36 epoch(s).
Epoch[81/200] Train Loss: 0.0052, Train Acc: 99.78%
Epoch[81/200] Val Loss: 1.5311, Val Acc: 81.52%
No improvement for 37 epoch(s).
Epoch[82/200] Train Loss: 0.0023, Train Acc: 99.96%
Epoch[82/200] Val Loss: 1.5735, Val Acc: 80.89%
No improvement for 38 epoch(s).
Epoch[83/200] Train Loss: 0.0029, Train Acc: 99.87%
Epoch[83/200] Val Loss: 1.5370, Val Acc: 81.21%
No improvement for 39 epoch(s).
Epoch[84/200] Train Loss: 0.0031, Train Acc: 99.83%
Epoch[84/200] Val Loss: 1.5701, Val Acc: 81.21%
No improvement for 40 epoch(s).
Epoch[85/200] Train Loss: 0.0048, Train Acc: 99.74%
Epoch[85/200] Val Loss: 1.5940, Val Acc: 80.89%
No improvement for 41 epoch(s).
Epoch[86/200] Train Loss: 0.0038, Train Acc: 99.87%
Epoch[86/200] Val Loss: 1.5899, Val Acc: 81.83%
No improvement for 42 epoch(s).
Epoch[87/200] Train Loss: 0.0028, Train Acc: 99.91%
Epoch[87/200] Val Loss: 1.6077, Val Acc: 80.58%
No improvement for 43 epoch(s).
Epoch[88/200] Train Loss: 0.0034, Train Acc: 99.74%
Epoch[88/200] Val Loss: 1.6036, Val Acc: 80.27%
No improvement for 44 epoch(s).
Epoch[89/200] Train Loss: 0.0024, Train Acc: 99.87%
Epoch[89/200] Val Loss: 1.5838, Val Acc: 80.58%
No improvement for 45 epoch(s).
Epoch[90/200] Train Loss: 0.0029, Train Acc: 99.83%
Epoch[90/200] Val Loss: 1.6372, Val Acc: 80.58%
No improvement for 46 epoch(s).
Epoch[91/200] Train Loss: 0.0029, Train Acc: 99.83%
Epoch[91/200] Val Loss: 1.5903, Val Acc: 80.89%
No improvement for 47 epoch(s).
Epoch[92/200] Train Loss: 0.0029, Train Acc: 99.87%
Epoch[92/200] Val Loss: 1.5480, Val Acc: 80.89%
No improvement for 48 epoch(s).
Epoch[93/200] Train Loss: 0.0041, Train Acc: 99.78%
Epoch[93/200] Val Loss: 1.5935, Val Acc: 80.58%
No improvement for 49 epoch(s).
Epoch[94/200] Train Loss: 0.0070, Train Acc: 99.70%
Epoch[94/200] Val Loss: 1.5381, Val Acc: 80.27%
No improvement for 50 epoch(s).
Early stopping triggered. No improvement in validation acc for 50 epochs.
Saved checkpoint: /media/icnlab/Data/Thang/plan_dieases/context_moe/checkpoints/plantdoc/pretrain_weight/ghostnet/seed_45/run_20260511-152901/last_checkpoint.pth
Training finished. Best val acc: 82.5446 at epoch 44
Saved training plot to /media/icnlab/Data/Thang/plan_dieases/context_moe/checkpoints/plantdoc/pretrain_weight/ghostnet/seed_45/run_20260511-152901/loss_acc_plot.png
