Epoch[1/200] Train Loss: 1.3757, Train Acc: 52.43%
Epoch[1/200] Val Loss: 1.3352, Val Acc: 61.76%
Validation accuracy improved (-inf -> 61.7560).
Saved checkpoint: /media/icnlab/Data/Thang/plan_dieases/context_moe/checkpoints/plantdoc/pretrain_weight/efficientnetb0/seed_46/run_20260511-111347/best_checkpoint.pth
Epoch[2/200] Train Loss: 1.0704, Train Acc: 64.06%
Epoch[2/200] Val Loss: 1.2056, Val Acc: 64.04%
Validation accuracy improved (61.7560 -> 64.0377).
Saved checkpoint: /media/icnlab/Data/Thang/plan_dieases/context_moe/checkpoints/plantdoc/pretrain_weight/efficientnetb0/seed_46/run_20260511-111347/best_checkpoint.pth
Epoch[3/200] Train Loss: 0.9051, Train Acc: 68.97%
Epoch[3/200] Val Loss: 1.3289, Val Acc: 62.15%
No improvement for 1 epoch(s).
Epoch[4/200] Train Loss: 0.8057, Train Acc: 71.22%
Epoch[4/200] Val Loss: 1.2439, Val Acc: 63.05%
No improvement for 2 epoch(s).
Epoch[5/200] Train Loss: 0.7658, Train Acc: 74.61%
Epoch[5/200] Val Loss: 1.0796, Val Acc: 67.71%
Validation accuracy improved (64.0377 -> 67.7083).
Saved checkpoint: /media/icnlab/Data/Thang/plan_dieases/context_moe/checkpoints/plantdoc/pretrain_weight/efficientnetb0/seed_46/run_20260511-111347/best_checkpoint.pth
Epoch[6/200] Train Loss: 0.6501, Train Acc: 77.99%
Epoch[6/200] Val Loss: 0.9840, Val Acc: 65.77%
No improvement for 1 epoch(s).
Epoch[7/200] Train Loss: 0.5939, Train Acc: 79.43%
Epoch[7/200] Val Loss: 0.9019, Val Acc: 71.03%
Validation accuracy improved (67.7083 -> 71.0317).
Saved checkpoint: /media/icnlab/Data/Thang/plan_dieases/context_moe/checkpoints/plantdoc/pretrain_weight/efficientnetb0/seed_46/run_20260511-111347/best_checkpoint.pth
Epoch[8/200] Train Loss: 0.5386, Train Acc: 80.64%
Epoch[8/200] Val Loss: 0.9754, Val Acc: 72.92%
Validation accuracy improved (71.0317 -> 72.9167).
Saved checkpoint: /media/icnlab/Data/Thang/plan_dieases/context_moe/checkpoints/plantdoc/pretrain_weight/efficientnetb0/seed_46/run_20260511-111347/best_checkpoint.pth
Epoch[9/200] Train Loss: 0.5129, Train Acc: 80.99%
Epoch[9/200] Val Loss: 0.9965, Val Acc: 74.65%
Validation accuracy improved (72.9167 -> 74.6528).
Saved checkpoint: /media/icnlab/Data/Thang/plan_dieases/context_moe/checkpoints/plantdoc/pretrain_weight/efficientnetb0/seed_46/run_20260511-111347/best_checkpoint.pth
Epoch[10/200] Train Loss: 0.4752, Train Acc: 82.34%
Epoch[10/200] Val Loss: 1.0829, Val Acc: 71.92%
No improvement for 1 epoch(s).
Epoch[11/200] Train Loss: 0.5058, Train Acc: 82.42%
Epoch[11/200] Val Loss: 1.2519, Val Acc: 66.96%
No improvement for 2 epoch(s).
Epoch[12/200] Train Loss: 0.4635, Train Acc: 84.16%
Epoch[12/200] Val Loss: 0.9574, Val Acc: 75.35%
Validation accuracy improved (74.6528 -> 75.3472).
Saved checkpoint: /media/icnlab/Data/Thang/plan_dieases/context_moe/checkpoints/plantdoc/pretrain_weight/efficientnetb0/seed_46/run_20260511-111347/best_checkpoint.pth
Epoch[13/200] Train Loss: 0.3883, Train Acc: 86.50%
Epoch[13/200] Val Loss: 0.8677, Val Acc: 74.36%
No improvement for 1 epoch(s).
Epoch[14/200] Train Loss: 0.4452, Train Acc: 85.59%
Epoch[14/200] Val Loss: 1.0090, Val Acc: 77.93%
Validation accuracy improved (75.3472 -> 77.9266).
Saved checkpoint: /media/icnlab/Data/Thang/plan_dieases/context_moe/checkpoints/plantdoc/pretrain_weight/efficientnetb0/seed_46/run_20260511-111347/best_checkpoint.pth
Epoch[15/200] Train Loss: 0.3325, Train Acc: 88.63%
Epoch[15/200] Val Loss: 0.9170, Val Acc: 80.01%
Validation accuracy improved (77.9266 -> 80.0099).
Saved checkpoint: /media/icnlab/Data/Thang/plan_dieases/context_moe/checkpoints/plantdoc/pretrain_weight/efficientnetb0/seed_46/run_20260511-111347/best_checkpoint.pth
Epoch[16/200] Train Loss: 0.3184, Train Acc: 88.89%
Epoch[16/200] Val Loss: 1.1954, Val Acc: 74.36%
No improvement for 1 epoch(s).
Epoch[17/200] Train Loss: 0.3345, Train Acc: 88.02%
Epoch[17/200] Val Loss: 1.0690, Val Acc: 73.16%
No improvement for 2 epoch(s).
Epoch[18/200] Train Loss: 0.3201, Train Acc: 89.54%
Epoch[18/200] Val Loss: 0.9178, Val Acc: 76.84%
No improvement for 3 epoch(s).
Epoch[19/200] Train Loss: 0.3140, Train Acc: 89.24%
Epoch[19/200] Val Loss: 1.7558, Val Acc: 67.66%
No improvement for 4 epoch(s).
Epoch[20/200] Train Loss: 0.3069, Train Acc: 90.45%
Epoch[20/200] Val Loss: 0.8651, Val Acc: 77.18%
No improvement for 5 epoch(s).
Epoch[21/200] Train Loss: 0.2840, Train Acc: 90.32%
Epoch[21/200] Val Loss: 0.9781, Val Acc: 77.93%
No improvement for 6 epoch(s).
Epoch[22/200] Train Loss: 0.2565, Train Acc: 90.67%
Epoch[22/200] Val Loss: 0.9915, Val Acc: 79.91%
No improvement for 7 epoch(s).
Epoch[23/200] Train Loss: 0.2200, Train Acc: 91.67%
Epoch[23/200] Val Loss: 1.0735, Val Acc: 79.66%
No improvement for 8 epoch(s).
Epoch[24/200] Train Loss: 0.2180, Train Acc: 92.06%
Epoch[24/200] Val Loss: 1.1487, Val Acc: 76.19%
No improvement for 9 epoch(s).
Epoch[25/200] Train Loss: 0.1858, Train Acc: 93.62%
Epoch[25/200] Val Loss: 1.2610, Val Acc: 71.63%
No improvement for 10 epoch(s).
Epoch[26/200] Train Loss: 0.1999, Train Acc: 93.49%
Epoch[26/200] Val Loss: 0.9106, Val Acc: 76.84%
No improvement for 11 epoch(s).
Epoch[27/200] Train Loss: 0.1191, Train Acc: 95.75%
Epoch[27/200] Val Loss: 0.8854, Val Acc: 79.61%
No improvement for 12 epoch(s).
Epoch[28/200] Train Loss: 0.1075, Train Acc: 95.96%
Epoch[28/200] Val Loss: 1.0394, Val Acc: 79.66%
No improvement for 13 epoch(s).
Epoch[29/200] Train Loss: 0.1141, Train Acc: 95.83%
Epoch[29/200] Val Loss: 0.9089, Val Acc: 80.01%
No improvement for 14 epoch(s).
Epoch[30/200] Train Loss: 0.0960, Train Acc: 96.66%
Epoch[30/200] Val Loss: 1.0083, Val Acc: 79.32%
No improvement for 15 epoch(s).
Epoch[31/200] Train Loss: 0.1326, Train Acc: 96.66%
Epoch[31/200] Val Loss: 1.0282, Val Acc: 79.32%
No improvement for 16 epoch(s).
Epoch[32/200] Train Loss: 0.1111, Train Acc: 95.62%
Epoch[32/200] Val Loss: 0.9588, Val Acc: 80.70%
Validation accuracy improved (80.0099 -> 80.7044).
Saved checkpoint: /media/icnlab/Data/Thang/plan_dieases/context_moe/checkpoints/plantdoc/pretrain_weight/efficientnetb0/seed_46/run_20260511-111347/best_checkpoint.pth
Epoch[33/200] Train Loss: 0.1220, Train Acc: 95.23%
Epoch[33/200] Val Loss: 0.9895, Val Acc: 80.65%
No improvement for 1 epoch(s).
Epoch[34/200] Train Loss: 0.1164, Train Acc: 96.31%
Epoch[34/200] Val Loss: 0.9716, Val Acc: 78.17%
No improvement for 2 epoch(s).
Epoch[35/200] Train Loss: 0.1322, Train Acc: 94.53%
Epoch[35/200] Val Loss: 1.3365, Val Acc: 76.39%
No improvement for 3 epoch(s).
Epoch[36/200] Train Loss: 0.1108, Train Acc: 95.70%
Epoch[36/200] Val Loss: 0.9591, Val Acc: 80.36%
No improvement for 4 epoch(s).
Epoch[37/200] Train Loss: 0.1075, Train Acc: 96.27%
Epoch[37/200] Val Loss: 0.9206, Val Acc: 81.10%
Validation accuracy improved (80.7044 -> 81.1012).
Saved checkpoint: /media/icnlab/Data/Thang/plan_dieases/context_moe/checkpoints/plantdoc/pretrain_weight/efficientnetb0/seed_46/run_20260511-111347/best_checkpoint.pth
Epoch[38/200] Train Loss: 0.1122, Train Acc: 96.31%
Epoch[38/200] Val Loss: 0.9969, Val Acc: 77.93%
No improvement for 1 epoch(s).
Epoch[39/200] Train Loss: 0.1158, Train Acc: 95.92%
Epoch[39/200] Val Loss: 0.9265, Val Acc: 82.79%
Validation accuracy improved (81.1012 -> 82.7877).
Saved checkpoint: /media/icnlab/Data/Thang/plan_dieases/context_moe/checkpoints/plantdoc/pretrain_weight/efficientnetb0/seed_46/run_20260511-111347/best_checkpoint.pth
Epoch[40/200] Train Loss: 0.1228, Train Acc: 95.83%
Epoch[40/200] Val Loss: 0.9822, Val Acc: 77.63%
No improvement for 1 epoch(s).
Epoch[41/200] Train Loss: 0.1536, Train Acc: 95.31%
Epoch[41/200] Val Loss: 0.9825, Val Acc: 78.97%
No improvement for 2 epoch(s).
Epoch[42/200] Train Loss: 0.2014, Train Acc: 94.66%
Epoch[42/200] Val Loss: 0.9920, Val Acc: 78.27%
No improvement for 3 epoch(s).
Epoch[43/200] Train Loss: 0.1035, Train Acc: 96.35%
Epoch[43/200] Val Loss: 1.0427, Val Acc: 79.66%
No improvement for 4 epoch(s).
Epoch[44/200] Train Loss: 0.0862, Train Acc: 97.01%
Epoch[44/200] Val Loss: 1.0827, Val Acc: 78.87%
No improvement for 5 epoch(s).
Epoch[45/200] Train Loss: 0.1135, Train Acc: 96.09%
Epoch[45/200] Val Loss: 1.1542, Val Acc: 77.63%
No improvement for 6 epoch(s).
Epoch[46/200] Train Loss: 0.1184, Train Acc: 96.61%
Epoch[46/200] Val Loss: 1.1184, Val Acc: 76.93%
No improvement for 7 epoch(s).
Epoch[47/200] Train Loss: 0.0747, Train Acc: 97.70%
Epoch[47/200] Val Loss: 1.0433, Val Acc: 78.27%
No improvement for 8 epoch(s).
Epoch[48/200] Train Loss: 0.0500, Train Acc: 98.35%
Epoch[48/200] Val Loss: 0.9819, Val Acc: 81.80%
No improvement for 9 epoch(s).
Epoch[49/200] Train Loss: 0.0819, Train Acc: 97.61%
Epoch[49/200] Val Loss: 0.9718, Val Acc: 81.05%
No improvement for 10 epoch(s).
Epoch[50/200] Train Loss: 0.1418, Train Acc: 96.48%
Epoch[50/200] Val Loss: 0.9647, Val Acc: 80.06%
No improvement for 11 epoch(s).
Epoch[51/200] Train Loss: 0.0705, Train Acc: 97.74%
Epoch[51/200] Val Loss: 1.0261, Val Acc: 79.22%
No improvement for 12 epoch(s).
Epoch[52/200] Train Loss: 0.0382, Train Acc: 98.91%
Epoch[52/200] Val Loss: 0.8696, Val Acc: 82.14%
No improvement for 13 epoch(s).
Epoch[53/200] Train Loss: 0.0407, Train Acc: 98.52%
Epoch[53/200] Val Loss: 0.8734, Val Acc: 81.80%
No improvement for 14 epoch(s).
Epoch[54/200] Train Loss: 0.0653, Train Acc: 98.48%
Epoch[54/200] Val Loss: 0.9198, Val Acc: 83.88%
Validation accuracy improved (82.7877 -> 83.8790).
Saved checkpoint: /media/icnlab/Data/Thang/plan_dieases/context_moe/checkpoints/plantdoc/pretrain_weight/efficientnetb0/seed_46/run_20260511-111347/best_checkpoint.pth
Epoch[55/200] Train Loss: 0.0522, Train Acc: 98.18%
Epoch[55/200] Val Loss: 0.9097, Val Acc: 82.44%
No improvement for 1 epoch(s).
Epoch[56/200] Train Loss: 0.0574, Train Acc: 98.13%
Epoch[56/200] Val Loss: 0.9544, Val Acc: 83.13%
No improvement for 2 epoch(s).
Epoch[57/200] Train Loss: 0.0727, Train Acc: 97.92%
Epoch[57/200] Val Loss: 0.8506, Val Acc: 82.39%
No improvement for 3 epoch(s).
Epoch[58/200] Train Loss: 0.0342, Train Acc: 98.74%
Epoch[58/200] Val Loss: 0.9070, Val Acc: 83.09%
No improvement for 4 epoch(s).
Epoch[59/200] Train Loss: 0.0747, Train Acc: 98.44%
Epoch[59/200] Val Loss: 0.9628, Val Acc: 83.78%
No improvement for 5 epoch(s).
Epoch[60/200] Train Loss: 0.0377, Train Acc: 98.96%
Epoch[60/200] Val Loss: 1.0263, Val Acc: 83.83%
No improvement for 6 epoch(s).
Epoch[61/200] Train Loss: 0.0387, Train Acc: 98.44%
Epoch[61/200] Val Loss: 1.0089, Val Acc: 83.78%
No improvement for 7 epoch(s).
Epoch[62/200] Train Loss: 0.0237, Train Acc: 99.31%
Epoch[62/200] Val Loss: 0.9663, Val Acc: 82.79%
No improvement for 8 epoch(s).
Epoch[63/200] Train Loss: 0.0254, Train Acc: 99.05%
Epoch[63/200] Val Loss: 0.9581, Val Acc: 83.43%
No improvement for 9 epoch(s).
Epoch[64/200] Train Loss: 0.0352, Train Acc: 98.48%
Epoch[64/200] Val Loss: 0.9337, Val Acc: 82.09%
No improvement for 10 epoch(s).
Epoch[65/200] Train Loss: 0.0794, Train Acc: 97.66%
Epoch[65/200] Val Loss: 0.9583, Val Acc: 82.49%
No improvement for 11 epoch(s).
Epoch[66/200] Train Loss: 0.0253, Train Acc: 99.00%
Epoch[66/200] Val Loss: 0.9839, Val Acc: 83.18%
No improvement for 12 epoch(s).
Epoch[67/200] Train Loss: 0.0372, Train Acc: 98.44%
Epoch[67/200] Val Loss: 0.9383, Val Acc: 82.09%
No improvement for 13 epoch(s).
Epoch[68/200] Train Loss: 0.0775, Train Acc: 97.57%
Epoch[68/200] Val Loss: 0.9334, Val Acc: 82.44%
No improvement for 14 epoch(s).
Epoch[69/200] Train Loss: 0.0221, Train Acc: 99.39%
Epoch[69/200] Val Loss: 0.9509, Val Acc: 82.79%
No improvement for 15 epoch(s).
Epoch[70/200] Train Loss: 0.0168, Train Acc: 99.39%
Epoch[70/200] Val Loss: 0.9743, Val Acc: 82.84%
No improvement for 16 epoch(s).
Epoch[71/200] Train Loss: 0.0198, Train Acc: 99.44%
Epoch[71/200] Val Loss: 0.9468, Val Acc: 82.44%
No improvement for 17 epoch(s).
Epoch[72/200] Train Loss: 0.0507, Train Acc: 98.48%
Epoch[72/200] Val Loss: 1.0189, Val Acc: 81.75%
No improvement for 18 epoch(s).
Epoch[73/200] Train Loss: 0.0685, Train Acc: 98.13%
Epoch[73/200] Val Loss: 0.9435, Val Acc: 82.09%
No improvement for 19 epoch(s).
Epoch[74/200] Train Loss: 0.0450, Train Acc: 98.22%
Epoch[74/200] Val Loss: 0.9402, Val Acc: 83.48%
No improvement for 20 epoch(s).
Epoch[75/200] Train Loss: 0.0427, Train Acc: 98.87%
Epoch[75/200] Val Loss: 0.9691, Val Acc: 82.79%
No improvement for 21 epoch(s).
Epoch[76/200] Train Loss: 0.0623, Train Acc: 97.83%
Epoch[76/200] Val Loss: 0.9726, Val Acc: 81.75%
No improvement for 22 epoch(s).
Epoch[77/200] Train Loss: 0.0764, Train Acc: 97.87%
Epoch[77/200] Val Loss: 0.9625, Val Acc: 83.53%
No improvement for 23 epoch(s).
Epoch[78/200] Train Loss: 0.0425, Train Acc: 98.52%
Epoch[78/200] Val Loss: 1.0185, Val Acc: 81.40%
No improvement for 24 epoch(s).
Epoch[79/200] Train Loss: 0.0119, Train Acc: 99.57%
Epoch[79/200] Val Loss: 1.0429, Val Acc: 82.49%
No improvement for 25 epoch(s).
Epoch[80/200] Train Loss: 0.0191, Train Acc: 99.39%
Epoch[80/200] Val Loss: 1.0012, Val Acc: 82.84%
No improvement for 26 epoch(s).
Epoch[81/200] Train Loss: 0.0221, Train Acc: 99.31%
Epoch[81/200] Val Loss: 1.0100, Val Acc: 81.75%
No improvement for 27 epoch(s).
Epoch[82/200] Train Loss: 0.0474, Train Acc: 98.78%
Epoch[82/200] Val Loss: 0.9980, Val Acc: 81.75%
No improvement for 28 epoch(s).
Epoch[83/200] Train Loss: 0.0336, Train Acc: 98.65%
Epoch[83/200] Val Loss: 0.9979, Val Acc: 81.40%
No improvement for 29 epoch(s).
Epoch[84/200] Train Loss: 0.0152, Train Acc: 99.52%
Epoch[84/200] Val Loss: 1.0687, Val Acc: 82.09%
No improvement for 30 epoch(s).
Epoch[85/200] Train Loss: 0.0179, Train Acc: 99.31%
Epoch[85/200] Val Loss: 0.9418, Val Acc: 83.48%
No improvement for 31 epoch(s).
Epoch[86/200] Train Loss: 0.0201, Train Acc: 99.48%
Epoch[86/200] Val Loss: 0.9723, Val Acc: 84.87%
Validation accuracy improved (83.8790 -> 84.8710).
Saved checkpoint: /media/icnlab/Data/Thang/plan_dieases/context_moe/checkpoints/plantdoc/pretrain_weight/efficientnetb0/seed_46/run_20260511-111347/best_checkpoint.pth
Epoch[87/200] Train Loss: 0.0190, Train Acc: 99.48%
Epoch[87/200] Val Loss: 1.1372, Val Acc: 80.36%
No improvement for 1 epoch(s).
Epoch[88/200] Train Loss: 0.0312, Train Acc: 97.83%
Epoch[88/200] Val Loss: 1.0354, Val Acc: 82.09%
No improvement for 2 epoch(s).
Epoch[89/200] Train Loss: 0.0593, Train Acc: 98.70%
Epoch[89/200] Val Loss: 1.0572, Val Acc: 82.79%
No improvement for 3 epoch(s).
Epoch[90/200] Train Loss: 0.0870, Train Acc: 98.70%
Epoch[90/200] Val Loss: 1.0482, Val Acc: 83.83%
No improvement for 4 epoch(s).
Epoch[91/200] Train Loss: 0.0205, Train Acc: 99.31%
Epoch[91/200] Val Loss: 0.9795, Val Acc: 85.22%
Validation accuracy improved (84.8710 -> 85.2183).
Saved checkpoint: /media/icnlab/Data/Thang/plan_dieases/context_moe/checkpoints/plantdoc/pretrain_weight/efficientnetb0/seed_46/run_20260511-111347/best_checkpoint.pth
Epoch[92/200] Train Loss: 0.0183, Train Acc: 99.31%
Epoch[92/200] Val Loss: 0.9846, Val Acc: 83.13%
No improvement for 1 epoch(s).
Epoch[93/200] Train Loss: 0.0886, Train Acc: 97.87%
Epoch[93/200] Val Loss: 1.0047, Val Acc: 84.52%
No improvement for 2 epoch(s).
Epoch[94/200] Train Loss: 0.0274, Train Acc: 98.70%
Epoch[94/200] Val Loss: 0.9729, Val Acc: 82.44%
No improvement for 3 epoch(s).
Epoch[95/200] Train Loss: 0.0552, Train Acc: 98.96%
Epoch[95/200] Val Loss: 1.0251, Val Acc: 82.44%
No improvement for 4 epoch(s).
Epoch[96/200] Train Loss: 0.0668, Train Acc: 98.05%
Epoch[96/200] Val Loss: 1.0546, Val Acc: 82.79%
No improvement for 5 epoch(s).
Epoch[97/200] Train Loss: 0.0332, Train Acc: 98.57%
Epoch[97/200] Val Loss: 1.0227, Val Acc: 81.75%
No improvement for 6 epoch(s).
Epoch[98/200] Train Loss: 0.0766, Train Acc: 98.00%
Epoch[98/200] Val Loss: 1.0722, Val Acc: 82.44%
No improvement for 7 epoch(s).
Epoch[99/200] Train Loss: 0.0267, Train Acc: 99.09%
Epoch[99/200] Val Loss: 1.0751, Val Acc: 82.09%
No improvement for 8 epoch(s).
Epoch[100/200] Train Loss: 0.0363, Train Acc: 98.91%
Epoch[100/200] Val Loss: 1.0299, Val Acc: 80.70%
No improvement for 9 epoch(s).
Epoch[101/200] Train Loss: 0.1130, Train Acc: 98.00%
Epoch[101/200] Val Loss: 1.0131, Val Acc: 80.70%
No improvement for 10 epoch(s).
Epoch[102/200] Train Loss: 0.0178, Train Acc: 99.44%
Epoch[102/200] Val Loss: 0.9560, Val Acc: 80.36%
No improvement for 11 epoch(s).
Epoch[103/200] Train Loss: 0.0446, Train Acc: 98.96%
Epoch[103/200] Val Loss: 1.0086, Val Acc: 80.70%
No improvement for 12 epoch(s).
Epoch[104/200] Train Loss: 0.0113, Train Acc: 99.65%
Epoch[104/200] Val Loss: 0.9673, Val Acc: 82.09%
No improvement for 13 epoch(s).
Epoch[105/200] Train Loss: 0.0414, Train Acc: 98.74%
Epoch[105/200] Val Loss: 0.9978, Val Acc: 81.05%
No improvement for 14 epoch(s).
Epoch[106/200] Train Loss: 0.0289, Train Acc: 98.83%
Epoch[106/200] Val Loss: 1.0126, Val Acc: 80.70%
No improvement for 15 epoch(s).
Epoch[107/200] Train Loss: 0.0167, Train Acc: 99.09%
Epoch[107/200] Val Loss: 0.9693, Val Acc: 82.44%
No improvement for 16 epoch(s).
Epoch[108/200] Train Loss: 0.0148, Train Acc: 98.83%
Epoch[108/200] Val Loss: 0.9993, Val Acc: 81.75%
No improvement for 17 epoch(s).
Epoch[109/200] Train Loss: 0.0167, Train Acc: 99.35%
Epoch[109/200] Val Loss: 1.0513, Val Acc: 80.70%
No improvement for 18 epoch(s).
Epoch[110/200] Train Loss: 0.0398, Train Acc: 98.18%
Epoch[110/200] Val Loss: 0.9839, Val Acc: 82.44%
No improvement for 19 epoch(s).
Epoch[111/200] Train Loss: 0.0533, Train Acc: 98.96%
Epoch[111/200] Val Loss: 1.0043, Val Acc: 81.75%
No improvement for 20 epoch(s).
Epoch[112/200] Train Loss: 0.0213, Train Acc: 99.44%
Epoch[112/200] Val Loss: 1.0528, Val Acc: 81.75%
No improvement for 21 epoch(s).
Epoch[113/200] Train Loss: 0.0237, Train Acc: 98.83%
Epoch[113/200] Val Loss: 0.9786, Val Acc: 82.09%
No improvement for 22 epoch(s).
Epoch[114/200] Train Loss: 0.0268, Train Acc: 99.00%
Epoch[114/200] Val Loss: 0.9611, Val Acc: 82.79%
No improvement for 23 epoch(s).
Epoch[115/200] Train Loss: 0.0170, Train Acc: 99.65%
Epoch[115/200] Val Loss: 1.0372, Val Acc: 81.40%
No improvement for 24 epoch(s).
Epoch[116/200] Train Loss: 0.0127, Train Acc: 99.65%
Epoch[116/200] Val Loss: 1.0534, Val Acc: 81.75%
No improvement for 25 epoch(s).
Epoch[117/200] Train Loss: 0.0312, Train Acc: 98.78%
Epoch[117/200] Val Loss: 1.0212, Val Acc: 82.09%
No improvement for 26 epoch(s).
Epoch[118/200] Train Loss: 0.0634, Train Acc: 98.44%
Epoch[118/200] Val Loss: 0.9614, Val Acc: 83.83%
No improvement for 27 epoch(s).
Epoch[119/200] Train Loss: 0.0088, Train Acc: 99.83%
Epoch[119/200] Val Loss: 0.9241, Val Acc: 81.75%
No improvement for 28 epoch(s).
Epoch[120/200] Train Loss: 0.0091, Train Acc: 99.74%
Epoch[120/200] Val Loss: 0.9561, Val Acc: 82.44%
No improvement for 29 epoch(s).
Epoch[121/200] Train Loss: 0.0632, Train Acc: 98.18%
Epoch[121/200] Val Loss: 1.0441, Val Acc: 82.09%
No improvement for 30 epoch(s).
Epoch[122/200] Train Loss: 0.0488, Train Acc: 98.91%
Epoch[122/200] Val Loss: 0.9937, Val Acc: 81.40%
No improvement for 31 epoch(s).
Epoch[123/200] Train Loss: 0.0205, Train Acc: 98.96%
Epoch[123/200] Val Loss: 0.9787, Val Acc: 83.83%
No improvement for 32 epoch(s).
Epoch[124/200] Train Loss: 0.0436, Train Acc: 98.22%
Epoch[124/200] Val Loss: 0.9998, Val Acc: 82.09%
No improvement for 33 epoch(s).
Epoch[125/200] Train Loss: 0.0258, Train Acc: 99.00%
Epoch[125/200] Val Loss: 0.9767, Val Acc: 82.44%
No improvement for 34 epoch(s).
Epoch[126/200] Train Loss: 0.0308, Train Acc: 98.70%
Epoch[126/200] Val Loss: 1.0017, Val Acc: 81.05%
No improvement for 35 epoch(s).
Epoch[127/200] Train Loss: 0.0496, Train Acc: 98.78%
Epoch[127/200] Val Loss: 0.9995, Val Acc: 82.79%
No improvement for 36 epoch(s).
Epoch[128/200] Train Loss: 0.0500, Train Acc: 98.26%
Epoch[128/200] Val Loss: 1.0110, Val Acc: 82.44%
No improvement for 37 epoch(s).
Epoch[129/200] Train Loss: 0.0163, Train Acc: 99.61%
Epoch[129/200] Val Loss: 0.9652, Val Acc: 82.44%
No improvement for 38 epoch(s).
Epoch[130/200] Train Loss: 0.0367, Train Acc: 98.26%
Epoch[130/200] Val Loss: 0.9481, Val Acc: 82.44%
No improvement for 39 epoch(s).
Epoch[131/200] Train Loss: 0.0150, Train Acc: 99.52%
Epoch[131/200] Val Loss: 0.9992, Val Acc: 82.79%
No improvement for 40 epoch(s).
Epoch[132/200] Train Loss: 0.0236, Train Acc: 99.05%
Epoch[132/200] Val Loss: 0.9996, Val Acc: 82.79%
No improvement for 41 epoch(s).
Epoch[133/200] Train Loss: 0.0215, Train Acc: 99.09%
Epoch[133/200] Val Loss: 1.0262, Val Acc: 82.79%
No improvement for 42 epoch(s).
Epoch[134/200] Train Loss: 0.0191, Train Acc: 99.09%
Epoch[134/200] Val Loss: 1.0193, Val Acc: 81.40%
No improvement for 43 epoch(s).
Epoch[135/200] Train Loss: 0.0168, Train Acc: 99.48%
Epoch[135/200] Val Loss: 1.0124, Val Acc: 83.13%
No improvement for 44 epoch(s).
Epoch[136/200] Train Loss: 0.0091, Train Acc: 99.78%
Epoch[136/200] Val Loss: 1.0112, Val Acc: 82.09%
No improvement for 45 epoch(s).
Epoch[137/200] Train Loss: 0.0507, Train Acc: 98.22%
Epoch[137/200] Val Loss: 0.9846, Val Acc: 82.44%
No improvement for 46 epoch(s).
Epoch[138/200] Train Loss: 0.0321, Train Acc: 98.26%
Epoch[138/200] Val Loss: 1.0108, Val Acc: 82.44%
No improvement for 47 epoch(s).
Epoch[139/200] Train Loss: 0.0420, Train Acc: 99.05%
Epoch[139/200] Val Loss: 1.0346, Val Acc: 83.83%
No improvement for 48 epoch(s).
Epoch[140/200] Train Loss: 0.0091, Train Acc: 99.74%
Epoch[140/200] Val Loss: 1.0205, Val Acc: 82.44%
No improvement for 49 epoch(s).
Epoch[141/200] Train Loss: 0.0109, Train Acc: 99.74%
Epoch[141/200] Val Loss: 1.0077, Val Acc: 83.13%
No improvement for 50 epoch(s).
Early stopping triggered. No improvement in validation acc for 50 epochs.
Saved checkpoint: /media/icnlab/Data/Thang/plan_dieases/context_moe/checkpoints/plantdoc/pretrain_weight/efficientnetb0/seed_46/run_20260511-111347/last_checkpoint.pth
Training finished. Best val acc: 85.2183 at epoch 91
Saved training plot to /media/icnlab/Data/Thang/plan_dieases/context_moe/checkpoints/plantdoc/pretrain_weight/efficientnetb0/seed_46/run_20260511-111347/loss_acc_plot.png
