Epoch[1/200] Train Loss: 2.8201, Train Acc: 36.05%
Epoch[1/200] Val Loss: 2.0488, Val Acc: 37.77%
Validation accuracy improved (-inf -> 37.7679).
Saved checkpoint: /media/icnlab/Data/Thang/plan_dieases/context_moe/checkpoints/plantdoc/pretrain_weight/mobilenetv3_small/seed_46/run_20260511-181617/best_checkpoint.pth
Epoch[2/200] Train Loss: 1.4891, Train Acc: 48.95%
Epoch[2/200] Val Loss: 1.4803, Val Acc: 43.79%
Validation accuracy improved (37.7679 -> 43.7946).
Saved checkpoint: /media/icnlab/Data/Thang/plan_dieases/context_moe/checkpoints/plantdoc/pretrain_weight/mobilenetv3_small/seed_46/run_20260511-181617/best_checkpoint.pth
Epoch[3/200] Train Loss: 1.3464, Train Acc: 55.38%
Epoch[3/200] Val Loss: 1.5232, Val Acc: 45.09%
Validation accuracy improved (43.7946 -> 45.0893).
Saved checkpoint: /media/icnlab/Data/Thang/plan_dieases/context_moe/checkpoints/plantdoc/pretrain_weight/mobilenetv3_small/seed_46/run_20260511-181617/best_checkpoint.pth
Epoch[4/200] Train Loss: 1.2434, Train Acc: 58.49%
Epoch[4/200] Val Loss: 1.5506, Val Acc: 45.00%
No improvement for 1 epoch(s).
Epoch[5/200] Train Loss: 1.1619, Train Acc: 60.47%
Epoch[5/200] Val Loss: 1.4458, Val Acc: 44.73%
No improvement for 2 epoch(s).
Epoch[6/200] Train Loss: 1.0314, Train Acc: 66.17%
Epoch[6/200] Val Loss: 1.4778, Val Acc: 59.33%
Validation accuracy improved (45.0893 -> 59.3304).
Saved checkpoint: /media/icnlab/Data/Thang/plan_dieases/context_moe/checkpoints/plantdoc/pretrain_weight/mobilenetv3_small/seed_46/run_20260511-181617/best_checkpoint.pth
Epoch[7/200] Train Loss: 0.9717, Train Acc: 64.48%
Epoch[7/200] Val Loss: 2.0076, Val Acc: 38.30%
No improvement for 1 epoch(s).
Epoch[8/200] Train Loss: 0.9264, Train Acc: 68.39%
Epoch[8/200] Val Loss: 1.7700, Val Acc: 51.96%
No improvement for 2 epoch(s).
Epoch[9/200] Train Loss: 0.8606, Train Acc: 70.09%
Epoch[9/200] Val Loss: 1.2430, Val Acc: 62.63%
Validation accuracy improved (59.3304 -> 62.6339).
Saved checkpoint: /media/icnlab/Data/Thang/plan_dieases/context_moe/checkpoints/plantdoc/pretrain_weight/mobilenetv3_small/seed_46/run_20260511-181617/best_checkpoint.pth
Epoch[10/200] Train Loss: 0.8525, Train Acc: 70.16%
Epoch[10/200] Val Loss: 1.9199, Val Acc: 54.42%
No improvement for 1 epoch(s).
Epoch[11/200] Train Loss: 0.7695, Train Acc: 72.09%
Epoch[11/200] Val Loss: 1.7110, Val Acc: 56.16%
No improvement for 2 epoch(s).
Epoch[12/200] Train Loss: 0.7820, Train Acc: 73.33%
Epoch[12/200] Val Loss: 1.6070, Val Acc: 47.77%
No improvement for 3 epoch(s).
Epoch[13/200] Train Loss: 0.6751, Train Acc: 75.51%
Epoch[13/200] Val Loss: 1.4649, Val Acc: 59.82%
No improvement for 4 epoch(s).
Epoch[14/200] Train Loss: 0.6541, Train Acc: 76.58%
Epoch[14/200] Val Loss: 1.6541, Val Acc: 50.94%
No improvement for 5 epoch(s).
Epoch[15/200] Train Loss: 0.6136, Train Acc: 78.84%
Epoch[15/200] Val Loss: 1.4463, Val Acc: 62.32%
No improvement for 6 epoch(s).
Epoch[16/200] Train Loss: 0.6124, Train Acc: 77.62%
Epoch[16/200] Val Loss: 1.5709, Val Acc: 57.72%
No improvement for 7 epoch(s).
Epoch[17/200] Train Loss: 0.5904, Train Acc: 79.64%
Epoch[17/200] Val Loss: 1.6902, Val Acc: 55.45%
No improvement for 8 epoch(s).
Epoch[18/200] Train Loss: 0.5103, Train Acc: 81.62%
Epoch[18/200] Val Loss: 1.6085, Val Acc: 58.62%
No improvement for 9 epoch(s).
Epoch[19/200] Train Loss: 0.4866, Train Acc: 82.38%
Epoch[19/200] Val Loss: 1.4580, Val Acc: 64.82%
Validation accuracy improved (62.6339 -> 64.8214).
Saved checkpoint: /media/icnlab/Data/Thang/plan_dieases/context_moe/checkpoints/plantdoc/pretrain_weight/mobilenetv3_small/seed_46/run_20260511-181617/best_checkpoint.pth
Epoch[20/200] Train Loss: 0.4697, Train Acc: 82.87%
Epoch[20/200] Val Loss: 1.5786, Val Acc: 53.35%
No improvement for 1 epoch(s).
Epoch[21/200] Train Loss: 0.4859, Train Acc: 82.63%
Epoch[21/200] Val Loss: 1.8214, Val Acc: 56.03%
No improvement for 2 epoch(s).
Epoch[22/200] Train Loss: 0.4587, Train Acc: 83.84%
Epoch[22/200] Val Loss: 1.4396, Val Acc: 57.50%
No improvement for 3 epoch(s).
Epoch[23/200] Train Loss: 0.4300, Train Acc: 84.05%
Epoch[23/200] Val Loss: 1.6266, Val Acc: 62.90%
No improvement for 4 epoch(s).
Epoch[24/200] Train Loss: 0.4182, Train Acc: 84.52%
Epoch[24/200] Val Loss: 1.8953, Val Acc: 53.35%
No improvement for 5 epoch(s).
Epoch[25/200] Train Loss: 0.3860, Train Acc: 85.70%
Epoch[25/200] Val Loss: 1.6050, Val Acc: 63.26%
No improvement for 6 epoch(s).
Epoch[26/200] Train Loss: 0.3447, Train Acc: 87.39%
Epoch[26/200] Val Loss: 1.4246, Val Acc: 57.05%
No improvement for 7 epoch(s).
Epoch[27/200] Train Loss: 0.3251, Train Acc: 88.13%
Epoch[27/200] Val Loss: 1.3697, Val Acc: 64.91%
Validation accuracy improved (64.8214 -> 64.9107).
Saved checkpoint: /media/icnlab/Data/Thang/plan_dieases/context_moe/checkpoints/plantdoc/pretrain_weight/mobilenetv3_small/seed_46/run_20260511-181617/best_checkpoint.pth
Epoch[28/200] Train Loss: 0.3607, Train Acc: 86.67%
Epoch[28/200] Val Loss: 1.5823, Val Acc: 63.71%
No improvement for 1 epoch(s).
Epoch[29/200] Train Loss: 0.2886, Train Acc: 89.73%
Epoch[29/200] Val Loss: 1.2715, Val Acc: 68.75%
Validation accuracy improved (64.9107 -> 68.7500).
Saved checkpoint: /media/icnlab/Data/Thang/plan_dieases/context_moe/checkpoints/plantdoc/pretrain_weight/mobilenetv3_small/seed_46/run_20260511-181617/best_checkpoint.pth
Epoch[30/200] Train Loss: 0.3312, Train Acc: 88.32%
Epoch[30/200] Val Loss: 1.4163, Val Acc: 64.42%
No improvement for 1 epoch(s).
Epoch[31/200] Train Loss: 0.3953, Train Acc: 86.02%
Epoch[31/200] Val Loss: 1.4474, Val Acc: 66.25%
No improvement for 2 epoch(s).
Epoch[32/200] Train Loss: 0.2927, Train Acc: 89.17%
Epoch[32/200] Val Loss: 1.6134, Val Acc: 67.28%
No improvement for 3 epoch(s).
Epoch[33/200] Train Loss: 0.2961, Train Acc: 89.64%
Epoch[33/200] Val Loss: 1.6557, Val Acc: 58.84%
No improvement for 4 epoch(s).
Epoch[34/200] Train Loss: 0.3006, Train Acc: 89.44%
Epoch[34/200] Val Loss: 1.9970, Val Acc: 54.29%
No improvement for 5 epoch(s).
Epoch[35/200] Train Loss: 0.3302, Train Acc: 89.09%
Epoch[35/200] Val Loss: 1.6191, Val Acc: 61.16%
No improvement for 6 epoch(s).
Epoch[36/200] Train Loss: 0.2468, Train Acc: 91.03%
Epoch[36/200] Val Loss: 2.6200, Val Acc: 54.24%
No improvement for 7 epoch(s).
Epoch[37/200] Train Loss: 0.2329, Train Acc: 91.45%
Epoch[37/200] Val Loss: 1.8506, Val Acc: 63.71%
No improvement for 8 epoch(s).
Epoch[38/200] Train Loss: 0.2325, Train Acc: 91.04%
Epoch[38/200] Val Loss: 2.0420, Val Acc: 60.98%
No improvement for 9 epoch(s).
Epoch[39/200] Train Loss: 0.2103, Train Acc: 92.56%
Epoch[39/200] Val Loss: 1.8646, Val Acc: 61.92%
No improvement for 10 epoch(s).
Epoch[40/200] Train Loss: 0.1755, Train Acc: 93.86%
Epoch[40/200] Val Loss: 1.6250, Val Acc: 68.75%
No improvement for 11 epoch(s).
Epoch[41/200] Train Loss: 0.1286, Train Acc: 94.93%
Epoch[41/200] Val Loss: 1.4673, Val Acc: 76.12%
Validation accuracy improved (68.7500 -> 76.1161).
Saved checkpoint: /media/icnlab/Data/Thang/plan_dieases/context_moe/checkpoints/plantdoc/pretrain_weight/mobilenetv3_small/seed_46/run_20260511-181617/best_checkpoint.pth
Epoch[42/200] Train Loss: 0.0804, Train Acc: 97.27%
Epoch[42/200] Val Loss: 1.4451, Val Acc: 74.87%
No improvement for 1 epoch(s).
Epoch[43/200] Train Loss: 0.0560, Train Acc: 98.06%
Epoch[43/200] Val Loss: 1.5120, Val Acc: 76.12%
No improvement for 2 epoch(s).
Epoch[44/200] Train Loss: 0.0476, Train Acc: 98.62%
Epoch[44/200] Val Loss: 1.5128, Val Acc: 74.96%
No improvement for 3 epoch(s).
Epoch[45/200] Train Loss: 0.0367, Train Acc: 98.70%
Epoch[45/200] Val Loss: 1.5551, Val Acc: 75.89%
No improvement for 4 epoch(s).
Epoch[46/200] Train Loss: 0.0375, Train Acc: 98.71%
Epoch[46/200] Val Loss: 1.5651, Val Acc: 77.14%
Validation accuracy improved (76.1161 -> 77.1429).
Saved checkpoint: /media/icnlab/Data/Thang/plan_dieases/context_moe/checkpoints/plantdoc/pretrain_weight/mobilenetv3_small/seed_46/run_20260511-181617/best_checkpoint.pth
Epoch[47/200] Train Loss: 0.0313, Train Acc: 99.18%
Epoch[47/200] Val Loss: 1.5133, Val Acc: 76.52%
No improvement for 1 epoch(s).
Epoch[48/200] Train Loss: 0.0245, Train Acc: 99.19%
Epoch[48/200] Val Loss: 1.5768, Val Acc: 76.12%
No improvement for 2 epoch(s).
Epoch[49/200] Train Loss: 0.0326, Train Acc: 99.14%
Epoch[49/200] Val Loss: 1.6431, Val Acc: 75.27%
No improvement for 3 epoch(s).
Epoch[50/200] Train Loss: 0.0252, Train Acc: 99.22%
Epoch[50/200] Val Loss: 1.6819, Val Acc: 77.99%
Validation accuracy improved (77.1429 -> 77.9911).
Saved checkpoint: /media/icnlab/Data/Thang/plan_dieases/context_moe/checkpoints/plantdoc/pretrain_weight/mobilenetv3_small/seed_46/run_20260511-181617/best_checkpoint.pth
Epoch[51/200] Train Loss: 0.0174, Train Acc: 99.48%
Epoch[51/200] Val Loss: 1.6635, Val Acc: 74.55%
No improvement for 1 epoch(s).
Epoch[52/200] Train Loss: 0.0157, Train Acc: 99.57%
Epoch[52/200] Val Loss: 1.6981, Val Acc: 73.21%
No improvement for 2 epoch(s).
Epoch[53/200] Train Loss: 0.0210, Train Acc: 99.35%
Epoch[53/200] Val Loss: 1.6847, Val Acc: 76.03%
No improvement for 3 epoch(s).
Epoch[54/200] Train Loss: 0.0355, Train Acc: 99.00%
Epoch[54/200] Val Loss: 1.6336, Val Acc: 75.09%
No improvement for 4 epoch(s).
Epoch[55/200] Train Loss: 0.0326, Train Acc: 99.09%
Epoch[55/200] Val Loss: 1.6961, Val Acc: 77.05%
No improvement for 5 epoch(s).
Epoch[56/200] Train Loss: 0.0324, Train Acc: 98.70%
Epoch[56/200] Val Loss: 1.7108, Val Acc: 76.21%
No improvement for 6 epoch(s).
Epoch[57/200] Train Loss: 0.0309, Train Acc: 98.74%
Epoch[57/200] Val Loss: 1.6223, Val Acc: 74.64%
No improvement for 7 epoch(s).
Epoch[58/200] Train Loss: 0.0471, Train Acc: 98.31%
Epoch[58/200] Val Loss: 1.6382, Val Acc: 77.05%
No improvement for 8 epoch(s).
Epoch[59/200] Train Loss: 0.0365, Train Acc: 98.74%
Epoch[59/200] Val Loss: 1.7157, Val Acc: 75.71%
No improvement for 9 epoch(s).
Epoch[60/200] Train Loss: 0.0251, Train Acc: 99.53%
Epoch[60/200] Val Loss: 1.6350, Val Acc: 75.18%
No improvement for 10 epoch(s).
Epoch[61/200] Train Loss: 0.0329, Train Acc: 99.01%
Epoch[61/200] Val Loss: 1.7352, Val Acc: 74.78%
No improvement for 11 epoch(s).
Epoch[62/200] Train Loss: 0.0223, Train Acc: 99.22%
Epoch[62/200] Val Loss: 1.6872, Val Acc: 75.18%
No improvement for 12 epoch(s).
Epoch[63/200] Train Loss: 0.0160, Train Acc: 99.31%
Epoch[63/200] Val Loss: 1.7167, Val Acc: 74.87%
No improvement for 13 epoch(s).
Epoch[64/200] Train Loss: 0.0148, Train Acc: 99.61%
Epoch[64/200] Val Loss: 1.6982, Val Acc: 76.21%
No improvement for 14 epoch(s).
Epoch[65/200] Train Loss: 0.0141, Train Acc: 99.65%
Epoch[65/200] Val Loss: 1.7105, Val Acc: 76.52%
No improvement for 15 epoch(s).
Epoch[66/200] Train Loss: 0.0183, Train Acc: 99.39%
Epoch[66/200] Val Loss: 1.6965, Val Acc: 76.21%
No improvement for 16 epoch(s).
Epoch[67/200] Train Loss: 0.0137, Train Acc: 99.48%
Epoch[67/200] Val Loss: 1.7639, Val Acc: 75.80%
No improvement for 17 epoch(s).
Epoch[68/200] Train Loss: 0.0103, Train Acc: 99.78%
Epoch[68/200] Val Loss: 1.7799, Val Acc: 75.89%
No improvement for 18 epoch(s).
Epoch[69/200] Train Loss: 0.0139, Train Acc: 99.61%
Epoch[69/200] Val Loss: 1.7315, Val Acc: 75.89%
No improvement for 19 epoch(s).
Epoch[70/200] Train Loss: 0.0090, Train Acc: 99.57%
Epoch[70/200] Val Loss: 1.7919, Val Acc: 77.23%
No improvement for 20 epoch(s).
Epoch[71/200] Train Loss: 0.0063, Train Acc: 99.87%
Epoch[71/200] Val Loss: 1.8602, Val Acc: 77.46%
No improvement for 21 epoch(s).
Epoch[72/200] Train Loss: 0.0106, Train Acc: 99.57%
Epoch[72/200] Val Loss: 1.8486, Val Acc: 76.52%
No improvement for 22 epoch(s).
Epoch[73/200] Train Loss: 0.0074, Train Acc: 99.83%
Epoch[73/200] Val Loss: 1.8463, Val Acc: 77.14%
No improvement for 23 epoch(s).
Epoch[74/200] Train Loss: 0.0049, Train Acc: 99.96%
Epoch[74/200] Val Loss: 1.8476, Val Acc: 77.14%
No improvement for 24 epoch(s).
Epoch[75/200] Train Loss: 0.0078, Train Acc: 99.74%
Epoch[75/200] Val Loss: 1.8676, Val Acc: 76.83%
No improvement for 25 epoch(s).
Epoch[76/200] Train Loss: 0.0080, Train Acc: 99.74%
Epoch[76/200] Val Loss: 1.8274, Val Acc: 77.14%
No improvement for 26 epoch(s).
Epoch[77/200] Train Loss: 0.0152, Train Acc: 99.57%
Epoch[77/200] Val Loss: 1.7828, Val Acc: 76.21%
No improvement for 27 epoch(s).
Epoch[78/200] Train Loss: 0.0081, Train Acc: 99.78%
Epoch[78/200] Val Loss: 1.8141, Val Acc: 76.83%
No improvement for 28 epoch(s).
Epoch[79/200] Train Loss: 0.0083, Train Acc: 99.65%
Epoch[79/200] Val Loss: 1.8234, Val Acc: 76.52%
No improvement for 29 epoch(s).
Epoch[80/200] Train Loss: 0.0104, Train Acc: 99.48%
Epoch[80/200] Val Loss: 1.7995, Val Acc: 76.52%
No improvement for 30 epoch(s).
Epoch[81/200] Train Loss: 0.0086, Train Acc: 99.70%
Epoch[81/200] Val Loss: 1.8556, Val Acc: 76.52%
No improvement for 31 epoch(s).
Epoch[82/200] Train Loss: 0.0074, Train Acc: 99.74%
Epoch[82/200] Val Loss: 1.8631, Val Acc: 76.52%
No improvement for 32 epoch(s).
Epoch[83/200] Train Loss: 0.0081, Train Acc: 99.74%
Epoch[83/200] Val Loss: 1.9416, Val Acc: 76.52%
No improvement for 33 epoch(s).
Epoch[84/200] Train Loss: 0.0046, Train Acc: 99.87%
Epoch[84/200] Val Loss: 1.9279, Val Acc: 76.83%
No improvement for 34 epoch(s).
Epoch[85/200] Train Loss: 0.0082, Train Acc: 99.61%
Epoch[85/200] Val Loss: 1.8581, Val Acc: 77.14%
No improvement for 35 epoch(s).
Epoch[86/200] Train Loss: 0.0058, Train Acc: 99.70%
Epoch[86/200] Val Loss: 1.8430, Val Acc: 76.21%
No improvement for 36 epoch(s).
Epoch[87/200] Train Loss: 0.0052, Train Acc: 99.78%
Epoch[87/200] Val Loss: 1.8499, Val Acc: 76.83%
No improvement for 37 epoch(s).
Epoch[88/200] Train Loss: 0.0045, Train Acc: 99.91%
Epoch[88/200] Val Loss: 1.8540, Val Acc: 75.89%
No improvement for 38 epoch(s).
Epoch[89/200] Train Loss: 0.0061, Train Acc: 99.74%
Epoch[89/200] Val Loss: 1.8674, Val Acc: 77.46%
No improvement for 39 epoch(s).
Epoch[90/200] Train Loss: 0.0065, Train Acc: 99.83%
Epoch[90/200] Val Loss: 1.8702, Val Acc: 77.14%
No improvement for 40 epoch(s).
Epoch[91/200] Train Loss: 0.0052, Train Acc: 99.74%
Epoch[91/200] Val Loss: 1.8731, Val Acc: 77.14%
No improvement for 41 epoch(s).
Epoch[92/200] Train Loss: 0.0054, Train Acc: 99.83%
Epoch[92/200] Val Loss: 1.8948, Val Acc: 77.14%
No improvement for 42 epoch(s).
Epoch[93/200] Train Loss: 0.0084, Train Acc: 99.70%
Epoch[93/200] Val Loss: 1.8754, Val Acc: 77.14%
No improvement for 43 epoch(s).
Epoch[94/200] Train Loss: 0.0091, Train Acc: 99.83%
Epoch[94/200] Val Loss: 1.9085, Val Acc: 77.14%
No improvement for 44 epoch(s).
Epoch[95/200] Train Loss: 0.0052, Train Acc: 99.78%
Epoch[95/200] Val Loss: 1.9102, Val Acc: 77.77%
No improvement for 45 epoch(s).
Epoch[96/200] Train Loss: 0.0064, Train Acc: 99.78%
Epoch[96/200] Val Loss: 1.8921, Val Acc: 77.77%
No improvement for 46 epoch(s).
Epoch[97/200] Train Loss: 0.0044, Train Acc: 99.91%
Epoch[97/200] Val Loss: 1.8847, Val Acc: 77.77%
No improvement for 47 epoch(s).
Epoch[98/200] Train Loss: 0.0063, Train Acc: 99.78%
Epoch[98/200] Val Loss: 1.8710, Val Acc: 77.14%
No improvement for 48 epoch(s).
Epoch[99/200] Train Loss: 0.0073, Train Acc: 99.70%
Epoch[99/200] Val Loss: 1.9101, Val Acc: 77.14%
No improvement for 49 epoch(s).
Epoch[100/200] Train Loss: 0.0089, Train Acc: 99.65%
Epoch[100/200] Val Loss: 1.8948, Val Acc: 77.46%
No improvement for 50 epoch(s).
Early stopping triggered. No improvement in validation acc for 50 epochs.
Saved checkpoint: /media/icnlab/Data/Thang/plan_dieases/context_moe/checkpoints/plantdoc/pretrain_weight/mobilenetv3_small/seed_46/run_20260511-181617/last_checkpoint.pth
Training finished. Best val acc: 77.9911 at epoch 50
Saved training plot to /media/icnlab/Data/Thang/plan_dieases/context_moe/checkpoints/plantdoc/pretrain_weight/mobilenetv3_small/seed_46/run_20260511-181617/loss_acc_plot.png
