Epoch[1/200] Train Loss: 1.2928, Train Acc: 56.28%
Epoch[1/200] Val Loss: 1.2593, Val Acc: 59.33%
Validation accuracy improved (-inf -> 59.3304).
Saved checkpoint: /media/icnlab/Data/Thang/plan_dieases/context_moe/checkpoints/plantdoc/pretrain_weight/shufflenetv2/seed_46/run_20260511-020618/best_checkpoint.pth
Epoch[2/200] Train Loss: 0.8766, Train Acc: 70.40%
Epoch[2/200] Val Loss: 1.1268, Val Acc: 67.01%
Validation accuracy improved (59.3304 -> 67.0089).
Saved checkpoint: /media/icnlab/Data/Thang/plan_dieases/context_moe/checkpoints/plantdoc/pretrain_weight/shufflenetv2/seed_46/run_20260511-020618/best_checkpoint.pth
Epoch[3/200] Train Loss: 0.7052, Train Acc: 75.52%
Epoch[3/200] Val Loss: 3.0135, Val Acc: 65.94%
No improvement for 1 epoch(s).
Epoch[4/200] Train Loss: 0.5624, Train Acc: 80.94%
Epoch[4/200] Val Loss: 0.9039, Val Acc: 75.27%
Validation accuracy improved (67.0089 -> 75.2679).
Saved checkpoint: /media/icnlab/Data/Thang/plan_dieases/context_moe/checkpoints/plantdoc/pretrain_weight/shufflenetv2/seed_46/run_20260511-020618/best_checkpoint.pth
Epoch[5/200] Train Loss: 0.4958, Train Acc: 83.04%
Epoch[5/200] Val Loss: 1.0053, Val Acc: 74.24%
No improvement for 1 epoch(s).
Epoch[6/200] Train Loss: 0.4270, Train Acc: 85.28%
Epoch[6/200] Val Loss: 1.0615, Val Acc: 70.45%
No improvement for 2 epoch(s).
Epoch[7/200] Train Loss: 0.3872, Train Acc: 85.96%
Epoch[7/200] Val Loss: 0.8973, Val Acc: 73.66%
No improvement for 3 epoch(s).
Epoch[8/200] Train Loss: 0.3132, Train Acc: 89.59%
Epoch[8/200] Val Loss: 1.0977, Val Acc: 74.38%
No improvement for 4 epoch(s).
Epoch[9/200] Train Loss: 0.3013, Train Acc: 88.74%
Epoch[9/200] Val Loss: 1.1417, Val Acc: 76.74%
Validation accuracy improved (75.2679 -> 76.7411).
Saved checkpoint: /media/icnlab/Data/Thang/plan_dieases/context_moe/checkpoints/plantdoc/pretrain_weight/shufflenetv2/seed_46/run_20260511-020618/best_checkpoint.pth
Epoch[10/200] Train Loss: 0.2682, Train Acc: 89.99%
Epoch[10/200] Val Loss: 1.1331, Val Acc: 75.49%
No improvement for 1 epoch(s).
Epoch[11/200] Train Loss: 0.2220, Train Acc: 91.73%
Epoch[11/200] Val Loss: 1.0073, Val Acc: 77.37%
Validation accuracy improved (76.7411 -> 77.3661).
Saved checkpoint: /media/icnlab/Data/Thang/plan_dieases/context_moe/checkpoints/plantdoc/pretrain_weight/shufflenetv2/seed_46/run_20260511-020618/best_checkpoint.pth
Epoch[12/200] Train Loss: 0.2249, Train Acc: 92.37%
Epoch[12/200] Val Loss: 1.1597, Val Acc: 77.99%
Validation accuracy improved (77.3661 -> 77.9911).
Saved checkpoint: /media/icnlab/Data/Thang/plan_dieases/context_moe/checkpoints/plantdoc/pretrain_weight/shufflenetv2/seed_46/run_20260511-020618/best_checkpoint.pth
Epoch[13/200] Train Loss: 0.2140, Train Acc: 92.43%
Epoch[13/200] Val Loss: 1.1591, Val Acc: 75.09%
No improvement for 1 epoch(s).
Epoch[14/200] Train Loss: 0.2009, Train Acc: 92.98%
Epoch[14/200] Val Loss: 1.1667, Val Acc: 76.21%
No improvement for 2 epoch(s).
Epoch[15/200] Train Loss: 0.1682, Train Acc: 94.51%
Epoch[15/200] Val Loss: 1.0338, Val Acc: 78.62%
Validation accuracy improved (77.9911 -> 78.6161).
Saved checkpoint: /media/icnlab/Data/Thang/plan_dieases/context_moe/checkpoints/plantdoc/pretrain_weight/shufflenetv2/seed_46/run_20260511-020618/best_checkpoint.pth
Epoch[16/200] Train Loss: 0.1633, Train Acc: 93.86%
Epoch[16/200] Val Loss: 1.3478, Val Acc: 79.02%
Validation accuracy improved (78.6161 -> 79.0179).
Saved checkpoint: /media/icnlab/Data/Thang/plan_dieases/context_moe/checkpoints/plantdoc/pretrain_weight/shufflenetv2/seed_46/run_20260511-020618/best_checkpoint.pth
Epoch[17/200] Train Loss: 0.1426, Train Acc: 95.32%
Epoch[17/200] Val Loss: 1.1747, Val Acc: 74.38%
No improvement for 1 epoch(s).
Epoch[18/200] Train Loss: 0.1850, Train Acc: 93.13%
Epoch[18/200] Val Loss: 1.2264, Val Acc: 76.92%
No improvement for 2 epoch(s).
Epoch[19/200] Train Loss: 0.1688, Train Acc: 93.95%
Epoch[19/200] Val Loss: 1.4582, Val Acc: 75.40%
No improvement for 3 epoch(s).
Epoch[20/200] Train Loss: 0.2277, Train Acc: 92.67%
Epoch[20/200] Val Loss: 1.0748, Val Acc: 76.52%
No improvement for 4 epoch(s).
Epoch[21/200] Train Loss: 0.1451, Train Acc: 95.41%
Epoch[21/200] Val Loss: 1.3959, Val Acc: 76.74%
No improvement for 5 epoch(s).
Epoch[22/200] Train Loss: 0.1506, Train Acc: 95.28%
Epoch[22/200] Val Loss: 1.0862, Val Acc: 79.64%
Validation accuracy improved (79.0179 -> 79.6429).
Saved checkpoint: /media/icnlab/Data/Thang/plan_dieases/context_moe/checkpoints/plantdoc/pretrain_weight/shufflenetv2/seed_46/run_20260511-020618/best_checkpoint.pth
Epoch[23/200] Train Loss: 0.1404, Train Acc: 95.25%
Epoch[23/200] Val Loss: 0.9991, Val Acc: 77.54%
No improvement for 1 epoch(s).
Epoch[24/200] Train Loss: 0.1242, Train Acc: 94.75%
Epoch[24/200] Val Loss: 1.0163, Val Acc: 81.92%
Validation accuracy improved (79.6429 -> 81.9196).
Saved checkpoint: /media/icnlab/Data/Thang/plan_dieases/context_moe/checkpoints/plantdoc/pretrain_weight/shufflenetv2/seed_46/run_20260511-020618/best_checkpoint.pth
Epoch[25/200] Train Loss: 0.0821, Train Acc: 97.23%
Epoch[25/200] Val Loss: 1.0769, Val Acc: 80.98%
No improvement for 1 epoch(s).
Epoch[26/200] Train Loss: 0.0862, Train Acc: 96.71%
Epoch[26/200] Val Loss: 1.0547, Val Acc: 80.76%
No improvement for 2 epoch(s).
Epoch[27/200] Train Loss: 0.0903, Train Acc: 96.63%
Epoch[27/200] Val Loss: 1.3269, Val Acc: 77.50%
No improvement for 3 epoch(s).
Epoch[28/200] Train Loss: 0.1628, Train Acc: 94.21%
Epoch[28/200] Val Loss: 1.4434, Val Acc: 74.06%
No improvement for 4 epoch(s).
Epoch[29/200] Train Loss: 0.1676, Train Acc: 93.71%
Epoch[29/200] Val Loss: 1.0392, Val Acc: 78.08%
No improvement for 5 epoch(s).
Epoch[30/200] Train Loss: 0.1430, Train Acc: 95.58%
Epoch[30/200] Val Loss: 1.0886, Val Acc: 82.54%
Validation accuracy improved (81.9196 -> 82.5446).
Saved checkpoint: /media/icnlab/Data/Thang/plan_dieases/context_moe/checkpoints/plantdoc/pretrain_weight/shufflenetv2/seed_46/run_20260511-020618/best_checkpoint.pth
Epoch[31/200] Train Loss: 0.1199, Train Acc: 96.32%
Epoch[31/200] Val Loss: 1.1436, Val Acc: 75.62%
No improvement for 1 epoch(s).
Epoch[32/200] Train Loss: 0.0976, Train Acc: 96.48%
Epoch[32/200] Val Loss: 0.9857, Val Acc: 81.43%
No improvement for 2 epoch(s).
Epoch[33/200] Train Loss: 0.0751, Train Acc: 97.02%
Epoch[33/200] Val Loss: 1.1052, Val Acc: 81.21%
No improvement for 3 epoch(s).
Epoch[34/200] Train Loss: 0.0674, Train Acc: 97.57%
Epoch[34/200] Val Loss: 1.1606, Val Acc: 82.05%
No improvement for 4 epoch(s).
Epoch[35/200] Train Loss: 0.0694, Train Acc: 97.66%
Epoch[35/200] Val Loss: 1.2171, Val Acc: 78.71%
No improvement for 5 epoch(s).
Epoch[36/200] Train Loss: 0.0952, Train Acc: 96.59%
Epoch[36/200] Val Loss: 1.1602, Val Acc: 79.78%
No improvement for 6 epoch(s).
Epoch[37/200] Train Loss: 0.1055, Train Acc: 96.67%
Epoch[37/200] Val Loss: 1.0684, Val Acc: 77.99%
No improvement for 7 epoch(s).
Epoch[38/200] Train Loss: 0.1363, Train Acc: 95.54%
Epoch[38/200] Val Loss: 1.3895, Val Acc: 76.56%
No improvement for 8 epoch(s).
Epoch[39/200] Train Loss: 0.1050, Train Acc: 96.62%
Epoch[39/200] Val Loss: 1.0451, Val Acc: 80.27%
No improvement for 9 epoch(s).
Epoch[40/200] Train Loss: 0.0871, Train Acc: 97.44%
Epoch[40/200] Val Loss: 1.1329, Val Acc: 80.18%
No improvement for 10 epoch(s).
Epoch[41/200] Train Loss: 0.0685, Train Acc: 97.57%
Epoch[41/200] Val Loss: 1.1064, Val Acc: 79.96%
No improvement for 11 epoch(s).
Epoch[42/200] Train Loss: 0.0566, Train Acc: 98.31%
Epoch[42/200] Val Loss: 1.0555, Val Acc: 82.14%
No improvement for 12 epoch(s).
Epoch[43/200] Train Loss: 0.0319, Train Acc: 98.96%
Epoch[43/200] Val Loss: 1.0854, Val Acc: 80.80%
No improvement for 13 epoch(s).
Epoch[44/200] Train Loss: 0.0257, Train Acc: 99.18%
Epoch[44/200] Val Loss: 1.0962, Val Acc: 82.54%
No improvement for 14 epoch(s).
Epoch[45/200] Train Loss: 0.0168, Train Acc: 99.48%
Epoch[45/200] Val Loss: 1.0754, Val Acc: 82.54%
No improvement for 15 epoch(s).
Epoch[46/200] Train Loss: 0.0150, Train Acc: 99.57%
Epoch[46/200] Val Loss: 1.0462, Val Acc: 83.48%
Validation accuracy improved (82.5446 -> 83.4821).
Saved checkpoint: /media/icnlab/Data/Thang/plan_dieases/context_moe/checkpoints/plantdoc/pretrain_weight/shufflenetv2/seed_46/run_20260511-020618/best_checkpoint.pth
Epoch[47/200] Train Loss: 0.0148, Train Acc: 99.61%
Epoch[47/200] Val Loss: 1.1162, Val Acc: 83.08%
No improvement for 1 epoch(s).
Epoch[48/200] Train Loss: 0.0123, Train Acc: 99.48%
Epoch[48/200] Val Loss: 1.0956, Val Acc: 82.46%
No improvement for 2 epoch(s).
Epoch[49/200] Train Loss: 0.0119, Train Acc: 99.52%
Epoch[49/200] Val Loss: 1.1980, Val Acc: 81.74%
No improvement for 3 epoch(s).
Epoch[50/200] Train Loss: 0.0092, Train Acc: 99.74%
Epoch[50/200] Val Loss: 1.1560, Val Acc: 81.21%
No improvement for 4 epoch(s).
Epoch[51/200] Train Loss: 0.0095, Train Acc: 99.65%
Epoch[51/200] Val Loss: 1.1255, Val Acc: 83.08%
No improvement for 5 epoch(s).
Epoch[52/200] Train Loss: 0.0091, Train Acc: 99.65%
Epoch[52/200] Val Loss: 1.1381, Val Acc: 82.68%
No improvement for 6 epoch(s).
Epoch[53/200] Train Loss: 0.0086, Train Acc: 99.74%
Epoch[53/200] Val Loss: 1.1519, Val Acc: 82.68%
No improvement for 7 epoch(s).
Epoch[54/200] Train Loss: 0.0097, Train Acc: 99.61%
Epoch[54/200] Val Loss: 1.1418, Val Acc: 82.68%
No improvement for 8 epoch(s).
Epoch[55/200] Train Loss: 0.0086, Train Acc: 99.74%
Epoch[55/200] Val Loss: 1.1513, Val Acc: 82.37%
No improvement for 9 epoch(s).
Epoch[56/200] Train Loss: 0.0089, Train Acc: 99.74%
Epoch[56/200] Val Loss: 1.1369, Val Acc: 82.99%
No improvement for 10 epoch(s).
Epoch[57/200] Train Loss: 0.0063, Train Acc: 99.78%
Epoch[57/200] Val Loss: 1.1559, Val Acc: 81.43%
No improvement for 11 epoch(s).
Epoch[58/200] Train Loss: 0.0063, Train Acc: 99.74%
Epoch[58/200] Val Loss: 1.1738, Val Acc: 81.43%
No improvement for 12 epoch(s).
Epoch[59/200] Train Loss: 0.0066, Train Acc: 99.65%
Epoch[59/200] Val Loss: 1.1913, Val Acc: 84.33%
Validation accuracy improved (83.4821 -> 84.3304).
Saved checkpoint: /media/icnlab/Data/Thang/plan_dieases/context_moe/checkpoints/plantdoc/pretrain_weight/shufflenetv2/seed_46/run_20260511-020618/best_checkpoint.pth
Epoch[60/200] Train Loss: 0.0062, Train Acc: 99.78%
Epoch[60/200] Val Loss: 1.1770, Val Acc: 82.99%
No improvement for 1 epoch(s).
Epoch[61/200] Train Loss: 0.0064, Train Acc: 99.83%
Epoch[61/200] Val Loss: 1.1473, Val Acc: 84.11%
No improvement for 2 epoch(s).
Epoch[62/200] Train Loss: 0.0046, Train Acc: 99.87%
Epoch[62/200] Val Loss: 1.1423, Val Acc: 83.39%
No improvement for 3 epoch(s).
Epoch[63/200] Train Loss: 0.0046, Train Acc: 99.91%
Epoch[63/200] Val Loss: 1.1375, Val Acc: 83.39%
No improvement for 4 epoch(s).
Epoch[64/200] Train Loss: 0.0078, Train Acc: 99.66%
Epoch[64/200] Val Loss: 1.1731, Val Acc: 83.48%
No improvement for 5 epoch(s).
Epoch[65/200] Train Loss: 0.0086, Train Acc: 99.57%
Epoch[65/200] Val Loss: 1.1745, Val Acc: 85.36%
Validation accuracy improved (84.3304 -> 85.3571).
Saved checkpoint: /media/icnlab/Data/Thang/plan_dieases/context_moe/checkpoints/plantdoc/pretrain_weight/shufflenetv2/seed_46/run_20260511-020618/best_checkpoint.pth
Epoch[66/200] Train Loss: 0.0053, Train Acc: 99.70%
Epoch[66/200] Val Loss: 1.2380, Val Acc: 84.33%
No improvement for 1 epoch(s).
Epoch[67/200] Train Loss: 0.0046, Train Acc: 99.87%
Epoch[67/200] Val Loss: 1.1959, Val Acc: 83.30%
No improvement for 2 epoch(s).
Epoch[68/200] Train Loss: 0.0064, Train Acc: 99.74%
Epoch[68/200] Val Loss: 1.1503, Val Acc: 84.96%
No improvement for 3 epoch(s).
Epoch[69/200] Train Loss: 0.0064, Train Acc: 99.83%
Epoch[69/200] Val Loss: 1.1617, Val Acc: 84.33%
No improvement for 4 epoch(s).
Epoch[70/200] Train Loss: 0.0038, Train Acc: 99.87%
Epoch[70/200] Val Loss: 1.1843, Val Acc: 84.33%
No improvement for 5 epoch(s).
Epoch[71/200] Train Loss: 0.0038, Train Acc: 99.83%
Epoch[71/200] Val Loss: 1.1913, Val Acc: 84.33%
No improvement for 6 epoch(s).
Epoch[72/200] Train Loss: 0.0055, Train Acc: 99.83%
Epoch[72/200] Val Loss: 1.1799, Val Acc: 83.08%
No improvement for 7 epoch(s).
Epoch[73/200] Train Loss: 0.0048, Train Acc: 99.70%
Epoch[73/200] Val Loss: 1.1608, Val Acc: 84.33%
No improvement for 8 epoch(s).
Epoch[74/200] Train Loss: 0.0043, Train Acc: 99.83%
Epoch[74/200] Val Loss: 1.1757, Val Acc: 83.39%
No improvement for 9 epoch(s).
Epoch[75/200] Train Loss: 0.0029, Train Acc: 99.91%
Epoch[75/200] Val Loss: 1.1774, Val Acc: 84.33%
No improvement for 10 epoch(s).
Epoch[76/200] Train Loss: 0.0040, Train Acc: 99.87%
Epoch[76/200] Val Loss: 1.1913, Val Acc: 84.02%
No improvement for 11 epoch(s).
Epoch[77/200] Train Loss: 0.0037, Train Acc: 99.79%
Epoch[77/200] Val Loss: 1.1963, Val Acc: 84.33%
No improvement for 12 epoch(s).
Epoch[78/200] Train Loss: 0.0033, Train Acc: 99.96%
Epoch[78/200] Val Loss: 1.1834, Val Acc: 84.96%
No improvement for 13 epoch(s).
Epoch[79/200] Train Loss: 0.0074, Train Acc: 99.70%
Epoch[79/200] Val Loss: 1.1845, Val Acc: 84.33%
No improvement for 14 epoch(s).
Epoch[80/200] Train Loss: 0.0039, Train Acc: 99.87%
Epoch[80/200] Val Loss: 1.1927, Val Acc: 83.62%
No improvement for 15 epoch(s).
Epoch[81/200] Train Loss: 0.0032, Train Acc: 99.87%
Epoch[81/200] Val Loss: 1.1921, Val Acc: 84.64%
No improvement for 16 epoch(s).
Epoch[82/200] Train Loss: 0.0046, Train Acc: 99.78%
Epoch[82/200] Val Loss: 1.2082, Val Acc: 84.42%
No improvement for 17 epoch(s).
Epoch[83/200] Train Loss: 0.0027, Train Acc: 99.96%
Epoch[83/200] Val Loss: 1.1917, Val Acc: 83.39%
No improvement for 18 epoch(s).
Epoch[84/200] Train Loss: 0.0025, Train Acc: 99.96%
Epoch[84/200] Val Loss: 1.2046, Val Acc: 84.02%
No improvement for 19 epoch(s).
Epoch[85/200] Train Loss: 0.0033, Train Acc: 99.87%
Epoch[85/200] Val Loss: 1.1804, Val Acc: 84.64%
No improvement for 20 epoch(s).
Epoch[86/200] Train Loss: 0.0020, Train Acc: 99.91%
Epoch[86/200] Val Loss: 1.1974, Val Acc: 83.71%
No improvement for 21 epoch(s).
Epoch[87/200] Train Loss: 0.0059, Train Acc: 99.87%
Epoch[87/200] Val Loss: 1.1761, Val Acc: 83.39%
No improvement for 22 epoch(s).
Epoch[88/200] Train Loss: 0.0037, Train Acc: 99.78%
Epoch[88/200] Val Loss: 1.1753, Val Acc: 82.68%
No improvement for 23 epoch(s).
Epoch[89/200] Train Loss: 0.0028, Train Acc: 99.96%
Epoch[89/200] Val Loss: 1.1714, Val Acc: 83.39%
No improvement for 24 epoch(s).
Epoch[90/200] Train Loss: 0.0025, Train Acc: 99.91%
Epoch[90/200] Val Loss: 1.1682, Val Acc: 82.37%
No improvement for 25 epoch(s).
Epoch[91/200] Train Loss: 0.0025, Train Acc: 99.91%
Epoch[91/200] Val Loss: 1.1735, Val Acc: 83.79%
No improvement for 26 epoch(s).
Epoch[92/200] Train Loss: 0.0022, Train Acc: 100.00%
Epoch[92/200] Val Loss: 1.1596, Val Acc: 82.37%
No improvement for 27 epoch(s).
Epoch[93/200] Train Loss: 0.0031, Train Acc: 99.83%
Epoch[93/200] Val Loss: 1.1703, Val Acc: 82.77%
No improvement for 28 epoch(s).
Epoch[94/200] Train Loss: 0.0018, Train Acc: 99.91%
Epoch[94/200] Val Loss: 1.1723, Val Acc: 83.71%
No improvement for 29 epoch(s).
Epoch[95/200] Train Loss: 0.0029, Train Acc: 99.96%
Epoch[95/200] Val Loss: 1.1692, Val Acc: 84.73%
No improvement for 30 epoch(s).
Epoch[96/200] Train Loss: 0.0029, Train Acc: 99.87%
Epoch[96/200] Val Loss: 1.2121, Val Acc: 84.02%
No improvement for 31 epoch(s).
Epoch[97/200] Train Loss: 0.0036, Train Acc: 99.91%
Epoch[97/200] Val Loss: 1.2102, Val Acc: 83.39%
No improvement for 32 epoch(s).
Epoch[98/200] Train Loss: 0.0026, Train Acc: 99.96%
Epoch[98/200] Val Loss: 1.2321, Val Acc: 83.39%
No improvement for 33 epoch(s).
Epoch[99/200] Train Loss: 0.0035, Train Acc: 99.83%
Epoch[99/200] Val Loss: 1.2272, Val Acc: 82.37%
No improvement for 34 epoch(s).
Epoch[100/200] Train Loss: 0.0042, Train Acc: 99.78%
Epoch[100/200] Val Loss: 1.2201, Val Acc: 83.71%
No improvement for 35 epoch(s).
Epoch[101/200] Train Loss: 0.0044, Train Acc: 99.84%
Epoch[101/200] Val Loss: 1.1796, Val Acc: 82.68%
No improvement for 36 epoch(s).
Epoch[102/200] Train Loss: 0.0024, Train Acc: 99.96%
Epoch[102/200] Val Loss: 1.2014, Val Acc: 83.30%
No improvement for 37 epoch(s).
Epoch[103/200] Train Loss: 0.0020, Train Acc: 99.91%
Epoch[103/200] Val Loss: 1.1878, Val Acc: 83.39%
No improvement for 38 epoch(s).
Epoch[104/200] Train Loss: 0.0018, Train Acc: 99.91%
Epoch[104/200] Val Loss: 1.1786, Val Acc: 83.39%
No improvement for 39 epoch(s).
Epoch[105/200] Train Loss: 0.0021, Train Acc: 100.00%
Epoch[105/200] Val Loss: 1.2205, Val Acc: 83.08%
No improvement for 40 epoch(s).
Epoch[106/200] Train Loss: 0.0020, Train Acc: 99.96%
Epoch[106/200] Val Loss: 1.1767, Val Acc: 82.68%
No improvement for 41 epoch(s).
Epoch[107/200] Train Loss: 0.0019, Train Acc: 99.96%
Epoch[107/200] Val Loss: 1.1741, Val Acc: 82.68%
No improvement for 42 epoch(s).
Epoch[108/200] Train Loss: 0.0023, Train Acc: 99.96%
Epoch[108/200] Val Loss: 1.1886, Val Acc: 82.99%
No improvement for 43 epoch(s).
Epoch[109/200] Train Loss: 0.0034, Train Acc: 99.83%
Epoch[109/200] Val Loss: 1.1998, Val Acc: 83.71%
No improvement for 44 epoch(s).
Epoch[110/200] Train Loss: 0.0030, Train Acc: 99.87%
Epoch[110/200] Val Loss: 1.2158, Val Acc: 84.02%
No improvement for 45 epoch(s).
Epoch[111/200] Train Loss: 0.0016, Train Acc: 99.91%
Epoch[111/200] Val Loss: 1.2104, Val Acc: 83.30%
No improvement for 46 epoch(s).
Epoch[112/200] Train Loss: 0.0026, Train Acc: 99.87%
Epoch[112/200] Val Loss: 1.2186, Val Acc: 83.39%
No improvement for 47 epoch(s).
Epoch[113/200] Train Loss: 0.0023, Train Acc: 99.87%
Epoch[113/200] Val Loss: 1.1888, Val Acc: 83.08%
No improvement for 48 epoch(s).
Epoch[114/200] Train Loss: 0.0030, Train Acc: 99.87%
Epoch[114/200] Val Loss: 1.2009, Val Acc: 83.71%
No improvement for 49 epoch(s).
Epoch[115/200] Train Loss: 0.0017, Train Acc: 99.96%
Epoch[115/200] Val Loss: 1.1981, Val Acc: 84.64%
No improvement for 50 epoch(s).
Early stopping triggered. No improvement in validation acc for 50 epochs.
Saved checkpoint: /media/icnlab/Data/Thang/plan_dieases/context_moe/checkpoints/plantdoc/pretrain_weight/shufflenetv2/seed_46/run_20260511-020618/last_checkpoint.pth
Training finished. Best val acc: 85.3571 at epoch 65
Saved training plot to /media/icnlab/Data/Thang/plan_dieases/context_moe/checkpoints/plantdoc/pretrain_weight/shufflenetv2/seed_46/run_20260511-020618/loss_acc_plot.png
