Epoch[1/200] Train Loss: 2.0310, Train Acc: 24.41%
Epoch[1/200] Val Loss: 1.9421, Val Acc: 25.00%
Validation accuracy improved (-inf -> 25.0000).
Saved checkpoint: /media/icnlab/Data/Thang/plan_dieases/context_moe/checkpoints/plantdoc/pretrain_weight/squeezenet/seed_43/run_20260511-031929/best_checkpoint.pth
Epoch[2/200] Train Loss: 1.8362, Train Acc: 34.58%
Epoch[2/200] Val Loss: 1.8153, Val Acc: 37.86%
Validation accuracy improved (25.0000 -> 37.8571).
Saved checkpoint: /media/icnlab/Data/Thang/plan_dieases/context_moe/checkpoints/plantdoc/pretrain_weight/squeezenet/seed_43/run_20260511-031929/best_checkpoint.pth
Epoch[3/200] Train Loss: 1.7343, Train Acc: 43.20%
Epoch[3/200] Val Loss: 1.6417, Val Acc: 43.75%
Validation accuracy improved (37.8571 -> 43.7500).
Saved checkpoint: /media/icnlab/Data/Thang/plan_dieases/context_moe/checkpoints/plantdoc/pretrain_weight/squeezenet/seed_43/run_20260511-031929/best_checkpoint.pth
Epoch[4/200] Train Loss: 1.6244, Train Acc: 43.71%
Epoch[4/200] Val Loss: 1.7277, Val Acc: 35.27%
No improvement for 1 epoch(s).
Epoch[5/200] Train Loss: 1.5675, Train Acc: 47.07%
Epoch[5/200] Val Loss: 1.6324, Val Acc: 33.48%
No improvement for 2 epoch(s).
Epoch[6/200] Train Loss: 1.4694, Train Acc: 49.55%
Epoch[6/200] Val Loss: 1.4369, Val Acc: 42.50%
No improvement for 3 epoch(s).
Epoch[7/200] Train Loss: 1.4403, Train Acc: 50.53%
Epoch[7/200] Val Loss: 1.6757, Val Acc: 39.60%
No improvement for 4 epoch(s).
Epoch[8/200] Train Loss: 1.4370, Train Acc: 52.20%
Epoch[8/200] Val Loss: 1.3813, Val Acc: 53.71%
Validation accuracy improved (43.7500 -> 53.7054).
Saved checkpoint: /media/icnlab/Data/Thang/plan_dieases/context_moe/checkpoints/plantdoc/pretrain_weight/squeezenet/seed_43/run_20260511-031929/best_checkpoint.pth
Epoch[9/200] Train Loss: 1.3298, Train Acc: 53.92%
Epoch[9/200] Val Loss: 1.3746, Val Acc: 51.83%
No improvement for 1 epoch(s).
Epoch[10/200] Train Loss: 1.3435, Train Acc: 55.45%
Epoch[10/200] Val Loss: 1.3612, Val Acc: 54.02%
Validation accuracy improved (53.7054 -> 54.0179).
Saved checkpoint: /media/icnlab/Data/Thang/plan_dieases/context_moe/checkpoints/plantdoc/pretrain_weight/squeezenet/seed_43/run_20260511-031929/best_checkpoint.pth
Epoch[11/200] Train Loss: 1.3145, Train Acc: 55.28%
Epoch[11/200] Val Loss: 1.4041, Val Acc: 52.37%
No improvement for 1 epoch(s).
Epoch[12/200] Train Loss: 1.2726, Train Acc: 56.93%
Epoch[12/200] Val Loss: 1.3902, Val Acc: 49.02%
No improvement for 2 epoch(s).
Epoch[13/200] Train Loss: 1.3054, Train Acc: 54.85%
Epoch[13/200] Val Loss: 1.3975, Val Acc: 55.98%
Validation accuracy improved (54.0179 -> 55.9821).
Saved checkpoint: /media/icnlab/Data/Thang/plan_dieases/context_moe/checkpoints/plantdoc/pretrain_weight/squeezenet/seed_43/run_20260511-031929/best_checkpoint.pth
Epoch[14/200] Train Loss: 1.2544, Train Acc: 57.64%
Epoch[14/200] Val Loss: 1.2673, Val Acc: 51.12%
No improvement for 1 epoch(s).
Epoch[15/200] Train Loss: 1.2459, Train Acc: 56.10%
Epoch[15/200] Val Loss: 1.2645, Val Acc: 56.92%
Validation accuracy improved (55.9821 -> 56.9196).
Saved checkpoint: /media/icnlab/Data/Thang/plan_dieases/context_moe/checkpoints/plantdoc/pretrain_weight/squeezenet/seed_43/run_20260511-031929/best_checkpoint.pth
Epoch[16/200] Train Loss: 1.1620, Train Acc: 61.05%
Epoch[16/200] Val Loss: 1.2720, Val Acc: 52.90%
No improvement for 1 epoch(s).
Epoch[17/200] Train Loss: 1.2201, Train Acc: 57.94%
Epoch[17/200] Val Loss: 1.2184, Val Acc: 56.43%
No improvement for 2 epoch(s).
Epoch[18/200] Train Loss: 1.1729, Train Acc: 58.69%
Epoch[18/200] Val Loss: 1.2617, Val Acc: 60.94%
Validation accuracy improved (56.9196 -> 60.9375).
Saved checkpoint: /media/icnlab/Data/Thang/plan_dieases/context_moe/checkpoints/plantdoc/pretrain_weight/squeezenet/seed_43/run_20260511-031929/best_checkpoint.pth
Epoch[19/200] Train Loss: 1.1115, Train Acc: 61.30%
Epoch[19/200] Val Loss: 1.2317, Val Acc: 57.68%
No improvement for 1 epoch(s).
Epoch[20/200] Train Loss: 1.0759, Train Acc: 63.41%
Epoch[20/200] Val Loss: 1.1974, Val Acc: 59.11%
No improvement for 2 epoch(s).
Epoch[21/200] Train Loss: 1.1173, Train Acc: 62.82%
Epoch[21/200] Val Loss: 1.1973, Val Acc: 55.80%
No improvement for 3 epoch(s).
Epoch[22/200] Train Loss: 1.0778, Train Acc: 63.93%
Epoch[22/200] Val Loss: 1.3383, Val Acc: 59.20%
No improvement for 4 epoch(s).
Epoch[23/200] Train Loss: 1.0703, Train Acc: 63.40%
Epoch[23/200] Val Loss: 1.2677, Val Acc: 57.46%
No improvement for 5 epoch(s).
Epoch[24/200] Train Loss: 1.0493, Train Acc: 64.51%
Epoch[24/200] Val Loss: 1.3321, Val Acc: 52.10%
No improvement for 6 epoch(s).
Epoch[25/200] Train Loss: 1.0505, Train Acc: 65.22%
Epoch[25/200] Val Loss: 1.2532, Val Acc: 60.76%
No improvement for 7 epoch(s).
Epoch[26/200] Train Loss: 1.0676, Train Acc: 62.18%
Epoch[26/200] Val Loss: 1.2438, Val Acc: 59.02%
No improvement for 8 epoch(s).
Epoch[27/200] Train Loss: 1.0486, Train Acc: 65.84%
Epoch[27/200] Val Loss: 1.2647, Val Acc: 52.90%
No improvement for 9 epoch(s).
Epoch[28/200] Train Loss: 0.9629, Train Acc: 66.08%
Epoch[28/200] Val Loss: 1.2683, Val Acc: 56.25%
No improvement for 10 epoch(s).
Epoch[29/200] Train Loss: 0.9507, Train Acc: 67.81%
Epoch[29/200] Val Loss: 1.3858, Val Acc: 60.45%
No improvement for 11 epoch(s).
Epoch[30/200] Train Loss: 0.9633, Train Acc: 65.12%
Epoch[30/200] Val Loss: 1.1211, Val Acc: 59.96%
No improvement for 12 epoch(s).
Epoch[31/200] Train Loss: 0.8675, Train Acc: 70.29%
Epoch[31/200] Val Loss: 1.1415, Val Acc: 61.38%
Validation accuracy improved (60.9375 -> 61.3839).
Saved checkpoint: /media/icnlab/Data/Thang/plan_dieases/context_moe/checkpoints/plantdoc/pretrain_weight/squeezenet/seed_43/run_20260511-031929/best_checkpoint.pth
Epoch[32/200] Train Loss: 0.8429, Train Acc: 70.67%
Epoch[32/200] Val Loss: 1.2303, Val Acc: 57.46%
No improvement for 1 epoch(s).
Epoch[33/200] Train Loss: 0.8029, Train Acc: 70.55%
Epoch[33/200] Val Loss: 1.1621, Val Acc: 62.46%
Validation accuracy improved (61.3839 -> 62.4554).
Saved checkpoint: /media/icnlab/Data/Thang/plan_dieases/context_moe/checkpoints/plantdoc/pretrain_weight/squeezenet/seed_43/run_20260511-031929/best_checkpoint.pth
Epoch[34/200] Train Loss: 0.7984, Train Acc: 71.74%
Epoch[34/200] Val Loss: 1.2222, Val Acc: 62.95%
Validation accuracy improved (62.4554 -> 62.9464).
Saved checkpoint: /media/icnlab/Data/Thang/plan_dieases/context_moe/checkpoints/plantdoc/pretrain_weight/squeezenet/seed_43/run_20260511-031929/best_checkpoint.pth
Epoch[35/200] Train Loss: 0.8321, Train Acc: 70.54%
Epoch[35/200] Val Loss: 1.1163, Val Acc: 62.32%
No improvement for 1 epoch(s).
Epoch[36/200] Train Loss: 0.7720, Train Acc: 72.44%
Epoch[36/200] Val Loss: 1.1407, Val Acc: 61.92%
No improvement for 2 epoch(s).
Epoch[37/200] Train Loss: 0.8018, Train Acc: 71.70%
Epoch[37/200] Val Loss: 1.1924, Val Acc: 56.74%
No improvement for 3 epoch(s).
Epoch[38/200] Train Loss: 0.7501, Train Acc: 72.41%
Epoch[38/200] Val Loss: 1.2443, Val Acc: 61.38%
No improvement for 4 epoch(s).
Epoch[39/200] Train Loss: 0.7580, Train Acc: 72.80%
Epoch[39/200] Val Loss: 1.1361, Val Acc: 65.13%
Validation accuracy improved (62.9464 -> 65.1339).
Saved checkpoint: /media/icnlab/Data/Thang/plan_dieases/context_moe/checkpoints/plantdoc/pretrain_weight/squeezenet/seed_43/run_20260511-031929/best_checkpoint.pth
Epoch[40/200] Train Loss: 0.7708, Train Acc: 72.14%
Epoch[40/200] Val Loss: 1.1878, Val Acc: 65.62%
Validation accuracy improved (65.1339 -> 65.6250).
Saved checkpoint: /media/icnlab/Data/Thang/plan_dieases/context_moe/checkpoints/plantdoc/pretrain_weight/squeezenet/seed_43/run_20260511-031929/best_checkpoint.pth
Epoch[41/200] Train Loss: 0.7457, Train Acc: 73.79%
Epoch[41/200] Val Loss: 1.1209, Val Acc: 64.51%
No improvement for 1 epoch(s).
Epoch[42/200] Train Loss: 0.7085, Train Acc: 75.18%
Epoch[42/200] Val Loss: 1.1450, Val Acc: 62.77%
No improvement for 2 epoch(s).
Epoch[43/200] Train Loss: 0.7273, Train Acc: 73.95%
Epoch[43/200] Val Loss: 1.2401, Val Acc: 61.92%
No improvement for 3 epoch(s).
Epoch[44/200] Train Loss: 0.7375, Train Acc: 73.91%
Epoch[44/200] Val Loss: 1.1770, Val Acc: 62.86%
No improvement for 4 epoch(s).
Epoch[45/200] Train Loss: 0.7495, Train Acc: 73.47%
Epoch[45/200] Val Loss: 1.1744, Val Acc: 62.86%
No improvement for 5 epoch(s).
Epoch[46/200] Train Loss: 0.6753, Train Acc: 75.82%
Epoch[46/200] Val Loss: 1.3664, Val Acc: 60.04%
No improvement for 6 epoch(s).
Epoch[47/200] Train Loss: 0.6953, Train Acc: 75.58%
Epoch[47/200] Val Loss: 1.2499, Val Acc: 65.04%
No improvement for 7 epoch(s).
Epoch[48/200] Train Loss: 0.7155, Train Acc: 73.65%
Epoch[48/200] Val Loss: 1.1712, Val Acc: 65.04%
No improvement for 8 epoch(s).
Epoch[49/200] Train Loss: 0.7263, Train Acc: 73.33%
Epoch[49/200] Val Loss: 1.1788, Val Acc: 62.54%
No improvement for 9 epoch(s).
Epoch[50/200] Train Loss: 0.6742, Train Acc: 75.39%
Epoch[50/200] Val Loss: 1.1397, Val Acc: 61.52%
No improvement for 10 epoch(s).
Epoch[51/200] Train Loss: 0.6355, Train Acc: 76.81%
Epoch[51/200] Val Loss: 1.3097, Val Acc: 61.43%
No improvement for 11 epoch(s).
Epoch[52/200] Train Loss: 0.5879, Train Acc: 77.82%
Epoch[52/200] Val Loss: 1.1612, Val Acc: 67.32%
Validation accuracy improved (65.6250 -> 67.3214).
Saved checkpoint: /media/icnlab/Data/Thang/plan_dieases/context_moe/checkpoints/plantdoc/pretrain_weight/squeezenet/seed_43/run_20260511-031929/best_checkpoint.pth
Epoch[53/200] Train Loss: 0.5308, Train Acc: 79.48%
Epoch[53/200] Val Loss: 1.2923, Val Acc: 65.67%
No improvement for 1 epoch(s).
Epoch[54/200] Train Loss: 0.5200, Train Acc: 81.37%
Epoch[54/200] Val Loss: 1.2568, Val Acc: 63.39%
No improvement for 2 epoch(s).
Epoch[55/200] Train Loss: 0.5182, Train Acc: 80.79%
Epoch[55/200] Val Loss: 1.2282, Val Acc: 69.38%
Validation accuracy improved (67.3214 -> 69.3750).
Saved checkpoint: /media/icnlab/Data/Thang/plan_dieases/context_moe/checkpoints/plantdoc/pretrain_weight/squeezenet/seed_43/run_20260511-031929/best_checkpoint.pth
Epoch[56/200] Train Loss: 0.5104, Train Acc: 81.61%
Epoch[56/200] Val Loss: 1.2349, Val Acc: 65.54%
No improvement for 1 epoch(s).
Epoch[57/200] Train Loss: 0.4932, Train Acc: 81.81%
Epoch[57/200] Val Loss: 1.3508, Val Acc: 70.40%
Validation accuracy improved (69.3750 -> 70.4018).
Saved checkpoint: /media/icnlab/Data/Thang/plan_dieases/context_moe/checkpoints/plantdoc/pretrain_weight/squeezenet/seed_43/run_20260511-031929/best_checkpoint.pth
Epoch[58/200] Train Loss: 0.5134, Train Acc: 81.13%
Epoch[58/200] Val Loss: 1.3438, Val Acc: 64.82%
No improvement for 1 epoch(s).
Epoch[59/200] Train Loss: 0.4689, Train Acc: 81.89%
Epoch[59/200] Val Loss: 1.3445, Val Acc: 65.54%
No improvement for 2 epoch(s).
Epoch[60/200] Train Loss: 0.4748, Train Acc: 82.02%
Epoch[60/200] Val Loss: 1.3115, Val Acc: 66.88%
No improvement for 3 epoch(s).
Epoch[61/200] Train Loss: 0.4596, Train Acc: 82.37%
Epoch[61/200] Val Loss: 1.3867, Val Acc: 68.44%
No improvement for 4 epoch(s).
Epoch[62/200] Train Loss: 0.4720, Train Acc: 82.07%
Epoch[62/200] Val Loss: 1.3330, Val Acc: 65.85%
No improvement for 5 epoch(s).
Epoch[63/200] Train Loss: 0.4788, Train Acc: 82.19%
Epoch[63/200] Val Loss: 1.4084, Val Acc: 69.60%
No improvement for 6 epoch(s).
Epoch[64/200] Train Loss: 0.4673, Train Acc: 83.22%
Epoch[64/200] Val Loss: 1.3619, Val Acc: 66.70%
No improvement for 7 epoch(s).
Epoch[65/200] Train Loss: 0.4259, Train Acc: 83.63%
Epoch[65/200] Val Loss: 1.3778, Val Acc: 69.06%
No improvement for 8 epoch(s).
Epoch[66/200] Train Loss: 0.4203, Train Acc: 83.00%
Epoch[66/200] Val Loss: 1.4412, Val Acc: 68.44%
No improvement for 9 epoch(s).
Epoch[67/200] Train Loss: 0.4413, Train Acc: 83.42%
Epoch[67/200] Val Loss: 1.3798, Val Acc: 65.45%
No improvement for 10 epoch(s).
Epoch[68/200] Train Loss: 0.4133, Train Acc: 83.84%
Epoch[68/200] Val Loss: 1.2742, Val Acc: 66.65%
No improvement for 11 epoch(s).
Epoch[69/200] Train Loss: 0.3973, Train Acc: 84.55%
Epoch[69/200] Val Loss: 1.3027, Val Acc: 68.04%
No improvement for 12 epoch(s).
Epoch[70/200] Train Loss: 0.3318, Train Acc: 86.96%
Epoch[70/200] Val Loss: 1.3488, Val Acc: 70.00%
No improvement for 13 epoch(s).
Epoch[71/200] Train Loss: 0.3289, Train Acc: 86.45%
Epoch[71/200] Val Loss: 1.4191, Val Acc: 67.95%
No improvement for 14 epoch(s).
Epoch[72/200] Train Loss: 0.3194, Train Acc: 86.99%
Epoch[72/200] Val Loss: 1.5719, Val Acc: 67.10%
No improvement for 15 epoch(s).
Epoch[73/200] Train Loss: 0.3307, Train Acc: 87.17%
Epoch[73/200] Val Loss: 1.4211, Val Acc: 69.06%
No improvement for 16 epoch(s).
Epoch[74/200] Train Loss: 0.3227, Train Acc: 86.66%
Epoch[74/200] Val Loss: 1.4660, Val Acc: 71.25%
Validation accuracy improved (70.4018 -> 71.2500).
Saved checkpoint: /media/icnlab/Data/Thang/plan_dieases/context_moe/checkpoints/plantdoc/pretrain_weight/squeezenet/seed_43/run_20260511-031929/best_checkpoint.pth
Epoch[75/200] Train Loss: 0.3109, Train Acc: 87.97%
Epoch[75/200] Val Loss: 1.5885, Val Acc: 70.94%
No improvement for 1 epoch(s).
Epoch[76/200] Train Loss: 0.3053, Train Acc: 87.56%
Epoch[76/200] Val Loss: 1.4355, Val Acc: 65.67%
No improvement for 2 epoch(s).
Epoch[77/200] Train Loss: 0.3239, Train Acc: 88.15%
Epoch[77/200] Val Loss: 1.3984, Val Acc: 70.31%
No improvement for 3 epoch(s).
Epoch[78/200] Train Loss: 0.2912, Train Acc: 88.21%
Epoch[78/200] Val Loss: 1.4822, Val Acc: 68.66%
No improvement for 4 epoch(s).
Epoch[79/200] Train Loss: 0.2939, Train Acc: 88.61%
Epoch[79/200] Val Loss: 1.5598, Val Acc: 68.66%
No improvement for 5 epoch(s).
Epoch[80/200] Train Loss: 0.3029, Train Acc: 88.43%
Epoch[80/200] Val Loss: 1.3985, Val Acc: 67.23%
No improvement for 6 epoch(s).
Epoch[81/200] Train Loss: 0.3056, Train Acc: 88.30%
Epoch[81/200] Val Loss: 1.4821, Val Acc: 70.00%
No improvement for 7 epoch(s).
Epoch[82/200] Train Loss: 0.2827, Train Acc: 88.85%
Epoch[82/200] Val Loss: 1.5041, Val Acc: 70.62%
No improvement for 8 epoch(s).
Epoch[83/200] Train Loss: 0.2898, Train Acc: 88.51%
Epoch[83/200] Val Loss: 1.4701, Val Acc: 69.78%
No improvement for 9 epoch(s).
Epoch[84/200] Train Loss: 0.2791, Train Acc: 88.26%
Epoch[84/200] Val Loss: 1.5102, Val Acc: 71.34%
Validation accuracy improved (71.2500 -> 71.3393).
Saved checkpoint: /media/icnlab/Data/Thang/plan_dieases/context_moe/checkpoints/plantdoc/pretrain_weight/squeezenet/seed_43/run_20260511-031929/best_checkpoint.pth
Epoch[85/200] Train Loss: 0.2663, Train Acc: 89.11%
Epoch[85/200] Val Loss: 1.5284, Val Acc: 71.96%
Validation accuracy improved (71.3393 -> 71.9643).
Saved checkpoint: /media/icnlab/Data/Thang/plan_dieases/context_moe/checkpoints/plantdoc/pretrain_weight/squeezenet/seed_43/run_20260511-031929/best_checkpoint.pth
Epoch[86/200] Train Loss: 0.2681, Train Acc: 89.01%
Epoch[86/200] Val Loss: 1.6088, Val Acc: 70.40%
No improvement for 1 epoch(s).
Epoch[87/200] Train Loss: 0.2603, Train Acc: 89.81%
Epoch[87/200] Val Loss: 1.5889, Val Acc: 71.47%
No improvement for 2 epoch(s).
Epoch[88/200] Train Loss: 0.2467, Train Acc: 90.08%
Epoch[88/200] Val Loss: 1.6040, Val Acc: 72.59%
Validation accuracy improved (71.9643 -> 72.5893).
Saved checkpoint: /media/icnlab/Data/Thang/plan_dieases/context_moe/checkpoints/plantdoc/pretrain_weight/squeezenet/seed_43/run_20260511-031929/best_checkpoint.pth
Epoch[89/200] Train Loss: 0.2687, Train Acc: 89.29%
Epoch[89/200] Val Loss: 1.7328, Val Acc: 69.60%
No improvement for 1 epoch(s).
Epoch[90/200] Train Loss: 0.2692, Train Acc: 89.03%
Epoch[90/200] Val Loss: 1.5492, Val Acc: 71.03%
No improvement for 2 epoch(s).
Epoch[91/200] Train Loss: 0.2400, Train Acc: 90.64%
Epoch[91/200] Val Loss: 1.8314, Val Acc: 70.62%
No improvement for 3 epoch(s).
Epoch[92/200] Train Loss: 0.2575, Train Acc: 90.03%
Epoch[92/200] Val Loss: 1.6562, Val Acc: 70.22%
No improvement for 4 epoch(s).
Epoch[93/200] Train Loss: 0.2400, Train Acc: 90.41%
Epoch[93/200] Val Loss: 1.6406, Val Acc: 72.28%
No improvement for 5 epoch(s).
Epoch[94/200] Train Loss: 0.2477, Train Acc: 89.66%
Epoch[94/200] Val Loss: 1.6127, Val Acc: 72.37%
No improvement for 6 epoch(s).
Epoch[95/200] Train Loss: 0.2505, Train Acc: 90.86%
Epoch[95/200] Val Loss: 1.5678, Val Acc: 72.19%
No improvement for 7 epoch(s).
Epoch[96/200] Train Loss: 0.2368, Train Acc: 91.11%
Epoch[96/200] Val Loss: 1.7951, Val Acc: 73.53%
Validation accuracy improved (72.5893 -> 73.5268).
Saved checkpoint: /media/icnlab/Data/Thang/plan_dieases/context_moe/checkpoints/plantdoc/pretrain_weight/squeezenet/seed_43/run_20260511-031929/best_checkpoint.pth
Epoch[97/200] Train Loss: 0.2241, Train Acc: 91.06%
Epoch[97/200] Val Loss: 1.7088, Val Acc: 70.80%
No improvement for 1 epoch(s).
Epoch[98/200] Train Loss: 0.2112, Train Acc: 91.19%
Epoch[98/200] Val Loss: 1.8177, Val Acc: 72.90%
No improvement for 2 epoch(s).
Epoch[99/200] Train Loss: 0.2145, Train Acc: 91.55%
Epoch[99/200] Val Loss: 1.7955, Val Acc: 71.25%
No improvement for 3 epoch(s).
Epoch[100/200] Train Loss: 0.2190, Train Acc: 91.17%
Epoch[100/200] Val Loss: 1.8287, Val Acc: 69.78%
No improvement for 4 epoch(s).
Epoch[101/200] Train Loss: 0.2055, Train Acc: 91.69%
Epoch[101/200] Val Loss: 1.8002, Val Acc: 70.94%
No improvement for 5 epoch(s).
Epoch[102/200] Train Loss: 0.2290, Train Acc: 90.86%
Epoch[102/200] Val Loss: 1.6336, Val Acc: 72.19%
No improvement for 6 epoch(s).
Epoch[103/200] Train Loss: 0.2522, Train Acc: 90.29%
Epoch[103/200] Val Loss: 1.7372, Val Acc: 67.50%
No improvement for 7 epoch(s).
Epoch[104/200] Train Loss: 0.2135, Train Acc: 90.69%
Epoch[104/200] Val Loss: 1.7045, Val Acc: 70.62%
No improvement for 8 epoch(s).
Epoch[105/200] Train Loss: 0.2070, Train Acc: 91.64%
Epoch[105/200] Val Loss: 1.9231, Val Acc: 70.40%
No improvement for 9 epoch(s).
Epoch[106/200] Train Loss: 0.2210, Train Acc: 90.81%
Epoch[106/200] Val Loss: 1.7558, Val Acc: 70.85%
No improvement for 10 epoch(s).
Epoch[107/200] Train Loss: 0.1862, Train Acc: 92.54%
Epoch[107/200] Val Loss: 1.6502, Val Acc: 72.50%
No improvement for 11 epoch(s).
Epoch[108/200] Train Loss: 0.1616, Train Acc: 93.12%
Epoch[108/200] Val Loss: 1.7531, Val Acc: 72.19%
No improvement for 12 epoch(s).
Epoch[109/200] Train Loss: 0.1474, Train Acc: 93.89%
Epoch[109/200] Val Loss: 1.8928, Val Acc: 72.28%
No improvement for 13 epoch(s).
Epoch[110/200] Train Loss: 0.1484, Train Acc: 94.50%
Epoch[110/200] Val Loss: 1.9396, Val Acc: 71.79%
No improvement for 14 epoch(s).
Epoch[111/200] Train Loss: 0.1606, Train Acc: 93.76%
Epoch[111/200] Val Loss: 1.8510, Val Acc: 71.16%
No improvement for 15 epoch(s).
Epoch[112/200] Train Loss: 0.1443, Train Acc: 94.11%
Epoch[112/200] Val Loss: 1.8617, Val Acc: 71.79%
No improvement for 16 epoch(s).
Epoch[113/200] Train Loss: 0.1387, Train Acc: 93.84%
Epoch[113/200] Val Loss: 1.8914, Val Acc: 72.59%
No improvement for 17 epoch(s).
Epoch[114/200] Train Loss: 0.1550, Train Acc: 93.68%
Epoch[114/200] Val Loss: 1.9439, Val Acc: 70.13%
No improvement for 18 epoch(s).
Epoch[115/200] Train Loss: 0.1504, Train Acc: 94.02%
Epoch[115/200] Val Loss: 2.0433, Val Acc: 71.56%
No improvement for 19 epoch(s).
Epoch[116/200] Train Loss: 0.1442, Train Acc: 93.81%
Epoch[116/200] Val Loss: 1.9562, Val Acc: 70.22%
No improvement for 20 epoch(s).
Epoch[117/200] Train Loss: 0.1494, Train Acc: 93.24%
Epoch[117/200] Val Loss: 2.0059, Val Acc: 70.62%
No improvement for 21 epoch(s).
Epoch[118/200] Train Loss: 0.1247, Train Acc: 94.93%
Epoch[118/200] Val Loss: 2.0758, Val Acc: 70.22%
No improvement for 22 epoch(s).
Epoch[119/200] Train Loss: 0.1416, Train Acc: 94.63%
Epoch[119/200] Val Loss: 1.9951, Val Acc: 70.13%
No improvement for 23 epoch(s).
Epoch[120/200] Train Loss: 0.1418, Train Acc: 94.29%
Epoch[120/200] Val Loss: 1.9615, Val Acc: 71.47%
No improvement for 24 epoch(s).
Epoch[121/200] Train Loss: 0.1315, Train Acc: 94.41%
Epoch[121/200] Val Loss: 1.9935, Val Acc: 70.54%
No improvement for 25 epoch(s).
Epoch[122/200] Train Loss: 0.1230, Train Acc: 94.50%
Epoch[122/200] Val Loss: 2.0839, Val Acc: 73.21%
No improvement for 26 epoch(s).
Epoch[123/200] Train Loss: 0.1307, Train Acc: 94.60%
Epoch[123/200] Val Loss: 2.0582, Val Acc: 69.20%
No improvement for 27 epoch(s).
Epoch[124/200] Train Loss: 0.1261, Train Acc: 94.71%
Epoch[124/200] Val Loss: 2.1037, Val Acc: 70.85%
No improvement for 28 epoch(s).
Epoch[125/200] Train Loss: 0.1292, Train Acc: 94.79%
Epoch[125/200] Val Loss: 2.0118, Val Acc: 69.91%
No improvement for 29 epoch(s).
Epoch[126/200] Train Loss: 0.1123, Train Acc: 94.98%
Epoch[126/200] Val Loss: 2.0485, Val Acc: 71.79%
No improvement for 30 epoch(s).
Epoch[127/200] Train Loss: 0.1177, Train Acc: 94.88%
Epoch[127/200] Val Loss: 1.9884, Val Acc: 70.45%
No improvement for 31 epoch(s).
Epoch[128/200] Train Loss: 0.1118, Train Acc: 95.15%
Epoch[128/200] Val Loss: 2.0714, Val Acc: 71.16%
No improvement for 32 epoch(s).
Epoch[129/200] Train Loss: 0.1092, Train Acc: 95.27%
Epoch[129/200] Val Loss: 2.1213, Val Acc: 71.79%
No improvement for 33 epoch(s).
Epoch[130/200] Train Loss: 0.1132, Train Acc: 95.12%
Epoch[130/200] Val Loss: 2.1240, Val Acc: 70.85%
No improvement for 34 epoch(s).
Epoch[131/200] Train Loss: 0.1099, Train Acc: 96.11%
Epoch[131/200] Val Loss: 2.1485, Val Acc: 71.79%
No improvement for 35 epoch(s).
Epoch[132/200] Train Loss: 0.0996, Train Acc: 95.84%
Epoch[132/200] Val Loss: 2.1389, Val Acc: 71.79%
No improvement for 36 epoch(s).
Epoch[133/200] Train Loss: 0.1113, Train Acc: 95.37%
Epoch[133/200] Val Loss: 2.1744, Val Acc: 71.47%
No improvement for 37 epoch(s).
Epoch[134/200] Train Loss: 0.1044, Train Acc: 95.80%
Epoch[134/200] Val Loss: 2.1461, Val Acc: 69.82%
No improvement for 38 epoch(s).
Epoch[135/200] Train Loss: 0.0945, Train Acc: 95.79%
Epoch[135/200] Val Loss: 2.1458, Val Acc: 71.16%
No improvement for 39 epoch(s).
Epoch[136/200] Train Loss: 0.0963, Train Acc: 96.49%
Epoch[136/200] Val Loss: 2.1388, Val Acc: 70.85%
No improvement for 40 epoch(s).
Epoch[137/200] Train Loss: 0.1051, Train Acc: 95.49%
Epoch[137/200] Val Loss: 2.1795, Val Acc: 71.88%
No improvement for 41 epoch(s).
Epoch[138/200] Train Loss: 0.0935, Train Acc: 96.01%
Epoch[138/200] Val Loss: 2.1887, Val Acc: 72.19%
No improvement for 42 epoch(s).
Epoch[139/200] Train Loss: 0.1057, Train Acc: 95.51%
Epoch[139/200] Val Loss: 2.1713, Val Acc: 71.16%
No improvement for 43 epoch(s).
Epoch[140/200] Train Loss: 0.1037, Train Acc: 95.96%
Epoch[140/200] Val Loss: 2.1941, Val Acc: 70.54%
No improvement for 44 epoch(s).
Epoch[141/200] Train Loss: 0.0991, Train Acc: 95.71%
Epoch[141/200] Val Loss: 2.1762, Val Acc: 70.85%
No improvement for 45 epoch(s).
Epoch[142/200] Train Loss: 0.0988, Train Acc: 95.84%
Epoch[142/200] Val Loss: 2.1764, Val Acc: 70.54%
No improvement for 46 epoch(s).
Epoch[143/200] Train Loss: 0.0984, Train Acc: 95.70%
Epoch[143/200] Val Loss: 2.1862, Val Acc: 70.54%
No improvement for 47 epoch(s).
Epoch[144/200] Train Loss: 0.1044, Train Acc: 95.93%
Epoch[144/200] Val Loss: 2.1915, Val Acc: 71.25%
No improvement for 48 epoch(s).
Epoch[145/200] Train Loss: 0.0909, Train Acc: 96.32%
Epoch[145/200] Val Loss: 2.1994, Val Acc: 70.85%
No improvement for 49 epoch(s).
Epoch[146/200] Train Loss: 0.1028, Train Acc: 95.63%
Epoch[146/200] Val Loss: 2.2066, Val Acc: 70.54%
No improvement for 50 epoch(s).
Early stopping triggered. No improvement in validation acc for 50 epochs.
Saved checkpoint: /media/icnlab/Data/Thang/plan_dieases/context_moe/checkpoints/plantdoc/pretrain_weight/squeezenet/seed_43/run_20260511-031929/last_checkpoint.pth
Training finished. Best val acc: 73.5268 at epoch 96
Saved training plot to /media/icnlab/Data/Thang/plan_dieases/context_moe/checkpoints/plantdoc/pretrain_weight/squeezenet/seed_43/run_20260511-031929/loss_acc_plot.png
