Epoch[1/200] Train Loss: 1.3481, Train Acc: 55.08%
Epoch[1/200] Val Loss: 1.2649, Val Acc: 54.55%
Validation accuracy improved (-inf -> 54.5536).
Saved checkpoint: /media/icnlab/Data/Thang/plan_dieases/context_moe/checkpoints/plantdoc/pretrain_weight/shufflenetv2/seed_45/run_20260511-012316/best_checkpoint.pth
Epoch[2/200] Train Loss: 0.8808, Train Acc: 69.42%
Epoch[2/200] Val Loss: 1.1148, Val Acc: 65.27%
Validation accuracy improved (54.5536 -> 65.2679).
Saved checkpoint: /media/icnlab/Data/Thang/plan_dieases/context_moe/checkpoints/plantdoc/pretrain_weight/shufflenetv2/seed_45/run_20260511-012316/best_checkpoint.pth
Epoch[3/200] Train Loss: 0.7146, Train Acc: 76.26%
Epoch[3/200] Val Loss: 1.0469, Val Acc: 64.60%
No improvement for 1 epoch(s).
Epoch[4/200] Train Loss: 0.5528, Train Acc: 81.47%
Epoch[4/200] Val Loss: 0.9745, Val Acc: 71.43%
Validation accuracy improved (65.2679 -> 71.4286).
Saved checkpoint: /media/icnlab/Data/Thang/plan_dieases/context_moe/checkpoints/plantdoc/pretrain_weight/shufflenetv2/seed_45/run_20260511-012316/best_checkpoint.pth
Epoch[5/200] Train Loss: 0.4930, Train Acc: 82.59%
Epoch[5/200] Val Loss: 0.9922, Val Acc: 71.96%
Validation accuracy improved (71.4286 -> 71.9643).
Saved checkpoint: /media/icnlab/Data/Thang/plan_dieases/context_moe/checkpoints/plantdoc/pretrain_weight/shufflenetv2/seed_45/run_20260511-012316/best_checkpoint.pth
Epoch[6/200] Train Loss: 0.4455, Train Acc: 83.90%
Epoch[6/200] Val Loss: 1.1559, Val Acc: 73.08%
Validation accuracy improved (71.9643 -> 73.0804).
Saved checkpoint: /media/icnlab/Data/Thang/plan_dieases/context_moe/checkpoints/plantdoc/pretrain_weight/shufflenetv2/seed_45/run_20260511-012316/best_checkpoint.pth
Epoch[7/200] Train Loss: 0.4246, Train Acc: 84.93%
Epoch[7/200] Val Loss: 0.9843, Val Acc: 73.21%
Validation accuracy improved (73.0804 -> 73.2143).
Saved checkpoint: /media/icnlab/Data/Thang/plan_dieases/context_moe/checkpoints/plantdoc/pretrain_weight/shufflenetv2/seed_45/run_20260511-012316/best_checkpoint.pth
Epoch[8/200] Train Loss: 0.3018, Train Acc: 88.78%
Epoch[8/200] Val Loss: 1.0523, Val Acc: 77.99%
Validation accuracy improved (73.2143 -> 77.9911).
Saved checkpoint: /media/icnlab/Data/Thang/plan_dieases/context_moe/checkpoints/plantdoc/pretrain_weight/shufflenetv2/seed_45/run_20260511-012316/best_checkpoint.pth
Epoch[9/200] Train Loss: 0.3488, Train Acc: 88.00%
Epoch[9/200] Val Loss: 1.2371, Val Acc: 74.96%
No improvement for 1 epoch(s).
Epoch[10/200] Train Loss: 0.2805, Train Acc: 90.55%
Epoch[10/200] Val Loss: 1.0155, Val Acc: 76.56%
No improvement for 2 epoch(s).
Epoch[11/200] Train Loss: 0.2130, Train Acc: 91.85%
Epoch[11/200] Val Loss: 1.0655, Val Acc: 75.62%
No improvement for 3 epoch(s).
Epoch[12/200] Train Loss: 0.2552, Train Acc: 90.92%
Epoch[12/200] Val Loss: 1.0424, Val Acc: 72.59%
No improvement for 4 epoch(s).
Epoch[13/200] Train Loss: 0.2201, Train Acc: 92.16%
Epoch[13/200] Val Loss: 1.0744, Val Acc: 75.58%
No improvement for 5 epoch(s).
Epoch[14/200] Train Loss: 0.2047, Train Acc: 92.45%
Epoch[14/200] Val Loss: 1.0652, Val Acc: 77.05%
No improvement for 6 epoch(s).
Epoch[15/200] Train Loss: 0.2202, Train Acc: 92.29%
Epoch[15/200] Val Loss: 0.9617, Val Acc: 79.87%
Validation accuracy improved (77.9911 -> 79.8661).
Saved checkpoint: /media/icnlab/Data/Thang/plan_dieases/context_moe/checkpoints/plantdoc/pretrain_weight/shufflenetv2/seed_45/run_20260511-012316/best_checkpoint.pth
Epoch[16/200] Train Loss: 0.2031, Train Acc: 93.51%
Epoch[16/200] Val Loss: 1.1503, Val Acc: 75.71%
No improvement for 1 epoch(s).
Epoch[17/200] Train Loss: 0.1306, Train Acc: 95.97%
Epoch[17/200] Val Loss: 0.9678, Val Acc: 81.52%
Validation accuracy improved (79.8661 -> 81.5179).
Saved checkpoint: /media/icnlab/Data/Thang/plan_dieases/context_moe/checkpoints/plantdoc/pretrain_weight/shufflenetv2/seed_45/run_20260511-012316/best_checkpoint.pth
Epoch[18/200] Train Loss: 0.1309, Train Acc: 95.36%
Epoch[18/200] Val Loss: 1.0285, Val Acc: 79.96%
No improvement for 1 epoch(s).
Epoch[19/200] Train Loss: 0.1262, Train Acc: 95.24%
Epoch[19/200] Val Loss: 1.0627, Val Acc: 81.83%
Validation accuracy improved (81.5179 -> 81.8304).
Saved checkpoint: /media/icnlab/Data/Thang/plan_dieases/context_moe/checkpoints/plantdoc/pretrain_weight/shufflenetv2/seed_45/run_20260511-012316/best_checkpoint.pth
Epoch[20/200] Train Loss: 0.1448, Train Acc: 95.76%
Epoch[20/200] Val Loss: 1.1612, Val Acc: 78.30%
No improvement for 1 epoch(s).
Epoch[21/200] Train Loss: 0.1603, Train Acc: 94.72%
Epoch[21/200] Val Loss: 1.0673, Val Acc: 79.15%
No improvement for 2 epoch(s).
Epoch[22/200] Train Loss: 0.1475, Train Acc: 94.16%
Epoch[22/200] Val Loss: 1.1130, Val Acc: 77.99%
No improvement for 3 epoch(s).
Epoch[23/200] Train Loss: 0.1286, Train Acc: 95.71%
Epoch[23/200] Val Loss: 0.9685, Val Acc: 81.92%
Validation accuracy improved (81.8304 -> 81.9196).
Saved checkpoint: /media/icnlab/Data/Thang/plan_dieases/context_moe/checkpoints/plantdoc/pretrain_weight/shufflenetv2/seed_45/run_20260511-012316/best_checkpoint.pth
Epoch[24/200] Train Loss: 0.1423, Train Acc: 95.40%
Epoch[24/200] Val Loss: 1.1849, Val Acc: 79.42%
No improvement for 1 epoch(s).
Epoch[25/200] Train Loss: 0.1322, Train Acc: 95.10%
Epoch[25/200] Val Loss: 1.1318, Val Acc: 80.89%
No improvement for 2 epoch(s).
Epoch[26/200] Train Loss: 0.1441, Train Acc: 95.10%
Epoch[26/200] Val Loss: 1.2907, Val Acc: 76.74%
No improvement for 3 epoch(s).
Epoch[27/200] Train Loss: 0.1075, Train Acc: 96.45%
Epoch[27/200] Val Loss: 1.0204, Val Acc: 82.14%
Validation accuracy improved (81.9196 -> 82.1429).
Saved checkpoint: /media/icnlab/Data/Thang/plan_dieases/context_moe/checkpoints/plantdoc/pretrain_weight/shufflenetv2/seed_45/run_20260511-012316/best_checkpoint.pth
Epoch[28/200] Train Loss: 0.0720, Train Acc: 97.32%
Epoch[28/200] Val Loss: 1.1130, Val Acc: 82.46%
Validation accuracy improved (82.1429 -> 82.4554).
Saved checkpoint: /media/icnlab/Data/Thang/plan_dieases/context_moe/checkpoints/plantdoc/pretrain_weight/shufflenetv2/seed_45/run_20260511-012316/best_checkpoint.pth
Epoch[29/200] Train Loss: 0.0683, Train Acc: 97.57%
Epoch[29/200] Val Loss: 1.0149, Val Acc: 83.48%
Validation accuracy improved (82.4554 -> 83.4821).
Saved checkpoint: /media/icnlab/Data/Thang/plan_dieases/context_moe/checkpoints/plantdoc/pretrain_weight/shufflenetv2/seed_45/run_20260511-012316/best_checkpoint.pth
Epoch[30/200] Train Loss: 0.0927, Train Acc: 96.83%
Epoch[30/200] Val Loss: 1.1501, Val Acc: 82.05%
No improvement for 1 epoch(s).
Epoch[31/200] Train Loss: 0.0652, Train Acc: 97.61%
Epoch[31/200] Val Loss: 0.9559, Val Acc: 80.89%
No improvement for 2 epoch(s).
Epoch[32/200] Train Loss: 0.0504, Train Acc: 98.52%
Epoch[32/200] Val Loss: 1.0187, Val Acc: 82.46%
No improvement for 3 epoch(s).
Epoch[33/200] Train Loss: 0.0646, Train Acc: 97.92%
Epoch[33/200] Val Loss: 1.0634, Val Acc: 83.39%
No improvement for 4 epoch(s).
Epoch[34/200] Train Loss: 0.1009, Train Acc: 96.96%
Epoch[34/200] Val Loss: 1.1007, Val Acc: 82.14%
No improvement for 5 epoch(s).
Epoch[35/200] Train Loss: 0.1268, Train Acc: 96.02%
Epoch[35/200] Val Loss: 1.3425, Val Acc: 79.64%
No improvement for 6 epoch(s).
Epoch[36/200] Train Loss: 0.1846, Train Acc: 93.97%
Epoch[36/200] Val Loss: 1.5263, Val Acc: 73.04%
No improvement for 7 epoch(s).
Epoch[37/200] Train Loss: 0.1346, Train Acc: 95.37%
Epoch[37/200] Val Loss: 1.1773, Val Acc: 81.21%
No improvement for 8 epoch(s).
Epoch[38/200] Train Loss: 0.1169, Train Acc: 95.93%
Epoch[38/200] Val Loss: 1.2208, Val Acc: 79.96%
No improvement for 9 epoch(s).
Epoch[39/200] Train Loss: 0.0833, Train Acc: 96.64%
Epoch[39/200] Val Loss: 1.3435, Val Acc: 80.98%
No improvement for 10 epoch(s).
Epoch[40/200] Train Loss: 0.0551, Train Acc: 97.97%
Epoch[40/200] Val Loss: 1.2184, Val Acc: 81.52%
No improvement for 11 epoch(s).
Epoch[41/200] Train Loss: 0.0451, Train Acc: 98.44%
Epoch[41/200] Val Loss: 1.2332, Val Acc: 83.17%
No improvement for 12 epoch(s).
Epoch[42/200] Train Loss: 0.0210, Train Acc: 99.57%
Epoch[42/200] Val Loss: 1.2810, Val Acc: 81.61%
No improvement for 13 epoch(s).
Epoch[43/200] Train Loss: 0.0193, Train Acc: 99.39%
Epoch[43/200] Val Loss: 1.2542, Val Acc: 83.17%
No improvement for 14 epoch(s).
Epoch[44/200] Train Loss: 0.0155, Train Acc: 99.39%
Epoch[44/200] Val Loss: 1.2859, Val Acc: 83.17%
No improvement for 15 epoch(s).
Epoch[45/200] Train Loss: 0.0120, Train Acc: 99.78%
Epoch[45/200] Val Loss: 1.2619, Val Acc: 83.17%
No improvement for 16 epoch(s).
Epoch[46/200] Train Loss: 0.0133, Train Acc: 99.53%
Epoch[46/200] Val Loss: 1.2133, Val Acc: 83.17%
No improvement for 17 epoch(s).
Epoch[47/200] Train Loss: 0.0129, Train Acc: 99.61%
Epoch[47/200] Val Loss: 1.1798, Val Acc: 83.48%
No improvement for 18 epoch(s).
Epoch[48/200] Train Loss: 0.0111, Train Acc: 99.74%
Epoch[48/200] Val Loss: 1.1937, Val Acc: 83.79%
Validation accuracy improved (83.4821 -> 83.7946).
Saved checkpoint: /media/icnlab/Data/Thang/plan_dieases/context_moe/checkpoints/plantdoc/pretrain_weight/shufflenetv2/seed_45/run_20260511-012316/best_checkpoint.pth
Epoch[49/200] Train Loss: 0.0109, Train Acc: 99.52%
Epoch[49/200] Val Loss: 1.1950, Val Acc: 82.23%
No improvement for 1 epoch(s).
Epoch[50/200] Train Loss: 0.0100, Train Acc: 99.61%
Epoch[50/200] Val Loss: 1.2470, Val Acc: 83.48%
No improvement for 2 epoch(s).
Epoch[51/200] Train Loss: 0.0101, Train Acc: 99.61%
Epoch[51/200] Val Loss: 1.2240, Val Acc: 82.54%
No improvement for 3 epoch(s).
Epoch[52/200] Train Loss: 0.0102, Train Acc: 99.74%
Epoch[52/200] Val Loss: 1.2290, Val Acc: 83.17%
No improvement for 4 epoch(s).
Epoch[53/200] Train Loss: 0.0132, Train Acc: 99.44%
Epoch[53/200] Val Loss: 1.1561, Val Acc: 84.42%
Validation accuracy improved (83.7946 -> 84.4196).
Saved checkpoint: /media/icnlab/Data/Thang/plan_dieases/context_moe/checkpoints/plantdoc/pretrain_weight/shufflenetv2/seed_45/run_20260511-012316/best_checkpoint.pth
Epoch[54/200] Train Loss: 0.0180, Train Acc: 99.57%
Epoch[54/200] Val Loss: 1.2432, Val Acc: 82.54%
No improvement for 1 epoch(s).
Epoch[55/200] Train Loss: 0.0249, Train Acc: 99.06%
Epoch[55/200] Val Loss: 1.1451, Val Acc: 83.17%
No improvement for 2 epoch(s).
Epoch[56/200] Train Loss: 0.0160, Train Acc: 99.22%
Epoch[56/200] Val Loss: 1.1965, Val Acc: 81.61%
No improvement for 3 epoch(s).
Epoch[57/200] Train Loss: 0.0156, Train Acc: 99.40%
Epoch[57/200] Val Loss: 1.1924, Val Acc: 82.14%
No improvement for 4 epoch(s).
Epoch[58/200] Train Loss: 0.0187, Train Acc: 99.44%
Epoch[58/200] Val Loss: 1.2257, Val Acc: 83.48%
No improvement for 5 epoch(s).
Epoch[59/200] Train Loss: 0.0123, Train Acc: 99.53%
Epoch[59/200] Val Loss: 1.1453, Val Acc: 83.48%
No improvement for 6 epoch(s).
Epoch[60/200] Train Loss: 0.0090, Train Acc: 99.52%
Epoch[60/200] Val Loss: 1.1748, Val Acc: 83.39%
No improvement for 7 epoch(s).
Epoch[61/200] Train Loss: 0.0082, Train Acc: 99.61%
Epoch[61/200] Val Loss: 1.1829, Val Acc: 83.39%
No improvement for 8 epoch(s).
Epoch[62/200] Train Loss: 0.0093, Train Acc: 99.70%
Epoch[62/200] Val Loss: 1.2077, Val Acc: 84.11%
No improvement for 9 epoch(s).
Epoch[63/200] Train Loss: 0.0109, Train Acc: 99.61%
Epoch[63/200] Val Loss: 1.2148, Val Acc: 83.79%
No improvement for 10 epoch(s).
Epoch[64/200] Train Loss: 0.0109, Train Acc: 99.57%
Epoch[64/200] Val Loss: 1.1935, Val Acc: 84.11%
No improvement for 11 epoch(s).
Epoch[65/200] Train Loss: 0.0099, Train Acc: 99.65%
Epoch[65/200] Val Loss: 1.2837, Val Acc: 83.17%
No improvement for 12 epoch(s).
Epoch[66/200] Train Loss: 0.0075, Train Acc: 99.83%
Epoch[66/200] Val Loss: 1.2372, Val Acc: 83.17%
No improvement for 13 epoch(s).
Epoch[67/200] Train Loss: 0.0056, Train Acc: 99.74%
Epoch[67/200] Val Loss: 1.2691, Val Acc: 83.17%
No improvement for 14 epoch(s).
Epoch[68/200] Train Loss: 0.0044, Train Acc: 99.91%
Epoch[68/200] Val Loss: 1.2913, Val Acc: 83.17%
No improvement for 15 epoch(s).
Epoch[69/200] Train Loss: 0.0043, Train Acc: 99.78%
Epoch[69/200] Val Loss: 1.3019, Val Acc: 84.11%
No improvement for 16 epoch(s).
Epoch[70/200] Train Loss: 0.0033, Train Acc: 99.91%
Epoch[70/200] Val Loss: 1.3204, Val Acc: 83.79%
No improvement for 17 epoch(s).
Epoch[71/200] Train Loss: 0.0047, Train Acc: 99.91%
Epoch[71/200] Val Loss: 1.3152, Val Acc: 83.48%
No improvement for 18 epoch(s).
Epoch[72/200] Train Loss: 0.0049, Train Acc: 99.83%
Epoch[72/200] Val Loss: 1.2627, Val Acc: 83.48%
No improvement for 19 epoch(s).
Epoch[73/200] Train Loss: 0.0035, Train Acc: 99.87%
Epoch[73/200] Val Loss: 1.2501, Val Acc: 83.48%
No improvement for 20 epoch(s).
Epoch[74/200] Train Loss: 0.0029, Train Acc: 99.91%
Epoch[74/200] Val Loss: 1.2557, Val Acc: 83.48%
No improvement for 21 epoch(s).
Epoch[75/200] Train Loss: 0.0033, Train Acc: 99.83%
Epoch[75/200] Val Loss: 1.2623, Val Acc: 83.79%
No improvement for 22 epoch(s).
Epoch[76/200] Train Loss: 0.0033, Train Acc: 99.83%
Epoch[76/200] Val Loss: 1.2623, Val Acc: 83.48%
No improvement for 23 epoch(s).
Epoch[77/200] Train Loss: 0.0031, Train Acc: 99.91%
Epoch[77/200] Val Loss: 1.2714, Val Acc: 83.79%
No improvement for 24 epoch(s).
Epoch[78/200] Train Loss: 0.0045, Train Acc: 99.83%
Epoch[78/200] Val Loss: 1.2907, Val Acc: 83.48%
No improvement for 25 epoch(s).
Epoch[79/200] Train Loss: 0.0028, Train Acc: 99.91%
Epoch[79/200] Val Loss: 1.2801, Val Acc: 83.79%
No improvement for 26 epoch(s).
Epoch[80/200] Train Loss: 0.0044, Train Acc: 99.83%
Epoch[80/200] Val Loss: 1.2565, Val Acc: 83.79%
No improvement for 27 epoch(s).
Epoch[81/200] Train Loss: 0.0037, Train Acc: 99.87%
Epoch[81/200] Val Loss: 1.2546, Val Acc: 83.79%
No improvement for 28 epoch(s).
Epoch[82/200] Train Loss: 0.0027, Train Acc: 99.91%
Epoch[82/200] Val Loss: 1.2574, Val Acc: 83.79%
No improvement for 29 epoch(s).
Epoch[83/200] Train Loss: 0.0047, Train Acc: 99.87%
Epoch[83/200] Val Loss: 1.2478, Val Acc: 84.11%
No improvement for 30 epoch(s).
Epoch[84/200] Train Loss: 0.0037, Train Acc: 99.78%
Epoch[84/200] Val Loss: 1.2620, Val Acc: 83.79%
No improvement for 31 epoch(s).
Epoch[85/200] Train Loss: 0.0039, Train Acc: 99.83%
Epoch[85/200] Val Loss: 1.3104, Val Acc: 83.17%
No improvement for 32 epoch(s).
Epoch[86/200] Train Loss: 0.0025, Train Acc: 99.91%
Epoch[86/200] Val Loss: 1.2933, Val Acc: 83.48%
No improvement for 33 epoch(s).
Epoch[87/200] Train Loss: 0.0023, Train Acc: 99.96%
Epoch[87/200] Val Loss: 1.3050, Val Acc: 83.48%
No improvement for 34 epoch(s).
Epoch[88/200] Train Loss: 0.0025, Train Acc: 99.91%
Epoch[88/200] Val Loss: 1.3066, Val Acc: 83.79%
No improvement for 35 epoch(s).
Epoch[89/200] Train Loss: 0.0053, Train Acc: 99.87%
Epoch[89/200] Val Loss: 1.3065, Val Acc: 83.79%
No improvement for 36 epoch(s).
Epoch[90/200] Train Loss: 0.0037, Train Acc: 99.79%
Epoch[90/200] Val Loss: 1.3082, Val Acc: 83.79%
No improvement for 37 epoch(s).
Epoch[91/200] Train Loss: 0.0039, Train Acc: 99.91%
Epoch[91/200] Val Loss: 1.3022, Val Acc: 83.79%
No improvement for 38 epoch(s).
Epoch[92/200] Train Loss: 0.0029, Train Acc: 99.91%
Epoch[92/200] Val Loss: 1.2939, Val Acc: 84.11%
No improvement for 39 epoch(s).
Epoch[93/200] Train Loss: 0.0041, Train Acc: 99.83%
Epoch[93/200] Val Loss: 1.3211, Val Acc: 83.17%
No improvement for 40 epoch(s).
Epoch[94/200] Train Loss: 0.0020, Train Acc: 99.91%
Epoch[94/200] Val Loss: 1.3175, Val Acc: 83.79%
No improvement for 41 epoch(s).
Epoch[95/200] Train Loss: 0.0031, Train Acc: 99.87%
Epoch[95/200] Val Loss: 1.3280, Val Acc: 83.79%
No improvement for 42 epoch(s).
Epoch[96/200] Train Loss: 0.0033, Train Acc: 99.87%
Epoch[96/200] Val Loss: 1.3223, Val Acc: 83.79%
No improvement for 43 epoch(s).
Epoch[97/200] Train Loss: 0.0045, Train Acc: 99.87%
Epoch[97/200] Val Loss: 1.3125, Val Acc: 82.86%
No improvement for 44 epoch(s).
Epoch[98/200] Train Loss: 0.0020, Train Acc: 99.96%
Epoch[98/200] Val Loss: 1.3230, Val Acc: 82.86%
No improvement for 45 epoch(s).
Epoch[99/200] Train Loss: 0.0034, Train Acc: 99.83%
Epoch[99/200] Val Loss: 1.3291, Val Acc: 83.48%
No improvement for 46 epoch(s).
Epoch[100/200] Train Loss: 0.0029, Train Acc: 99.91%
Epoch[100/200] Val Loss: 1.3143, Val Acc: 83.48%
No improvement for 47 epoch(s).
Epoch[101/200] Train Loss: 0.0036, Train Acc: 99.91%
Epoch[101/200] Val Loss: 1.3351, Val Acc: 83.48%
No improvement for 48 epoch(s).
Epoch[102/200] Train Loss: 0.0030, Train Acc: 99.83%
Epoch[102/200] Val Loss: 1.3512, Val Acc: 82.86%
No improvement for 49 epoch(s).
Epoch[103/200] Train Loss: 0.0026, Train Acc: 99.91%
Epoch[103/200] Val Loss: 1.3282, Val Acc: 83.17%
No improvement for 50 epoch(s).
Early stopping triggered. No improvement in validation acc for 50 epochs.
Saved checkpoint: /media/icnlab/Data/Thang/plan_dieases/context_moe/checkpoints/plantdoc/pretrain_weight/shufflenetv2/seed_45/run_20260511-012316/last_checkpoint.pth
Training finished. Best val acc: 84.4196 at epoch 53
Saved training plot to /media/icnlab/Data/Thang/plan_dieases/context_moe/checkpoints/plantdoc/pretrain_weight/shufflenetv2/seed_45/run_20260511-012316/loss_acc_plot.png
