Epoch[1/200] Train Loss: 1.4018, Train Acc: 51.04%
Epoch[1/200] Val Loss: 1.2738, Val Acc: 57.14%
Validation accuracy improved (-inf -> 57.1429).
Saved checkpoint: /media/icnlab/Data/Thang/plan_dieases/context_moe/checkpoints/plantdoc/pretrain_weight/efficientnetb0/seed_43/run_20260511-063448/best_checkpoint.pth
Epoch[2/200] Train Loss: 1.0768, Train Acc: 62.76%
Epoch[2/200] Val Loss: 1.0948, Val Acc: 57.54%
Validation accuracy improved (57.1429 -> 57.5397).
Saved checkpoint: /media/icnlab/Data/Thang/plan_dieases/context_moe/checkpoints/plantdoc/pretrain_weight/efficientnetb0/seed_43/run_20260511-063448/best_checkpoint.pth
Epoch[3/200] Train Loss: 0.9025, Train Acc: 68.53%
Epoch[3/200] Val Loss: 1.0845, Val Acc: 67.31%
Validation accuracy improved (57.5397 -> 67.3115).
Saved checkpoint: /media/icnlab/Data/Thang/plan_dieases/context_moe/checkpoints/plantdoc/pretrain_weight/efficientnetb0/seed_43/run_20260511-063448/best_checkpoint.pth
Epoch[4/200] Train Loss: 0.7775, Train Acc: 73.96%
Epoch[4/200] Val Loss: 0.9660, Val Acc: 69.74%
Validation accuracy improved (67.3115 -> 69.7421).
Saved checkpoint: /media/icnlab/Data/Thang/plan_dieases/context_moe/checkpoints/plantdoc/pretrain_weight/efficientnetb0/seed_43/run_20260511-063448/best_checkpoint.pth
Epoch[5/200] Train Loss: 0.7500, Train Acc: 74.35%
Epoch[5/200] Val Loss: 1.0218, Val Acc: 67.06%
No improvement for 1 epoch(s).
Epoch[6/200] Train Loss: 0.6140, Train Acc: 78.82%
Epoch[6/200] Val Loss: 1.0639, Val Acc: 70.09%
Validation accuracy improved (69.7421 -> 70.0893).
Saved checkpoint: /media/icnlab/Data/Thang/plan_dieases/context_moe/checkpoints/plantdoc/pretrain_weight/efficientnetb0/seed_43/run_20260511-063448/best_checkpoint.pth
Epoch[7/200] Train Loss: 0.6072, Train Acc: 79.77%
Epoch[7/200] Val Loss: 1.1249, Val Acc: 68.70%
No improvement for 1 epoch(s).
Epoch[8/200] Train Loss: 0.5842, Train Acc: 80.38%
Epoch[8/200] Val Loss: 1.1888, Val Acc: 65.67%
No improvement for 2 epoch(s).
Epoch[9/200] Train Loss: 0.5084, Train Acc: 82.07%
Epoch[9/200] Val Loss: 1.0352, Val Acc: 71.97%
Validation accuracy improved (70.0893 -> 71.9742).
Saved checkpoint: /media/icnlab/Data/Thang/plan_dieases/context_moe/checkpoints/plantdoc/pretrain_weight/efficientnetb0/seed_43/run_20260511-063448/best_checkpoint.pth
Epoch[10/200] Train Loss: 0.4843, Train Acc: 84.11%
Epoch[10/200] Val Loss: 1.0610, Val Acc: 73.36%
Validation accuracy improved (71.9742 -> 73.3631).
Saved checkpoint: /media/icnlab/Data/Thang/plan_dieases/context_moe/checkpoints/plantdoc/pretrain_weight/efficientnetb0/seed_43/run_20260511-063448/best_checkpoint.pth
Epoch[11/200] Train Loss: 0.4904, Train Acc: 82.90%
Epoch[11/200] Val Loss: 0.9605, Val Acc: 75.50%
Validation accuracy improved (73.3631 -> 75.4960).
Saved checkpoint: /media/icnlab/Data/Thang/plan_dieases/context_moe/checkpoints/plantdoc/pretrain_weight/efficientnetb0/seed_43/run_20260511-063448/best_checkpoint.pth
Epoch[12/200] Train Loss: 0.4505, Train Acc: 84.38%
Epoch[12/200] Val Loss: 0.9522, Val Acc: 74.11%
No improvement for 1 epoch(s).
Epoch[13/200] Train Loss: 0.4073, Train Acc: 86.24%
Epoch[13/200] Val Loss: 0.9455, Val Acc: 75.79%
Validation accuracy improved (75.4960 -> 75.7937).
Saved checkpoint: /media/icnlab/Data/Thang/plan_dieases/context_moe/checkpoints/plantdoc/pretrain_weight/efficientnetb0/seed_43/run_20260511-063448/best_checkpoint.pth
Epoch[14/200] Train Loss: 0.3928, Train Acc: 86.28%
Epoch[14/200] Val Loss: 0.9404, Val Acc: 76.79%
Validation accuracy improved (75.7937 -> 76.7857).
Saved checkpoint: /media/icnlab/Data/Thang/plan_dieases/context_moe/checkpoints/plantdoc/pretrain_weight/efficientnetb0/seed_43/run_20260511-063448/best_checkpoint.pth
Epoch[15/200] Train Loss: 0.3325, Train Acc: 88.06%
Epoch[15/200] Val Loss: 0.9778, Val Acc: 75.10%
No improvement for 1 epoch(s).
Epoch[16/200] Train Loss: 0.2955, Train Acc: 88.93%
Epoch[16/200] Val Loss: 1.0163, Val Acc: 74.80%
No improvement for 2 epoch(s).
Epoch[17/200] Train Loss: 0.2992, Train Acc: 89.54%
Epoch[17/200] Val Loss: 1.4380, Val Acc: 71.92%
No improvement for 3 epoch(s).
Epoch[18/200] Train Loss: 0.3342, Train Acc: 88.19%
Epoch[18/200] Val Loss: 1.0045, Val Acc: 74.80%
No improvement for 4 epoch(s).
Epoch[19/200] Train Loss: 0.3156, Train Acc: 89.19%
Epoch[19/200] Val Loss: 0.9818, Val Acc: 78.67%
Validation accuracy improved (76.7857 -> 78.6706).
Saved checkpoint: /media/icnlab/Data/Thang/plan_dieases/context_moe/checkpoints/plantdoc/pretrain_weight/efficientnetb0/seed_43/run_20260511-063448/best_checkpoint.pth
Epoch[20/200] Train Loss: 0.3486, Train Acc: 88.15%
Epoch[20/200] Val Loss: 1.0255, Val Acc: 72.32%
No improvement for 1 epoch(s).
Epoch[21/200] Train Loss: 0.2758, Train Acc: 91.06%
Epoch[21/200] Val Loss: 0.9530, Val Acc: 73.71%
No improvement for 2 epoch(s).
Epoch[22/200] Train Loss: 0.2610, Train Acc: 90.45%
Epoch[22/200] Val Loss: 1.1366, Val Acc: 75.79%
No improvement for 3 epoch(s).
Epoch[23/200] Train Loss: 0.3973, Train Acc: 87.28%
Epoch[23/200] Val Loss: 1.3860, Val Acc: 70.88%
No improvement for 4 epoch(s).
Epoch[24/200] Train Loss: 0.3014, Train Acc: 90.49%
Epoch[24/200] Val Loss: 1.2601, Val Acc: 75.45%
No improvement for 5 epoch(s).
Epoch[25/200] Train Loss: 0.3025, Train Acc: 89.06%
Epoch[25/200] Val Loss: 1.0657, Val Acc: 75.45%
No improvement for 6 epoch(s).
Epoch[26/200] Train Loss: 0.2089, Train Acc: 93.36%
Epoch[26/200] Val Loss: 1.1701, Val Acc: 77.93%
No improvement for 7 epoch(s).
Epoch[27/200] Train Loss: 0.3988, Train Acc: 87.20%
Epoch[27/200] Val Loss: 0.9054, Val Acc: 74.95%
No improvement for 8 epoch(s).
Epoch[28/200] Train Loss: 0.2449, Train Acc: 91.28%
Epoch[28/200] Val Loss: 1.1140, Val Acc: 73.31%
No improvement for 9 epoch(s).
Epoch[29/200] Train Loss: 0.2172, Train Acc: 92.80%
Epoch[29/200] Val Loss: 1.2568, Val Acc: 74.80%
No improvement for 10 epoch(s).
Epoch[30/200] Train Loss: 0.3297, Train Acc: 89.06%
Epoch[30/200] Val Loss: 0.7982, Val Acc: 80.70%
Validation accuracy improved (78.6706 -> 80.7044).
Saved checkpoint: /media/icnlab/Data/Thang/plan_dieases/context_moe/checkpoints/plantdoc/pretrain_weight/efficientnetb0/seed_43/run_20260511-063448/best_checkpoint.pth
Epoch[31/200] Train Loss: 0.2309, Train Acc: 92.27%
Epoch[31/200] Val Loss: 1.1291, Val Acc: 76.54%
No improvement for 1 epoch(s).
Epoch[32/200] Train Loss: 0.1686, Train Acc: 94.01%
Epoch[32/200] Val Loss: 1.1251, Val Acc: 75.20%
No improvement for 2 epoch(s).
Epoch[33/200] Train Loss: 0.2329, Train Acc: 91.93%
Epoch[33/200] Val Loss: 1.1931, Val Acc: 75.45%
No improvement for 3 epoch(s).
Epoch[34/200] Train Loss: 0.1861, Train Acc: 93.27%
Epoch[34/200] Val Loss: 1.2573, Val Acc: 71.23%
No improvement for 4 epoch(s).
Epoch[35/200] Train Loss: 0.2005, Train Acc: 92.58%
Epoch[35/200] Val Loss: 0.9643, Val Acc: 79.66%
No improvement for 5 epoch(s).
Epoch[36/200] Train Loss: 0.2182, Train Acc: 92.49%
Epoch[36/200] Val Loss: 1.0572, Val Acc: 77.18%
No improvement for 6 epoch(s).
Epoch[37/200] Train Loss: 0.1947, Train Acc: 92.14%
Epoch[37/200] Val Loss: 1.0982, Val Acc: 74.11%
No improvement for 7 epoch(s).
Epoch[38/200] Train Loss: 0.1645, Train Acc: 93.79%
Epoch[38/200] Val Loss: 1.0099, Val Acc: 76.88%
No improvement for 8 epoch(s).
Epoch[39/200] Train Loss: 0.1899, Train Acc: 94.49%
Epoch[39/200] Val Loss: 1.3216, Val Acc: 75.45%
No improvement for 9 epoch(s).
Epoch[40/200] Train Loss: 0.2854, Train Acc: 91.06%
Epoch[40/200] Val Loss: 1.1626, Val Acc: 77.13%
No improvement for 10 epoch(s).
Epoch[41/200] Train Loss: 0.1893, Train Acc: 93.32%
Epoch[41/200] Val Loss: 1.2001, Val Acc: 74.75%
No improvement for 11 epoch(s).
Epoch[42/200] Train Loss: 0.1244, Train Acc: 95.10%
Epoch[42/200] Val Loss: 1.1657, Val Acc: 75.79%
No improvement for 12 epoch(s).
Epoch[43/200] Train Loss: 0.0630, Train Acc: 97.61%
Epoch[43/200] Val Loss: 1.0714, Val Acc: 78.57%
No improvement for 13 epoch(s).
Epoch[44/200] Train Loss: 0.0788, Train Acc: 98.18%
Epoch[44/200] Val Loss: 1.0592, Val Acc: 79.66%
No improvement for 14 epoch(s).
Epoch[45/200] Train Loss: 0.0895, Train Acc: 96.01%
Epoch[45/200] Val Loss: 1.0538, Val Acc: 78.62%
No improvement for 15 epoch(s).
Epoch[46/200] Train Loss: 0.1152, Train Acc: 96.44%
Epoch[46/200] Val Loss: 1.0848, Val Acc: 78.27%
No improvement for 16 epoch(s).
Epoch[47/200] Train Loss: 0.0886, Train Acc: 96.74%
Epoch[47/200] Val Loss: 1.1798, Val Acc: 76.09%
No improvement for 17 epoch(s).
Epoch[48/200] Train Loss: 0.1139, Train Acc: 97.35%
Epoch[48/200] Val Loss: 1.2195, Val Acc: 75.10%
No improvement for 18 epoch(s).
Epoch[49/200] Train Loss: 0.1490, Train Acc: 96.35%
Epoch[49/200] Val Loss: 1.1188, Val Acc: 78.27%
No improvement for 19 epoch(s).
Epoch[50/200] Train Loss: 0.0983, Train Acc: 96.74%
Epoch[50/200] Val Loss: 1.1461, Val Acc: 79.71%
No improvement for 20 epoch(s).
Epoch[51/200] Train Loss: 0.0885, Train Acc: 97.09%
Epoch[51/200] Val Loss: 1.0753, Val Acc: 80.75%
Validation accuracy improved (80.7044 -> 80.7540).
Saved checkpoint: /media/icnlab/Data/Thang/plan_dieases/context_moe/checkpoints/plantdoc/pretrain_weight/efficientnetb0/seed_43/run_20260511-063448/best_checkpoint.pth
Epoch[52/200] Train Loss: 0.0760, Train Acc: 97.22%
Epoch[52/200] Val Loss: 1.0915, Val Acc: 79.61%
No improvement for 1 epoch(s).
Epoch[53/200] Train Loss: 0.0777, Train Acc: 97.18%
Epoch[53/200] Val Loss: 1.1768, Val Acc: 76.54%
No improvement for 2 epoch(s).
Epoch[54/200] Train Loss: 0.1197, Train Acc: 96.31%
Epoch[54/200] Val Loss: 1.0381, Val Acc: 79.32%
No improvement for 3 epoch(s).
Epoch[55/200] Train Loss: 0.1104, Train Acc: 96.27%
Epoch[55/200] Val Loss: 1.1081, Val Acc: 78.87%
No improvement for 4 epoch(s).
Epoch[56/200] Train Loss: 0.1297, Train Acc: 95.62%
Epoch[56/200] Val Loss: 1.2496, Val Acc: 78.57%
No improvement for 5 epoch(s).
Epoch[57/200] Train Loss: 0.0590, Train Acc: 97.92%
Epoch[57/200] Val Loss: 1.0898, Val Acc: 79.02%
No improvement for 6 epoch(s).
Epoch[58/200] Train Loss: 0.0913, Train Acc: 96.96%
Epoch[58/200] Val Loss: 1.2157, Val Acc: 79.32%
No improvement for 7 epoch(s).
Epoch[59/200] Train Loss: 0.0958, Train Acc: 97.01%
Epoch[59/200] Val Loss: 1.1292, Val Acc: 78.57%
No improvement for 8 epoch(s).
Epoch[60/200] Train Loss: 0.1129, Train Acc: 96.44%
Epoch[60/200] Val Loss: 1.3270, Val Acc: 79.61%
No improvement for 9 epoch(s).
Epoch[61/200] Train Loss: 0.0914, Train Acc: 96.40%
Epoch[61/200] Val Loss: 1.1418, Val Acc: 79.02%
No improvement for 10 epoch(s).
Epoch[62/200] Train Loss: 0.0812, Train Acc: 97.27%
Epoch[62/200] Val Loss: 1.1238, Val Acc: 78.97%
No improvement for 11 epoch(s).
Epoch[63/200] Train Loss: 0.0538, Train Acc: 97.66%
Epoch[63/200] Val Loss: 1.0166, Val Acc: 80.75%
No improvement for 12 epoch(s).
Epoch[64/200] Train Loss: 0.1067, Train Acc: 97.18%
Epoch[64/200] Val Loss: 1.0308, Val Acc: 81.05%
Validation accuracy improved (80.7540 -> 81.0516).
Saved checkpoint: /media/icnlab/Data/Thang/plan_dieases/context_moe/checkpoints/plantdoc/pretrain_weight/efficientnetb0/seed_43/run_20260511-063448/best_checkpoint.pth
Epoch[65/200] Train Loss: 0.0477, Train Acc: 98.13%
Epoch[65/200] Val Loss: 0.9833, Val Acc: 81.10%
Validation accuracy improved (81.0516 -> 81.1012).
Saved checkpoint: /media/icnlab/Data/Thang/plan_dieases/context_moe/checkpoints/plantdoc/pretrain_weight/efficientnetb0/seed_43/run_20260511-063448/best_checkpoint.pth
Epoch[66/200] Train Loss: 0.0524, Train Acc: 97.83%
Epoch[66/200] Val Loss: 1.0062, Val Acc: 80.70%
No improvement for 1 epoch(s).
Epoch[67/200] Train Loss: 0.0590, Train Acc: 98.44%
Epoch[67/200] Val Loss: 1.0555, Val Acc: 78.62%
No improvement for 2 epoch(s).
Epoch[68/200] Train Loss: 0.0606, Train Acc: 97.57%
Epoch[68/200] Val Loss: 1.0405, Val Acc: 81.40%
Validation accuracy improved (81.1012 -> 81.3988).
Saved checkpoint: /media/icnlab/Data/Thang/plan_dieases/context_moe/checkpoints/plantdoc/pretrain_weight/efficientnetb0/seed_43/run_20260511-063448/best_checkpoint.pth
Epoch[69/200] Train Loss: 0.0431, Train Acc: 98.05%
Epoch[69/200] Val Loss: 1.1151, Val Acc: 80.01%
No improvement for 1 epoch(s).
Epoch[70/200] Train Loss: 0.0605, Train Acc: 97.66%
Epoch[70/200] Val Loss: 1.0745, Val Acc: 81.75%
Validation accuracy improved (81.3988 -> 81.7460).
Saved checkpoint: /media/icnlab/Data/Thang/plan_dieases/context_moe/checkpoints/plantdoc/pretrain_weight/efficientnetb0/seed_43/run_20260511-063448/best_checkpoint.pth
Epoch[71/200] Train Loss: 0.0707, Train Acc: 97.96%
Epoch[71/200] Val Loss: 1.0523, Val Acc: 80.31%
No improvement for 1 epoch(s).
Epoch[72/200] Train Loss: 0.0819, Train Acc: 97.44%
Epoch[72/200] Val Loss: 0.9965, Val Acc: 81.00%
No improvement for 2 epoch(s).
Epoch[73/200] Train Loss: 0.0353, Train Acc: 98.74%
Epoch[73/200] Val Loss: 0.9816, Val Acc: 84.08%
Validation accuracy improved (81.7460 -> 84.0774).
Saved checkpoint: /media/icnlab/Data/Thang/plan_dieases/context_moe/checkpoints/plantdoc/pretrain_weight/efficientnetb0/seed_43/run_20260511-063448/best_checkpoint.pth
Epoch[74/200] Train Loss: 0.0319, Train Acc: 98.48%
Epoch[74/200] Val Loss: 1.0274, Val Acc: 82.44%
No improvement for 1 epoch(s).
Epoch[75/200] Train Loss: 0.0221, Train Acc: 99.18%
Epoch[75/200] Val Loss: 1.1092, Val Acc: 81.75%
No improvement for 2 epoch(s).
Epoch[76/200] Train Loss: 0.0396, Train Acc: 98.52%
Epoch[76/200] Val Loss: 1.0737, Val Acc: 81.00%
No improvement for 3 epoch(s).
Epoch[77/200] Train Loss: 0.0331, Train Acc: 98.39%
Epoch[77/200] Val Loss: 1.1197, Val Acc: 81.05%
No improvement for 4 epoch(s).
Epoch[78/200] Train Loss: 0.0417, Train Acc: 98.31%
Epoch[78/200] Val Loss: 1.1078, Val Acc: 81.00%
No improvement for 5 epoch(s).
Epoch[79/200] Train Loss: 0.0224, Train Acc: 99.13%
Epoch[79/200] Val Loss: 1.0520, Val Acc: 82.39%
No improvement for 6 epoch(s).
Epoch[80/200] Train Loss: 0.0366, Train Acc: 98.39%
Epoch[80/200] Val Loss: 1.0039, Val Acc: 81.40%
No improvement for 7 epoch(s).
Epoch[81/200] Train Loss: 0.0250, Train Acc: 99.35%
Epoch[81/200] Val Loss: 0.9850, Val Acc: 83.53%
No improvement for 8 epoch(s).
Epoch[82/200] Train Loss: 0.0205, Train Acc: 99.39%
Epoch[82/200] Val Loss: 1.0208, Val Acc: 82.44%
No improvement for 9 epoch(s).
Epoch[83/200] Train Loss: 0.0244, Train Acc: 99.35%
Epoch[83/200] Val Loss: 1.0364, Val Acc: 84.92%
Validation accuracy improved (84.0774 -> 84.9206).
Saved checkpoint: /media/icnlab/Data/Thang/plan_dieases/context_moe/checkpoints/plantdoc/pretrain_weight/efficientnetb0/seed_43/run_20260511-063448/best_checkpoint.pth
Epoch[84/200] Train Loss: 0.0185, Train Acc: 99.48%
Epoch[84/200] Val Loss: 1.0497, Val Acc: 82.14%
No improvement for 1 epoch(s).
Epoch[85/200] Train Loss: 0.0208, Train Acc: 98.87%
Epoch[85/200] Val Loss: 1.2025, Val Acc: 80.70%
No improvement for 2 epoch(s).
Epoch[86/200] Train Loss: 0.0345, Train Acc: 98.65%
Epoch[86/200] Val Loss: 1.2005, Val Acc: 81.40%
No improvement for 3 epoch(s).
Epoch[87/200] Train Loss: 0.0297, Train Acc: 98.78%
Epoch[87/200] Val Loss: 1.2412, Val Acc: 82.09%
No improvement for 4 epoch(s).
Epoch[88/200] Train Loss: 0.0487, Train Acc: 97.40%
Epoch[88/200] Val Loss: 1.1102, Val Acc: 78.97%
No improvement for 5 epoch(s).
Epoch[89/200] Train Loss: 0.0405, Train Acc: 98.87%
Epoch[89/200] Val Loss: 1.1464, Val Acc: 80.70%
No improvement for 6 epoch(s).
Epoch[90/200] Train Loss: 0.0426, Train Acc: 98.78%
Epoch[90/200] Val Loss: 1.2559, Val Acc: 78.62%
No improvement for 7 epoch(s).
Epoch[91/200] Train Loss: 0.0334, Train Acc: 98.78%
Epoch[91/200] Val Loss: 1.1834, Val Acc: 80.01%
No improvement for 8 epoch(s).
Epoch[92/200] Train Loss: 0.0777, Train Acc: 97.44%
Epoch[92/200] Val Loss: 1.1907, Val Acc: 79.96%
No improvement for 9 epoch(s).
Epoch[93/200] Train Loss: 0.0265, Train Acc: 99.09%
Epoch[93/200] Val Loss: 1.0919, Val Acc: 81.40%
No improvement for 10 epoch(s).
Epoch[94/200] Train Loss: 0.0195, Train Acc: 99.31%
Epoch[94/200] Val Loss: 1.1487, Val Acc: 77.93%
No improvement for 11 epoch(s).
Epoch[95/200] Train Loss: 0.0273, Train Acc: 98.96%
Epoch[95/200] Val Loss: 1.1293, Val Acc: 81.40%
No improvement for 12 epoch(s).
Epoch[96/200] Train Loss: 0.0155, Train Acc: 99.61%
Epoch[96/200] Val Loss: 1.0542, Val Acc: 79.66%
No improvement for 13 epoch(s).
Epoch[97/200] Train Loss: 0.0199, Train Acc: 99.35%
Epoch[97/200] Val Loss: 1.0764, Val Acc: 81.40%
No improvement for 14 epoch(s).
Epoch[98/200] Train Loss: 0.1003, Train Acc: 97.96%
Epoch[98/200] Val Loss: 1.0622, Val Acc: 81.05%
No improvement for 15 epoch(s).
Epoch[99/200] Train Loss: 0.0321, Train Acc: 98.78%
Epoch[99/200] Val Loss: 1.1497, Val Acc: 80.36%
No improvement for 16 epoch(s).
Epoch[100/200] Train Loss: 0.0255, Train Acc: 99.26%
Epoch[100/200] Val Loss: 1.0878, Val Acc: 81.35%
No improvement for 17 epoch(s).
Epoch[101/200] Train Loss: 0.0736, Train Acc: 98.70%
Epoch[101/200] Val Loss: 1.0465, Val Acc: 80.31%
No improvement for 18 epoch(s).
Epoch[102/200] Train Loss: 0.0322, Train Acc: 98.83%
Epoch[102/200] Val Loss: 1.0500, Val Acc: 81.75%
No improvement for 19 epoch(s).
Epoch[103/200] Train Loss: 0.0910, Train Acc: 98.18%
Epoch[103/200] Val Loss: 1.1306, Val Acc: 80.70%
No improvement for 20 epoch(s).
Epoch[104/200] Train Loss: 0.0647, Train Acc: 98.26%
Epoch[104/200] Val Loss: 1.0389, Val Acc: 82.44%
No improvement for 21 epoch(s).
Epoch[105/200] Train Loss: 0.0247, Train Acc: 99.61%
Epoch[105/200] Val Loss: 1.0177, Val Acc: 82.44%
No improvement for 22 epoch(s).
Epoch[106/200] Train Loss: 0.0238, Train Acc: 99.44%
Epoch[106/200] Val Loss: 1.0233, Val Acc: 83.48%
No improvement for 23 epoch(s).
Epoch[107/200] Train Loss: 0.0238, Train Acc: 99.39%
Epoch[107/200] Val Loss: 1.0174, Val Acc: 81.75%
No improvement for 24 epoch(s).
Epoch[108/200] Train Loss: 0.0153, Train Acc: 99.48%
Epoch[108/200] Val Loss: 1.0399, Val Acc: 81.70%
No improvement for 25 epoch(s).
Epoch[109/200] Train Loss: 0.0197, Train Acc: 99.39%
Epoch[109/200] Val Loss: 0.9592, Val Acc: 82.84%
No improvement for 26 epoch(s).
Epoch[110/200] Train Loss: 0.0283, Train Acc: 98.87%
Epoch[110/200] Val Loss: 1.0006, Val Acc: 82.44%
No improvement for 27 epoch(s).
Epoch[111/200] Train Loss: 0.0483, Train Acc: 98.22%
Epoch[111/200] Val Loss: 0.9899, Val Acc: 81.05%
No improvement for 28 epoch(s).
Epoch[112/200] Train Loss: 0.0142, Train Acc: 99.57%
Epoch[112/200] Val Loss: 1.0874, Val Acc: 83.48%
No improvement for 29 epoch(s).
Epoch[113/200] Train Loss: 0.0306, Train Acc: 98.39%
Epoch[113/200] Val Loss: 1.0670, Val Acc: 82.79%
No improvement for 30 epoch(s).
Epoch[114/200] Train Loss: 0.0155, Train Acc: 99.57%
Epoch[114/200] Val Loss: 1.0530, Val Acc: 83.73%
No improvement for 31 epoch(s).
Epoch[115/200] Train Loss: 0.0119, Train Acc: 99.57%
Epoch[115/200] Val Loss: 1.0757, Val Acc: 82.44%
No improvement for 32 epoch(s).
Epoch[116/200] Train Loss: 0.0608, Train Acc: 98.78%
Epoch[116/200] Val Loss: 0.9604, Val Acc: 83.53%
No improvement for 33 epoch(s).
Epoch[117/200] Train Loss: 0.0161, Train Acc: 98.96%
Epoch[117/200] Val Loss: 1.1054, Val Acc: 83.83%
No improvement for 34 epoch(s).
Epoch[118/200] Train Loss: 0.0229, Train Acc: 99.00%
Epoch[118/200] Val Loss: 1.0953, Val Acc: 82.74%
No improvement for 35 epoch(s).
Epoch[119/200] Train Loss: 0.0441, Train Acc: 98.91%
Epoch[119/200] Val Loss: 1.0751, Val Acc: 83.48%
No improvement for 36 epoch(s).
Epoch[120/200] Train Loss: 0.0690, Train Acc: 98.39%
Epoch[120/200] Val Loss: 1.0351, Val Acc: 83.13%
No improvement for 37 epoch(s).
Epoch[121/200] Train Loss: 0.0186, Train Acc: 99.09%
Epoch[121/200] Val Loss: 0.9979, Val Acc: 83.09%
No improvement for 38 epoch(s).
Epoch[122/200] Train Loss: 0.0682, Train Acc: 98.87%
Epoch[122/200] Val Loss: 1.0344, Val Acc: 83.13%
No improvement for 39 epoch(s).
Epoch[123/200] Train Loss: 0.0277, Train Acc: 99.13%
Epoch[123/200] Val Loss: 1.0180, Val Acc: 84.18%
No improvement for 40 epoch(s).
Epoch[124/200] Train Loss: 0.0416, Train Acc: 98.35%
Epoch[124/200] Val Loss: 1.0327, Val Acc: 83.48%
No improvement for 41 epoch(s).
Epoch[125/200] Train Loss: 0.0548, Train Acc: 98.91%
Epoch[125/200] Val Loss: 1.0512, Val Acc: 84.13%
No improvement for 42 epoch(s).
Epoch[126/200] Train Loss: 0.0445, Train Acc: 98.13%
Epoch[126/200] Val Loss: 1.0900, Val Acc: 82.39%
No improvement for 43 epoch(s).
Epoch[127/200] Train Loss: 0.0068, Train Acc: 99.91%
Epoch[127/200] Val Loss: 1.0574, Val Acc: 83.09%
No improvement for 44 epoch(s).
Epoch[128/200] Train Loss: 0.0143, Train Acc: 99.70%
Epoch[128/200] Val Loss: 0.9986, Val Acc: 84.13%
No improvement for 45 epoch(s).
Epoch[129/200] Train Loss: 0.0391, Train Acc: 98.35%
Epoch[129/200] Val Loss: 1.0947, Val Acc: 82.39%
No improvement for 46 epoch(s).
Epoch[130/200] Train Loss: 0.0194, Train Acc: 99.57%
Epoch[130/200] Val Loss: 1.0867, Val Acc: 81.65%
No improvement for 47 epoch(s).
Epoch[131/200] Train Loss: 0.0369, Train Acc: 98.83%
Epoch[131/200] Val Loss: 1.0679, Val Acc: 83.78%
No improvement for 48 epoch(s).
Epoch[132/200] Train Loss: 0.0194, Train Acc: 98.91%
Epoch[132/200] Val Loss: 1.0375, Val Acc: 83.83%
No improvement for 49 epoch(s).
Epoch[133/200] Train Loss: 0.0424, Train Acc: 98.18%
Epoch[133/200] Val Loss: 0.9865, Val Acc: 84.87%
No improvement for 50 epoch(s).
Early stopping triggered. No improvement in validation acc for 50 epochs.
Saved checkpoint: /media/icnlab/Data/Thang/plan_dieases/context_moe/checkpoints/plantdoc/pretrain_weight/efficientnetb0/seed_43/run_20260511-063448/last_checkpoint.pth
Training finished. Best val acc: 84.9206 at epoch 83
Saved training plot to /media/icnlab/Data/Thang/plan_dieases/context_moe/checkpoints/plantdoc/pretrain_weight/efficientnetb0/seed_43/run_20260511-063448/loss_acc_plot.png
