Epoch[1/200] Train Loss: 1.3408, Train Acc: 57.21%
Epoch[1/200] Val Loss: 1.4919, Val Acc: 61.12%
Validation accuracy improved (-inf -> 61.1161).
Saved checkpoint: /media/icnlab/Data/Thang/plan_dieases/context_moe/checkpoints/plantdoc/pretrain_weight/shufflenetv2/seed_44/run_20260511-004254/best_checkpoint.pth
Epoch[2/200] Train Loss: 0.8813, Train Acc: 70.39%
Epoch[2/200] Val Loss: 1.2186, Val Acc: 60.62%
No improvement for 1 epoch(s).
Epoch[3/200] Train Loss: 0.6872, Train Acc: 76.61%
Epoch[3/200] Val Loss: 1.2486, Val Acc: 67.41%
Validation accuracy improved (61.1161 -> 67.4107).
Saved checkpoint: /media/icnlab/Data/Thang/plan_dieases/context_moe/checkpoints/plantdoc/pretrain_weight/shufflenetv2/seed_44/run_20260511-004254/best_checkpoint.pth
Epoch[4/200] Train Loss: 0.6116, Train Acc: 80.10%
Epoch[4/200] Val Loss: 0.9458, Val Acc: 72.99%
Validation accuracy improved (67.4107 -> 72.9911).
Saved checkpoint: /media/icnlab/Data/Thang/plan_dieases/context_moe/checkpoints/plantdoc/pretrain_weight/shufflenetv2/seed_44/run_20260511-004254/best_checkpoint.pth
Epoch[5/200] Train Loss: 0.5097, Train Acc: 82.71%
Epoch[5/200] Val Loss: 0.9946, Val Acc: 73.53%
Validation accuracy improved (72.9911 -> 73.5268).
Saved checkpoint: /media/icnlab/Data/Thang/plan_dieases/context_moe/checkpoints/plantdoc/pretrain_weight/shufflenetv2/seed_44/run_20260511-004254/best_checkpoint.pth
Epoch[6/200] Train Loss: 0.4004, Train Acc: 84.87%
Epoch[6/200] Val Loss: 0.9636, Val Acc: 71.96%
No improvement for 1 epoch(s).
Epoch[7/200] Train Loss: 0.3962, Train Acc: 85.63%
Epoch[7/200] Val Loss: 1.1360, Val Acc: 77.14%
Validation accuracy improved (73.5268 -> 77.1429).
Saved checkpoint: /media/icnlab/Data/Thang/plan_dieases/context_moe/checkpoints/plantdoc/pretrain_weight/shufflenetv2/seed_44/run_20260511-004254/best_checkpoint.pth
Epoch[8/200] Train Loss: 0.3207, Train Acc: 88.94%
Epoch[8/200] Val Loss: 1.0790, Val Acc: 73.21%
No improvement for 1 epoch(s).
Epoch[9/200] Train Loss: 0.2977, Train Acc: 88.74%
Epoch[9/200] Val Loss: 1.1703, Val Acc: 74.46%
No improvement for 2 epoch(s).
Epoch[10/200] Train Loss: 0.2522, Train Acc: 89.99%
Epoch[10/200] Val Loss: 1.0394, Val Acc: 72.90%
No improvement for 3 epoch(s).
Epoch[11/200] Train Loss: 0.2459, Train Acc: 91.53%
Epoch[11/200] Val Loss: 0.9341, Val Acc: 77.99%
Validation accuracy improved (77.1429 -> 77.9911).
Saved checkpoint: /media/icnlab/Data/Thang/plan_dieases/context_moe/checkpoints/plantdoc/pretrain_weight/shufflenetv2/seed_44/run_20260511-004254/best_checkpoint.pth
Epoch[12/200] Train Loss: 0.2974, Train Acc: 90.17%
Epoch[12/200] Val Loss: 0.9907, Val Acc: 74.60%
No improvement for 1 epoch(s).
Epoch[13/200] Train Loss: 0.2483, Train Acc: 91.15%
Epoch[13/200] Val Loss: 1.0765, Val Acc: 75.27%
No improvement for 2 epoch(s).
Epoch[14/200] Train Loss: 0.1919, Train Acc: 92.59%
Epoch[14/200] Val Loss: 0.9956, Val Acc: 78.08%
Validation accuracy improved (77.9911 -> 78.0804).
Saved checkpoint: /media/icnlab/Data/Thang/plan_dieases/context_moe/checkpoints/plantdoc/pretrain_weight/shufflenetv2/seed_44/run_20260511-004254/best_checkpoint.pth
Epoch[15/200] Train Loss: 0.1719, Train Acc: 93.97%
Epoch[15/200] Val Loss: 1.0381, Val Acc: 78.21%
Validation accuracy improved (78.0804 -> 78.2143).
Saved checkpoint: /media/icnlab/Data/Thang/plan_dieases/context_moe/checkpoints/plantdoc/pretrain_weight/shufflenetv2/seed_44/run_20260511-004254/best_checkpoint.pth
Epoch[16/200] Train Loss: 0.1562, Train Acc: 94.20%
Epoch[16/200] Val Loss: 1.1036, Val Acc: 81.21%
Validation accuracy improved (78.2143 -> 81.2054).
Saved checkpoint: /media/icnlab/Data/Thang/plan_dieases/context_moe/checkpoints/plantdoc/pretrain_weight/shufflenetv2/seed_44/run_20260511-004254/best_checkpoint.pth
Epoch[17/200] Train Loss: 0.2141, Train Acc: 92.81%
Epoch[17/200] Val Loss: 1.0878, Val Acc: 75.54%
No improvement for 1 epoch(s).
Epoch[18/200] Train Loss: 0.2001, Train Acc: 93.46%
Epoch[18/200] Val Loss: 1.1697, Val Acc: 74.20%
No improvement for 2 epoch(s).
Epoch[19/200] Train Loss: 0.1550, Train Acc: 95.06%
Epoch[19/200] Val Loss: 0.9536, Val Acc: 79.02%
No improvement for 3 epoch(s).
Epoch[20/200] Train Loss: 0.1181, Train Acc: 95.28%
Epoch[20/200] Val Loss: 1.1176, Val Acc: 77.46%
No improvement for 4 epoch(s).
Epoch[21/200] Train Loss: 0.1495, Train Acc: 94.99%
Epoch[21/200] Val Loss: 1.1401, Val Acc: 76.56%
No improvement for 5 epoch(s).
Epoch[22/200] Train Loss: 0.1363, Train Acc: 95.38%
Epoch[22/200] Val Loss: 1.1613, Val Acc: 77.37%
No improvement for 6 epoch(s).
Epoch[23/200] Train Loss: 0.1113, Train Acc: 96.10%
Epoch[23/200] Val Loss: 1.2550, Val Acc: 78.48%
No improvement for 7 epoch(s).
Epoch[24/200] Train Loss: 0.1122, Train Acc: 96.45%
Epoch[24/200] Val Loss: 1.2202, Val Acc: 77.14%
No improvement for 8 epoch(s).
Epoch[25/200] Train Loss: 0.1182, Train Acc: 96.19%
Epoch[25/200] Val Loss: 1.0220, Val Acc: 80.18%
No improvement for 9 epoch(s).
Epoch[26/200] Train Loss: 0.1582, Train Acc: 94.85%
Epoch[26/200] Val Loss: 1.2787, Val Acc: 79.46%
No improvement for 10 epoch(s).
Epoch[27/200] Train Loss: 0.1797, Train Acc: 94.01%
Epoch[27/200] Val Loss: 1.1566, Val Acc: 75.18%
No improvement for 11 epoch(s).
Epoch[28/200] Train Loss: 0.0933, Train Acc: 97.05%
Epoch[28/200] Val Loss: 0.9556, Val Acc: 80.36%
No improvement for 12 epoch(s).
Epoch[29/200] Train Loss: 0.0509, Train Acc: 97.97%
Epoch[29/200] Val Loss: 1.0053, Val Acc: 80.58%
No improvement for 13 epoch(s).
Epoch[30/200] Train Loss: 0.0369, Train Acc: 98.78%
Epoch[30/200] Val Loss: 1.0955, Val Acc: 80.49%
No improvement for 14 epoch(s).
Epoch[31/200] Train Loss: 0.0291, Train Acc: 98.87%
Epoch[31/200] Val Loss: 1.1120, Val Acc: 81.92%
Validation accuracy improved (81.2054 -> 81.9196).
Saved checkpoint: /media/icnlab/Data/Thang/plan_dieases/context_moe/checkpoints/plantdoc/pretrain_weight/shufflenetv2/seed_44/run_20260511-004254/best_checkpoint.pth
Epoch[32/200] Train Loss: 0.0206, Train Acc: 99.57%
Epoch[32/200] Val Loss: 1.0154, Val Acc: 81.61%
No improvement for 1 epoch(s).
Epoch[33/200] Train Loss: 0.0190, Train Acc: 99.35%
Epoch[33/200] Val Loss: 1.0402, Val Acc: 81.61%
No improvement for 2 epoch(s).
Epoch[34/200] Train Loss: 0.0146, Train Acc: 99.53%
Epoch[34/200] Val Loss: 1.1015, Val Acc: 81.92%
No improvement for 3 epoch(s).
Epoch[35/200] Train Loss: 0.0176, Train Acc: 99.31%
Epoch[35/200] Val Loss: 1.0640, Val Acc: 83.08%
Validation accuracy improved (81.9196 -> 83.0804).
Saved checkpoint: /media/icnlab/Data/Thang/plan_dieases/context_moe/checkpoints/plantdoc/pretrain_weight/shufflenetv2/seed_44/run_20260511-004254/best_checkpoint.pth
Epoch[36/200] Train Loss: 0.0193, Train Acc: 99.09%
Epoch[36/200] Val Loss: 1.0166, Val Acc: 81.83%
No improvement for 1 epoch(s).
Epoch[37/200] Train Loss: 0.0201, Train Acc: 99.32%
Epoch[37/200] Val Loss: 1.0621, Val Acc: 81.92%
No improvement for 2 epoch(s).
Epoch[38/200] Train Loss: 0.0171, Train Acc: 99.26%
Epoch[38/200] Val Loss: 1.1245, Val Acc: 82.14%
No improvement for 3 epoch(s).
Epoch[39/200] Train Loss: 0.0165, Train Acc: 99.44%
Epoch[39/200] Val Loss: 1.1472, Val Acc: 83.08%
No improvement for 4 epoch(s).
Epoch[40/200] Train Loss: 0.0216, Train Acc: 99.02%
Epoch[40/200] Val Loss: 1.1512, Val Acc: 82.46%
No improvement for 5 epoch(s).
Epoch[41/200] Train Loss: 0.0176, Train Acc: 99.39%
Epoch[41/200] Val Loss: 1.1071, Val Acc: 83.48%
Validation accuracy improved (83.0804 -> 83.4821).
Saved checkpoint: /media/icnlab/Data/Thang/plan_dieases/context_moe/checkpoints/plantdoc/pretrain_weight/shufflenetv2/seed_44/run_20260511-004254/best_checkpoint.pth
Epoch[42/200] Train Loss: 0.0150, Train Acc: 99.22%
Epoch[42/200] Val Loss: 1.0867, Val Acc: 82.77%
No improvement for 1 epoch(s).
Epoch[43/200] Train Loss: 0.0143, Train Acc: 99.57%
Epoch[43/200] Val Loss: 1.0745, Val Acc: 84.11%
Validation accuracy improved (83.4821 -> 84.1071).
Saved checkpoint: /media/icnlab/Data/Thang/plan_dieases/context_moe/checkpoints/plantdoc/pretrain_weight/shufflenetv2/seed_44/run_20260511-004254/best_checkpoint.pth
Epoch[44/200] Train Loss: 0.0140, Train Acc: 99.57%
Epoch[44/200] Val Loss: 1.0987, Val Acc: 83.17%
No improvement for 1 epoch(s).
Epoch[45/200] Train Loss: 0.0165, Train Acc: 99.35%
Epoch[45/200] Val Loss: 0.9711, Val Acc: 85.58%
Validation accuracy improved (84.1071 -> 85.5804).
Saved checkpoint: /media/icnlab/Data/Thang/plan_dieases/context_moe/checkpoints/plantdoc/pretrain_weight/shufflenetv2/seed_44/run_20260511-004254/best_checkpoint.pth
Epoch[46/200] Train Loss: 0.0201, Train Acc: 99.44%
Epoch[46/200] Val Loss: 1.0760, Val Acc: 82.77%
No improvement for 1 epoch(s).
Epoch[47/200] Train Loss: 0.0126, Train Acc: 99.52%
Epoch[47/200] Val Loss: 1.0499, Val Acc: 83.39%
No improvement for 2 epoch(s).
Epoch[48/200] Train Loss: 0.0138, Train Acc: 99.44%
Epoch[48/200] Val Loss: 1.0193, Val Acc: 83.93%
No improvement for 3 epoch(s).
Epoch[49/200] Train Loss: 0.0165, Train Acc: 99.44%
Epoch[49/200] Val Loss: 1.2103, Val Acc: 80.18%
No improvement for 4 epoch(s).
Epoch[50/200] Train Loss: 0.0133, Train Acc: 99.57%
Epoch[50/200] Val Loss: 1.1440, Val Acc: 80.40%
No improvement for 5 epoch(s).
Epoch[51/200] Train Loss: 0.0354, Train Acc: 98.79%
Epoch[51/200] Val Loss: 1.0428, Val Acc: 83.39%
No improvement for 6 epoch(s).
Epoch[52/200] Train Loss: 0.0277, Train Acc: 98.65%
Epoch[52/200] Val Loss: 1.0879, Val Acc: 81.96%
No improvement for 7 epoch(s).
Epoch[53/200] Train Loss: 0.0356, Train Acc: 99.14%
Epoch[53/200] Val Loss: 1.3571, Val Acc: 78.62%
No improvement for 8 epoch(s).
Epoch[54/200] Train Loss: 0.0685, Train Acc: 98.10%
Epoch[54/200] Val Loss: 1.2940, Val Acc: 78.93%
No improvement for 9 epoch(s).
Epoch[55/200] Train Loss: 0.0380, Train Acc: 98.63%
Epoch[55/200] Val Loss: 1.1740, Val Acc: 81.52%
No improvement for 10 epoch(s).
Epoch[56/200] Train Loss: 0.0348, Train Acc: 99.05%
Epoch[56/200] Val Loss: 1.3006, Val Acc: 81.83%
No improvement for 11 epoch(s).
Epoch[57/200] Train Loss: 0.0221, Train Acc: 99.09%
Epoch[57/200] Val Loss: 1.2520, Val Acc: 83.79%
No improvement for 12 epoch(s).
Epoch[58/200] Train Loss: 0.0155, Train Acc: 99.48%
Epoch[58/200] Val Loss: 1.2529, Val Acc: 83.08%
No improvement for 13 epoch(s).
Epoch[59/200] Train Loss: 0.0133, Train Acc: 99.57%
Epoch[59/200] Val Loss: 1.2331, Val Acc: 82.37%
No improvement for 14 epoch(s).
Epoch[60/200] Train Loss: 0.0091, Train Acc: 99.87%
Epoch[60/200] Val Loss: 1.2487, Val Acc: 80.80%
No improvement for 15 epoch(s).
Epoch[61/200] Train Loss: 0.0092, Train Acc: 99.74%
Epoch[61/200] Val Loss: 1.2344, Val Acc: 81.43%
No improvement for 16 epoch(s).
Epoch[62/200] Train Loss: 0.0119, Train Acc: 99.65%
Epoch[62/200] Val Loss: 1.2265, Val Acc: 82.46%
No improvement for 17 epoch(s).
Epoch[63/200] Train Loss: 0.0084, Train Acc: 99.74%
Epoch[63/200] Val Loss: 1.2227, Val Acc: 82.77%
No improvement for 18 epoch(s).
Epoch[64/200] Train Loss: 0.0065, Train Acc: 99.87%
Epoch[64/200] Val Loss: 1.2166, Val Acc: 83.08%
No improvement for 19 epoch(s).
Epoch[65/200] Train Loss: 0.0080, Train Acc: 99.70%
Epoch[65/200] Val Loss: 1.2567, Val Acc: 82.14%
No improvement for 20 epoch(s).
Epoch[66/200] Train Loss: 0.0063, Train Acc: 99.70%
Epoch[66/200] Val Loss: 1.2531, Val Acc: 82.46%
No improvement for 21 epoch(s).
Epoch[67/200] Train Loss: 0.0070, Train Acc: 99.78%
Epoch[67/200] Val Loss: 1.2173, Val Acc: 83.08%
No improvement for 22 epoch(s).
Epoch[68/200] Train Loss: 0.0052, Train Acc: 99.83%
Epoch[68/200] Val Loss: 1.2636, Val Acc: 82.77%
No improvement for 23 epoch(s).
Epoch[69/200] Train Loss: 0.0058, Train Acc: 99.78%
Epoch[69/200] Val Loss: 1.2288, Val Acc: 82.05%
No improvement for 24 epoch(s).
Epoch[70/200] Train Loss: 0.0063, Train Acc: 99.70%
Epoch[70/200] Val Loss: 1.2541, Val Acc: 82.37%
No improvement for 25 epoch(s).
Epoch[71/200] Train Loss: 0.0054, Train Acc: 99.83%
Epoch[71/200] Val Loss: 1.2561, Val Acc: 82.05%
No improvement for 26 epoch(s).
Epoch[72/200] Train Loss: 0.0049, Train Acc: 99.87%
Epoch[72/200] Val Loss: 1.2587, Val Acc: 82.68%
No improvement for 27 epoch(s).
Epoch[73/200] Train Loss: 0.0039, Train Acc: 99.83%
Epoch[73/200] Val Loss: 1.2806, Val Acc: 82.05%
No improvement for 28 epoch(s).
Epoch[74/200] Train Loss: 0.0046, Train Acc: 99.91%
Epoch[74/200] Val Loss: 1.2654, Val Acc: 81.74%
No improvement for 29 epoch(s).
Epoch[75/200] Train Loss: 0.0040, Train Acc: 99.87%
Epoch[75/200] Val Loss: 1.2830, Val Acc: 83.08%
No improvement for 30 epoch(s).
Epoch[76/200] Train Loss: 0.0065, Train Acc: 99.61%
Epoch[76/200] Val Loss: 1.2455, Val Acc: 82.05%
No improvement for 31 epoch(s).
Epoch[77/200] Train Loss: 0.0040, Train Acc: 99.87%
Epoch[77/200] Val Loss: 1.2725, Val Acc: 81.74%
No improvement for 32 epoch(s).
Epoch[78/200] Train Loss: 0.0031, Train Acc: 99.91%
Epoch[78/200] Val Loss: 1.2559, Val Acc: 82.37%
No improvement for 33 epoch(s).
Epoch[79/200] Train Loss: 0.0066, Train Acc: 99.78%
Epoch[79/200] Val Loss: 1.2473, Val Acc: 82.99%
No improvement for 34 epoch(s).
Epoch[80/200] Train Loss: 0.0062, Train Acc: 99.78%
Epoch[80/200] Val Loss: 1.2556, Val Acc: 82.68%
No improvement for 35 epoch(s).
Epoch[81/200] Train Loss: 0.0042, Train Acc: 99.83%
Epoch[81/200] Val Loss: 1.2936, Val Acc: 82.37%
No improvement for 36 epoch(s).
Epoch[82/200] Train Loss: 0.0035, Train Acc: 99.83%
Epoch[82/200] Val Loss: 1.2683, Val Acc: 82.37%
No improvement for 37 epoch(s).
Epoch[83/200] Train Loss: 0.0024, Train Acc: 99.87%
Epoch[83/200] Val Loss: 1.2742, Val Acc: 82.68%
No improvement for 38 epoch(s).
Epoch[84/200] Train Loss: 0.0055, Train Acc: 99.87%
Epoch[84/200] Val Loss: 1.2640, Val Acc: 82.68%
No improvement for 39 epoch(s).
Epoch[85/200] Train Loss: 0.0045, Train Acc: 99.87%
Epoch[85/200] Val Loss: 1.2604, Val Acc: 82.37%
No improvement for 40 epoch(s).
Epoch[86/200] Train Loss: 0.0026, Train Acc: 99.96%
Epoch[86/200] Val Loss: 1.2110, Val Acc: 82.05%
No improvement for 41 epoch(s).
Epoch[87/200] Train Loss: 0.0043, Train Acc: 99.83%
Epoch[87/200] Val Loss: 1.2453, Val Acc: 82.37%
No improvement for 42 epoch(s).
Epoch[88/200] Train Loss: 0.0044, Train Acc: 99.78%
Epoch[88/200] Val Loss: 1.2202, Val Acc: 82.68%
No improvement for 43 epoch(s).
Epoch[89/200] Train Loss: 0.0048, Train Acc: 99.87%
Epoch[89/200] Val Loss: 1.2602, Val Acc: 82.68%
No improvement for 44 epoch(s).
Epoch[90/200] Train Loss: 0.0039, Train Acc: 99.87%
Epoch[90/200] Val Loss: 1.2404, Val Acc: 82.68%
No improvement for 45 epoch(s).
Epoch[91/200] Train Loss: 0.0060, Train Acc: 99.83%
Epoch[91/200] Val Loss: 1.2317, Val Acc: 82.37%
No improvement for 46 epoch(s).
Epoch[92/200] Train Loss: 0.0033, Train Acc: 99.87%
Epoch[92/200] Val Loss: 1.2478, Val Acc: 82.37%
No improvement for 47 epoch(s).
Epoch[93/200] Train Loss: 0.0039, Train Acc: 99.83%
Epoch[93/200] Val Loss: 1.2272, Val Acc: 82.68%
No improvement for 48 epoch(s).
Epoch[94/200] Train Loss: 0.0029, Train Acc: 99.96%
Epoch[94/200] Val Loss: 1.2229, Val Acc: 82.37%
No improvement for 49 epoch(s).
Epoch[95/200] Train Loss: 0.0027, Train Acc: 99.91%
Epoch[95/200] Val Loss: 1.2320, Val Acc: 82.68%
No improvement for 50 epoch(s).
Early stopping triggered. No improvement in validation acc for 50 epochs.
Saved checkpoint: /media/icnlab/Data/Thang/plan_dieases/context_moe/checkpoints/plantdoc/pretrain_weight/shufflenetv2/seed_44/run_20260511-004254/last_checkpoint.pth
Training finished. Best val acc: 85.5804 at epoch 45
Saved training plot to /media/icnlab/Data/Thang/plan_dieases/context_moe/checkpoints/plantdoc/pretrain_weight/shufflenetv2/seed_44/run_20260511-004254/loss_acc_plot.png
