Epoch[1/200] Train Loss: 2.0740, Train Acc: 21.13%
Epoch[1/200] Val Loss: 2.0189, Val Acc: 35.76%
Validation accuracy improved (-inf -> 35.7589).
Saved checkpoint: /media/icnlab/Data/Thang/plan_dieases/context_moe/checkpoints/plantdoc/pretrain_weight/squeezenet/seed_44/run_20260511-034457/best_checkpoint.pth
Epoch[2/200] Train Loss: 1.9534, Train Acc: 31.53%
Epoch[2/200] Val Loss: 1.9314, Val Acc: 18.26%
No improvement for 1 epoch(s).
Epoch[3/200] Train Loss: 1.8570, Train Acc: 35.30%
Epoch[3/200] Val Loss: 1.7872, Val Acc: 37.23%
Validation accuracy improved (35.7589 -> 37.2321).
Saved checkpoint: /media/icnlab/Data/Thang/plan_dieases/context_moe/checkpoints/plantdoc/pretrain_weight/squeezenet/seed_44/run_20260511-034457/best_checkpoint.pth
Epoch[4/200] Train Loss: 1.7137, Train Acc: 41.57%
Epoch[4/200] Val Loss: 1.8416, Val Acc: 42.90%
Validation accuracy improved (37.2321 -> 42.9018).
Saved checkpoint: /media/icnlab/Data/Thang/plan_dieases/context_moe/checkpoints/plantdoc/pretrain_weight/squeezenet/seed_44/run_20260511-034457/best_checkpoint.pth
Epoch[5/200] Train Loss: 1.6440, Train Acc: 44.12%
Epoch[5/200] Val Loss: 1.6782, Val Acc: 35.13%
No improvement for 1 epoch(s).
Epoch[6/200] Train Loss: 1.5671, Train Acc: 46.45%
Epoch[6/200] Val Loss: 1.6116, Val Acc: 39.60%
No improvement for 2 epoch(s).
Epoch[7/200] Train Loss: 1.4831, Train Acc: 49.20%
Epoch[7/200] Val Loss: 1.4878, Val Acc: 48.71%
Validation accuracy improved (42.9018 -> 48.7054).
Saved checkpoint: /media/icnlab/Data/Thang/plan_dieases/context_moe/checkpoints/plantdoc/pretrain_weight/squeezenet/seed_44/run_20260511-034457/best_checkpoint.pth
Epoch[8/200] Train Loss: 1.5153, Train Acc: 48.39%
Epoch[8/200] Val Loss: 1.5102, Val Acc: 39.91%
No improvement for 1 epoch(s).
Epoch[9/200] Train Loss: 1.4145, Train Acc: 53.10%
Epoch[9/200] Val Loss: 1.3974, Val Acc: 53.08%
Validation accuracy improved (48.7054 -> 53.0804).
Saved checkpoint: /media/icnlab/Data/Thang/plan_dieases/context_moe/checkpoints/plantdoc/pretrain_weight/squeezenet/seed_44/run_20260511-034457/best_checkpoint.pth
Epoch[10/200] Train Loss: 1.3617, Train Acc: 55.06%
Epoch[10/200] Val Loss: 1.6047, Val Acc: 48.39%
No improvement for 1 epoch(s).
Epoch[11/200] Train Loss: 1.3525, Train Acc: 54.42%
Epoch[11/200] Val Loss: 1.5217, Val Acc: 49.02%
No improvement for 2 epoch(s).
Epoch[12/200] Train Loss: 1.2889, Train Acc: 57.26%
Epoch[12/200] Val Loss: 1.3084, Val Acc: 51.12%
No improvement for 3 epoch(s).
Epoch[13/200] Train Loss: 1.2763, Train Acc: 56.99%
Epoch[13/200] Val Loss: 1.4234, Val Acc: 51.61%
No improvement for 4 epoch(s).
Epoch[14/200] Train Loss: 1.2607, Train Acc: 57.31%
Epoch[14/200] Val Loss: 1.3812, Val Acc: 55.13%
Validation accuracy improved (53.0804 -> 55.1339).
Saved checkpoint: /media/icnlab/Data/Thang/plan_dieases/context_moe/checkpoints/plantdoc/pretrain_weight/squeezenet/seed_44/run_20260511-034457/best_checkpoint.pth
Epoch[15/200] Train Loss: 1.2338, Train Acc: 59.51%
Epoch[15/200] Val Loss: 1.3173, Val Acc: 58.17%
Validation accuracy improved (55.1339 -> 58.1696).
Saved checkpoint: /media/icnlab/Data/Thang/plan_dieases/context_moe/checkpoints/plantdoc/pretrain_weight/squeezenet/seed_44/run_20260511-034457/best_checkpoint.pth
Epoch[16/200] Train Loss: 1.2118, Train Acc: 57.67%
Epoch[16/200] Val Loss: 1.2630, Val Acc: 55.54%
No improvement for 1 epoch(s).
Epoch[17/200] Train Loss: 1.1849, Train Acc: 59.91%
Epoch[17/200] Val Loss: 1.3873, Val Acc: 53.21%
No improvement for 2 epoch(s).
Epoch[18/200] Train Loss: 1.1484, Train Acc: 61.94%
Epoch[18/200] Val Loss: 1.3565, Val Acc: 49.55%
No improvement for 3 epoch(s).
Epoch[19/200] Train Loss: 1.1589, Train Acc: 59.57%
Epoch[19/200] Val Loss: 1.5232, Val Acc: 43.35%
No improvement for 4 epoch(s).
Epoch[20/200] Train Loss: 1.1888, Train Acc: 59.70%
Epoch[20/200] Val Loss: 1.2561, Val Acc: 55.89%
No improvement for 5 epoch(s).
Epoch[21/200] Train Loss: 1.1097, Train Acc: 63.21%
Epoch[21/200] Val Loss: 1.3981, Val Acc: 57.54%
No improvement for 6 epoch(s).
Epoch[22/200] Train Loss: 1.1152, Train Acc: 62.07%
Epoch[22/200] Val Loss: 1.3252, Val Acc: 57.54%
No improvement for 7 epoch(s).
Epoch[23/200] Train Loss: 1.0951, Train Acc: 64.46%
Epoch[23/200] Val Loss: 1.3210, Val Acc: 54.96%
No improvement for 8 epoch(s).
Epoch[24/200] Train Loss: 1.0712, Train Acc: 64.72%
Epoch[24/200] Val Loss: 1.2920, Val Acc: 61.07%
Validation accuracy improved (58.1696 -> 61.0714).
Saved checkpoint: /media/icnlab/Data/Thang/plan_dieases/context_moe/checkpoints/plantdoc/pretrain_weight/squeezenet/seed_44/run_20260511-034457/best_checkpoint.pth
Epoch[25/200] Train Loss: 1.0591, Train Acc: 64.13%
Epoch[25/200] Val Loss: 1.3918, Val Acc: 54.64%
No improvement for 1 epoch(s).
Epoch[26/200] Train Loss: 1.0274, Train Acc: 65.94%
Epoch[26/200] Val Loss: 1.3883, Val Acc: 56.21%
No improvement for 2 epoch(s).
Epoch[27/200] Train Loss: 1.0308, Train Acc: 65.03%
Epoch[27/200] Val Loss: 1.2351, Val Acc: 56.43%
No improvement for 3 epoch(s).
Epoch[28/200] Train Loss: 1.0109, Train Acc: 67.40%
Epoch[28/200] Val Loss: 1.3476, Val Acc: 54.38%
No improvement for 4 epoch(s).
Epoch[29/200] Train Loss: 1.0309, Train Acc: 66.04%
Epoch[29/200] Val Loss: 1.3465, Val Acc: 57.14%
No improvement for 5 epoch(s).
Epoch[30/200] Train Loss: 0.9758, Train Acc: 66.76%
Epoch[30/200] Val Loss: 1.3202, Val Acc: 58.08%
No improvement for 6 epoch(s).
Epoch[31/200] Train Loss: 0.9299, Train Acc: 68.45%
Epoch[31/200] Val Loss: 1.3843, Val Acc: 58.48%
No improvement for 7 epoch(s).
Epoch[32/200] Train Loss: 0.9825, Train Acc: 68.08%
Epoch[32/200] Val Loss: 1.3143, Val Acc: 56.03%
No improvement for 8 epoch(s).
Epoch[33/200] Train Loss: 0.9088, Train Acc: 69.78%
Epoch[33/200] Val Loss: 1.2745, Val Acc: 59.64%
No improvement for 9 epoch(s).
Epoch[34/200] Train Loss: 0.8901, Train Acc: 69.30%
Epoch[34/200] Val Loss: 1.4610, Val Acc: 53.93%
No improvement for 10 epoch(s).
Epoch[35/200] Train Loss: 0.9943, Train Acc: 65.93%
Epoch[35/200] Val Loss: 1.4290, Val Acc: 51.96%
No improvement for 11 epoch(s).
Epoch[36/200] Train Loss: 0.8300, Train Acc: 71.19%
Epoch[36/200] Val Loss: 1.3564, Val Acc: 59.11%
No improvement for 12 epoch(s).
Epoch[37/200] Train Loss: 0.7946, Train Acc: 73.65%
Epoch[37/200] Val Loss: 1.2782, Val Acc: 60.04%
No improvement for 13 epoch(s).
Epoch[38/200] Train Loss: 0.7924, Train Acc: 73.02%
Epoch[38/200] Val Loss: 1.2723, Val Acc: 60.80%
No improvement for 14 epoch(s).
Epoch[39/200] Train Loss: 0.7448, Train Acc: 75.29%
Epoch[39/200] Val Loss: 1.5279, Val Acc: 55.49%
No improvement for 15 epoch(s).
Epoch[40/200] Train Loss: 0.7856, Train Acc: 73.58%
Epoch[40/200] Val Loss: 1.1899, Val Acc: 62.54%
Validation accuracy improved (61.0714 -> 62.5446).
Saved checkpoint: /media/icnlab/Data/Thang/plan_dieases/context_moe/checkpoints/plantdoc/pretrain_weight/squeezenet/seed_44/run_20260511-034457/best_checkpoint.pth
Epoch[41/200] Train Loss: 0.7588, Train Acc: 75.34%
Epoch[41/200] Val Loss: 1.2415, Val Acc: 63.88%
Validation accuracy improved (62.5446 -> 63.8839).
Saved checkpoint: /media/icnlab/Data/Thang/plan_dieases/context_moe/checkpoints/plantdoc/pretrain_weight/squeezenet/seed_44/run_20260511-034457/best_checkpoint.pth
Epoch[42/200] Train Loss: 0.7065, Train Acc: 76.16%
Epoch[42/200] Val Loss: 1.1668, Val Acc: 65.04%
Validation accuracy improved (63.8839 -> 65.0446).
Saved checkpoint: /media/icnlab/Data/Thang/plan_dieases/context_moe/checkpoints/plantdoc/pretrain_weight/squeezenet/seed_44/run_20260511-034457/best_checkpoint.pth
Epoch[43/200] Train Loss: 0.6974, Train Acc: 75.20%
Epoch[43/200] Val Loss: 1.2405, Val Acc: 62.32%
No improvement for 1 epoch(s).
Epoch[44/200] Train Loss: 0.7310, Train Acc: 73.64%
Epoch[44/200] Val Loss: 1.2574, Val Acc: 64.91%
No improvement for 2 epoch(s).
Epoch[45/200] Train Loss: 0.6677, Train Acc: 76.82%
Epoch[45/200] Val Loss: 1.2805, Val Acc: 65.54%
Validation accuracy improved (65.0446 -> 65.5357).
Saved checkpoint: /media/icnlab/Data/Thang/plan_dieases/context_moe/checkpoints/plantdoc/pretrain_weight/squeezenet/seed_44/run_20260511-034457/best_checkpoint.pth
Epoch[46/200] Train Loss: 0.6625, Train Acc: 77.60%
Epoch[46/200] Val Loss: 1.4875, Val Acc: 64.11%
No improvement for 1 epoch(s).
Epoch[47/200] Train Loss: 0.6920, Train Acc: 76.29%
Epoch[47/200] Val Loss: 1.3679, Val Acc: 62.46%
No improvement for 2 epoch(s).
Epoch[48/200] Train Loss: 0.6973, Train Acc: 75.54%
Epoch[48/200] Val Loss: 1.2711, Val Acc: 64.60%
No improvement for 3 epoch(s).
Epoch[49/200] Train Loss: 0.6612, Train Acc: 77.04%
Epoch[49/200] Val Loss: 1.4361, Val Acc: 62.81%
No improvement for 4 epoch(s).
Epoch[50/200] Train Loss: 0.6296, Train Acc: 78.46%
Epoch[50/200] Val Loss: 1.3709, Val Acc: 68.04%
Validation accuracy improved (65.5357 -> 68.0357).
Saved checkpoint: /media/icnlab/Data/Thang/plan_dieases/context_moe/checkpoints/plantdoc/pretrain_weight/squeezenet/seed_44/run_20260511-034457/best_checkpoint.pth
Epoch[51/200] Train Loss: 0.6462, Train Acc: 77.20%
Epoch[51/200] Val Loss: 1.2922, Val Acc: 57.90%
No improvement for 1 epoch(s).
Epoch[52/200] Train Loss: 0.6155, Train Acc: 78.77%
Epoch[52/200] Val Loss: 1.3092, Val Acc: 66.07%
No improvement for 2 epoch(s).
Epoch[53/200] Train Loss: 0.6287, Train Acc: 78.07%
Epoch[53/200] Val Loss: 1.2355, Val Acc: 63.97%
No improvement for 3 epoch(s).
Epoch[54/200] Train Loss: 0.6393, Train Acc: 76.91%
Epoch[54/200] Val Loss: 1.2605, Val Acc: 64.60%
No improvement for 4 epoch(s).
Epoch[55/200] Train Loss: 0.5895, Train Acc: 79.12%
Epoch[55/200] Val Loss: 1.2362, Val Acc: 64.20%
No improvement for 5 epoch(s).
Epoch[56/200] Train Loss: 0.5737, Train Acc: 79.25%
Epoch[56/200] Val Loss: 1.2476, Val Acc: 65.54%
No improvement for 6 epoch(s).
Epoch[57/200] Train Loss: 0.6004, Train Acc: 77.99%
Epoch[57/200] Val Loss: 1.3890, Val Acc: 61.38%
No improvement for 7 epoch(s).
Epoch[58/200] Train Loss: 0.5611, Train Acc: 80.41%
Epoch[58/200] Val Loss: 1.3560, Val Acc: 64.51%
No improvement for 8 epoch(s).
Epoch[59/200] Train Loss: 0.5720, Train Acc: 79.72%
Epoch[59/200] Val Loss: 1.2637, Val Acc: 63.66%
No improvement for 9 epoch(s).
Epoch[60/200] Train Loss: 0.5593, Train Acc: 80.49%
Epoch[60/200] Val Loss: 1.2815, Val Acc: 64.46%
No improvement for 10 epoch(s).
Epoch[61/200] Train Loss: 0.5118, Train Acc: 81.00%
Epoch[61/200] Val Loss: 1.4811, Val Acc: 65.62%
No improvement for 11 epoch(s).
Epoch[62/200] Train Loss: 0.4599, Train Acc: 82.97%
Epoch[62/200] Val Loss: 1.3238, Val Acc: 66.56%
No improvement for 12 epoch(s).
Epoch[63/200] Train Loss: 0.4614, Train Acc: 83.58%
Epoch[63/200] Val Loss: 1.3651, Val Acc: 65.22%
No improvement for 13 epoch(s).
Epoch[64/200] Train Loss: 0.4197, Train Acc: 84.66%
Epoch[64/200] Val Loss: 1.4041, Val Acc: 64.60%
No improvement for 14 epoch(s).
Epoch[65/200] Train Loss: 0.4127, Train Acc: 83.92%
Epoch[65/200] Val Loss: 1.3125, Val Acc: 65.62%
No improvement for 15 epoch(s).
Epoch[66/200] Train Loss: 0.4138, Train Acc: 84.93%
Epoch[66/200] Val Loss: 1.3480, Val Acc: 67.05%
No improvement for 16 epoch(s).
Epoch[67/200] Train Loss: 0.4048, Train Acc: 84.82%
Epoch[67/200] Val Loss: 1.4354, Val Acc: 68.21%
Validation accuracy improved (68.0357 -> 68.2143).
Saved checkpoint: /media/icnlab/Data/Thang/plan_dieases/context_moe/checkpoints/plantdoc/pretrain_weight/squeezenet/seed_44/run_20260511-034457/best_checkpoint.pth
Epoch[68/200] Train Loss: 0.3940, Train Acc: 85.14%
Epoch[68/200] Val Loss: 1.4229, Val Acc: 65.09%
No improvement for 1 epoch(s).
Epoch[69/200] Train Loss: 0.3958, Train Acc: 85.01%
Epoch[69/200] Val Loss: 1.5034, Val Acc: 66.25%
No improvement for 2 epoch(s).
Epoch[70/200] Train Loss: 0.4106, Train Acc: 85.09%
Epoch[70/200] Val Loss: 1.6180, Val Acc: 63.04%
No improvement for 3 epoch(s).
Epoch[71/200] Train Loss: 0.3995, Train Acc: 84.96%
Epoch[71/200] Val Loss: 1.4627, Val Acc: 68.62%
Validation accuracy improved (68.2143 -> 68.6161).
Saved checkpoint: /media/icnlab/Data/Thang/plan_dieases/context_moe/checkpoints/plantdoc/pretrain_weight/squeezenet/seed_44/run_20260511-034457/best_checkpoint.pth
Epoch[72/200] Train Loss: 0.3627, Train Acc: 86.67%
Epoch[72/200] Val Loss: 1.4611, Val Acc: 65.54%
No improvement for 1 epoch(s).
Epoch[73/200] Train Loss: 0.3595, Train Acc: 86.51%
Epoch[73/200] Val Loss: 1.4909, Val Acc: 66.34%
No improvement for 2 epoch(s).
Epoch[74/200] Train Loss: 0.3542, Train Acc: 85.87%
Epoch[74/200] Val Loss: 1.4530, Val Acc: 68.04%
No improvement for 3 epoch(s).
Epoch[75/200] Train Loss: 0.3332, Train Acc: 86.61%
Epoch[75/200] Val Loss: 1.4771, Val Acc: 69.87%
Validation accuracy improved (68.6161 -> 69.8661).
Saved checkpoint: /media/icnlab/Data/Thang/plan_dieases/context_moe/checkpoints/plantdoc/pretrain_weight/squeezenet/seed_44/run_20260511-034457/best_checkpoint.pth
Epoch[76/200] Train Loss: 0.3537, Train Acc: 86.26%
Epoch[76/200] Val Loss: 1.5052, Val Acc: 67.05%
No improvement for 1 epoch(s).
Epoch[77/200] Train Loss: 0.3549, Train Acc: 86.39%
Epoch[77/200] Val Loss: 1.6731, Val Acc: 64.82%
No improvement for 2 epoch(s).
Epoch[78/200] Train Loss: 0.3382, Train Acc: 87.81%
Epoch[78/200] Val Loss: 1.5178, Val Acc: 65.94%
No improvement for 3 epoch(s).
Epoch[79/200] Train Loss: 0.3372, Train Acc: 87.73%
Epoch[79/200] Val Loss: 1.4946, Val Acc: 64.91%
No improvement for 4 epoch(s).
Epoch[80/200] Train Loss: 0.3610, Train Acc: 86.65%
Epoch[80/200] Val Loss: 1.4043, Val Acc: 66.56%
No improvement for 5 epoch(s).
Epoch[81/200] Train Loss: 0.3557, Train Acc: 86.56%
Epoch[81/200] Val Loss: 1.5296, Val Acc: 67.68%
No improvement for 6 epoch(s).
Epoch[82/200] Train Loss: 0.3036, Train Acc: 87.86%
Epoch[82/200] Val Loss: 1.5258, Val Acc: 70.58%
Validation accuracy improved (69.8661 -> 70.5804).
Saved checkpoint: /media/icnlab/Data/Thang/plan_dieases/context_moe/checkpoints/plantdoc/pretrain_weight/squeezenet/seed_44/run_20260511-034457/best_checkpoint.pth
Epoch[83/200] Train Loss: 0.3083, Train Acc: 88.34%
Epoch[83/200] Val Loss: 1.6389, Val Acc: 68.04%
No improvement for 1 epoch(s).
Epoch[84/200] Train Loss: 0.3487, Train Acc: 86.44%
Epoch[84/200] Val Loss: 1.4038, Val Acc: 68.84%
No improvement for 2 epoch(s).
Epoch[85/200] Train Loss: 0.3116, Train Acc: 87.57%
Epoch[85/200] Val Loss: 1.4216, Val Acc: 69.87%
No improvement for 3 epoch(s).
Epoch[86/200] Train Loss: 0.2907, Train Acc: 89.07%
Epoch[86/200] Val Loss: 1.5394, Val Acc: 69.87%
No improvement for 4 epoch(s).
Epoch[87/200] Train Loss: 0.3381, Train Acc: 87.71%
Epoch[87/200] Val Loss: 1.4698, Val Acc: 66.16%
No improvement for 5 epoch(s).
Epoch[88/200] Train Loss: 0.3182, Train Acc: 88.22%
Epoch[88/200] Val Loss: 1.4322, Val Acc: 69.46%
No improvement for 6 epoch(s).
Epoch[89/200] Train Loss: 0.2707, Train Acc: 89.11%
Epoch[89/200] Val Loss: 1.5010, Val Acc: 70.49%
No improvement for 7 epoch(s).
Epoch[90/200] Train Loss: 0.2686, Train Acc: 89.22%
Epoch[90/200] Val Loss: 1.6543, Val Acc: 70.71%
Validation accuracy improved (70.5804 -> 70.7143).
Saved checkpoint: /media/icnlab/Data/Thang/plan_dieases/context_moe/checkpoints/plantdoc/pretrain_weight/squeezenet/seed_44/run_20260511-034457/best_checkpoint.pth
Epoch[91/200] Train Loss: 0.2845, Train Acc: 88.85%
Epoch[91/200] Val Loss: 1.8184, Val Acc: 67.90%
No improvement for 1 epoch(s).
Epoch[92/200] Train Loss: 0.2961, Train Acc: 88.75%
Epoch[92/200] Val Loss: 1.5745, Val Acc: 72.90%
Validation accuracy improved (70.7143 -> 72.9018).
Saved checkpoint: /media/icnlab/Data/Thang/plan_dieases/context_moe/checkpoints/plantdoc/pretrain_weight/squeezenet/seed_44/run_20260511-034457/best_checkpoint.pth
Epoch[93/200] Train Loss: 0.2869, Train Acc: 88.86%
Epoch[93/200] Val Loss: 1.5527, Val Acc: 70.09%
No improvement for 1 epoch(s).
Epoch[94/200] Train Loss: 0.2806, Train Acc: 89.26%
Epoch[94/200] Val Loss: 1.5844, Val Acc: 72.59%
No improvement for 2 epoch(s).
Epoch[95/200] Train Loss: 0.2692, Train Acc: 89.47%
Epoch[95/200] Val Loss: 1.6729, Val Acc: 71.74%
No improvement for 3 epoch(s).
Epoch[96/200] Train Loss: 0.2541, Train Acc: 89.73%
Epoch[96/200] Val Loss: 1.7566, Val Acc: 67.63%
No improvement for 4 epoch(s).
Epoch[97/200] Train Loss: 0.2570, Train Acc: 90.31%
Epoch[97/200] Val Loss: 1.5503, Val Acc: 71.21%
No improvement for 5 epoch(s).
Epoch[98/200] Train Loss: 0.2944, Train Acc: 88.19%
Epoch[98/200] Val Loss: 1.6696, Val Acc: 68.53%
No improvement for 6 epoch(s).
Epoch[99/200] Train Loss: 0.2580, Train Acc: 90.07%
Epoch[99/200] Val Loss: 1.8474, Val Acc: 69.15%
No improvement for 7 epoch(s).
Epoch[100/200] Train Loss: 0.2836, Train Acc: 89.52%
Epoch[100/200] Val Loss: 1.5050, Val Acc: 69.78%
No improvement for 8 epoch(s).
Epoch[101/200] Train Loss: 0.2366, Train Acc: 90.99%
Epoch[101/200] Val Loss: 1.7625, Val Acc: 68.04%
No improvement for 9 epoch(s).
Epoch[102/200] Train Loss: 0.2421, Train Acc: 90.94%
Epoch[102/200] Val Loss: 1.8078, Val Acc: 67.59%
No improvement for 10 epoch(s).
Epoch[103/200] Train Loss: 0.2413, Train Acc: 90.51%
Epoch[103/200] Val Loss: 1.8489, Val Acc: 67.59%
No improvement for 11 epoch(s).
Epoch[104/200] Train Loss: 0.2045, Train Acc: 92.24%
Epoch[104/200] Val Loss: 1.7591, Val Acc: 68.12%
No improvement for 12 epoch(s).
Epoch[105/200] Train Loss: 0.1827, Train Acc: 93.58%
Epoch[105/200] Val Loss: 1.7139, Val Acc: 70.80%
No improvement for 13 epoch(s).
Epoch[106/200] Train Loss: 0.1809, Train Acc: 93.02%
Epoch[106/200] Val Loss: 1.7633, Val Acc: 69.46%
No improvement for 14 epoch(s).
Epoch[107/200] Train Loss: 0.1681, Train Acc: 93.29%
Epoch[107/200] Val Loss: 1.7553, Val Acc: 73.71%
Validation accuracy improved (72.9018 -> 73.7054).
Saved checkpoint: /media/icnlab/Data/Thang/plan_dieases/context_moe/checkpoints/plantdoc/pretrain_weight/squeezenet/seed_44/run_20260511-034457/best_checkpoint.pth
Epoch[108/200] Train Loss: 0.1766, Train Acc: 93.37%
Epoch[108/200] Val Loss: 1.7868, Val Acc: 69.38%
No improvement for 1 epoch(s).
Epoch[109/200] Train Loss: 0.1772, Train Acc: 93.15%
Epoch[109/200] Val Loss: 1.7450, Val Acc: 71.43%
No improvement for 2 epoch(s).
Epoch[110/200] Train Loss: 0.1772, Train Acc: 93.54%
Epoch[110/200] Val Loss: 1.8948, Val Acc: 70.31%
No improvement for 3 epoch(s).
Epoch[111/200] Train Loss: 0.1733, Train Acc: 93.27%
Epoch[111/200] Val Loss: 1.7725, Val Acc: 71.96%
No improvement for 4 epoch(s).
Epoch[112/200] Train Loss: 0.1579, Train Acc: 93.97%
Epoch[112/200] Val Loss: 1.8622, Val Acc: 68.84%
No improvement for 5 epoch(s).
Epoch[113/200] Train Loss: 0.1480, Train Acc: 93.85%
Epoch[113/200] Val Loss: 2.0029, Val Acc: 68.93%
No improvement for 6 epoch(s).
Epoch[114/200] Train Loss: 0.1610, Train Acc: 93.67%
Epoch[114/200] Val Loss: 1.9500, Val Acc: 71.74%
No improvement for 7 epoch(s).
Epoch[115/200] Train Loss: 0.1934, Train Acc: 92.50%
Epoch[115/200] Val Loss: 1.8574, Val Acc: 70.89%
No improvement for 8 epoch(s).
Epoch[116/200] Train Loss: 0.1510, Train Acc: 94.42%
Epoch[116/200] Val Loss: 1.9194, Val Acc: 71.12%
No improvement for 9 epoch(s).
Epoch[117/200] Train Loss: 0.1608, Train Acc: 94.15%
Epoch[117/200] Val Loss: 1.9658, Val Acc: 69.46%
No improvement for 10 epoch(s).
Epoch[118/200] Train Loss: 0.1730, Train Acc: 93.41%
Epoch[118/200] Val Loss: 1.8974, Val Acc: 69.15%
No improvement for 11 epoch(s).
Epoch[119/200] Train Loss: 0.1329, Train Acc: 95.02%
Epoch[119/200] Val Loss: 1.9615, Val Acc: 69.46%
No improvement for 12 epoch(s).
Epoch[120/200] Train Loss: 0.1239, Train Acc: 95.27%
Epoch[120/200] Val Loss: 1.9716, Val Acc: 69.46%
No improvement for 13 epoch(s).
Epoch[121/200] Train Loss: 0.1293, Train Acc: 94.72%
Epoch[121/200] Val Loss: 1.9972, Val Acc: 70.71%
No improvement for 14 epoch(s).
Epoch[122/200] Train Loss: 0.1303, Train Acc: 94.85%
Epoch[122/200] Val Loss: 1.9736, Val Acc: 69.46%
No improvement for 15 epoch(s).
Epoch[123/200] Train Loss: 0.1139, Train Acc: 94.85%
Epoch[123/200] Val Loss: 2.0330, Val Acc: 71.43%
No improvement for 16 epoch(s).
Epoch[124/200] Train Loss: 0.1144, Train Acc: 95.01%
Epoch[124/200] Val Loss: 2.0526, Val Acc: 71.74%
No improvement for 17 epoch(s).
Epoch[125/200] Train Loss: 0.1230, Train Acc: 95.02%
Epoch[125/200] Val Loss: 2.0977, Val Acc: 69.78%
No improvement for 18 epoch(s).
Epoch[126/200] Train Loss: 0.1175, Train Acc: 95.29%
Epoch[126/200] Val Loss: 2.0929, Val Acc: 69.78%
No improvement for 19 epoch(s).
Epoch[127/200] Train Loss: 0.1141, Train Acc: 95.20%
Epoch[127/200] Val Loss: 2.1319, Val Acc: 69.46%
No improvement for 20 epoch(s).
Epoch[128/200] Train Loss: 0.1058, Train Acc: 95.83%
Epoch[128/200] Val Loss: 2.1470, Val Acc: 71.03%
No improvement for 21 epoch(s).
Epoch[129/200] Train Loss: 0.1141, Train Acc: 95.06%
Epoch[129/200] Val Loss: 2.1874, Val Acc: 69.15%
No improvement for 22 epoch(s).
Epoch[130/200] Train Loss: 0.1167, Train Acc: 95.68%
Epoch[130/200] Val Loss: 2.1729, Val Acc: 68.53%
No improvement for 23 epoch(s).
Epoch[131/200] Train Loss: 0.1035, Train Acc: 95.58%
Epoch[131/200] Val Loss: 2.2675, Val Acc: 69.15%
No improvement for 24 epoch(s).
Epoch[132/200] Train Loss: 0.0982, Train Acc: 95.97%
Epoch[132/200] Val Loss: 2.2181, Val Acc: 69.46%
No improvement for 25 epoch(s).
Epoch[133/200] Train Loss: 0.0970, Train Acc: 95.81%
Epoch[133/200] Val Loss: 2.2497, Val Acc: 69.15%
No improvement for 26 epoch(s).
Epoch[134/200] Train Loss: 0.1083, Train Acc: 96.01%
Epoch[134/200] Val Loss: 2.3162, Val Acc: 68.84%
No improvement for 27 epoch(s).
Epoch[135/200] Train Loss: 0.1099, Train Acc: 94.95%
Epoch[135/200] Val Loss: 2.2268, Val Acc: 69.78%
No improvement for 28 epoch(s).
Epoch[136/200] Train Loss: 0.1129, Train Acc: 95.23%
Epoch[136/200] Val Loss: 2.2639, Val Acc: 69.15%
No improvement for 29 epoch(s).
Epoch[137/200] Train Loss: 0.0806, Train Acc: 96.79%
Epoch[137/200] Val Loss: 2.3119, Val Acc: 68.53%
No improvement for 30 epoch(s).
Epoch[138/200] Train Loss: 0.1005, Train Acc: 95.54%
Epoch[138/200] Val Loss: 2.2986, Val Acc: 68.21%
No improvement for 31 epoch(s).
Epoch[139/200] Train Loss: 0.1059, Train Acc: 95.45%
Epoch[139/200] Val Loss: 2.2489, Val Acc: 69.78%
No improvement for 32 epoch(s).
Epoch[140/200] Train Loss: 0.1021, Train Acc: 96.23%
Epoch[140/200] Val Loss: 2.2893, Val Acc: 68.84%
No improvement for 33 epoch(s).
Epoch[141/200] Train Loss: 0.0976, Train Acc: 95.46%
Epoch[141/200] Val Loss: 2.2538, Val Acc: 70.09%
No improvement for 34 epoch(s).
Epoch[142/200] Train Loss: 0.0925, Train Acc: 96.18%
Epoch[142/200] Val Loss: 2.3026, Val Acc: 68.53%
No improvement for 35 epoch(s).
Epoch[143/200] Train Loss: 0.0904, Train Acc: 96.62%
Epoch[143/200] Val Loss: 2.3058, Val Acc: 68.21%
No improvement for 36 epoch(s).
Epoch[144/200] Train Loss: 0.0898, Train Acc: 96.44%
Epoch[144/200] Val Loss: 2.2964, Val Acc: 69.15%
No improvement for 37 epoch(s).
Epoch[145/200] Train Loss: 0.1005, Train Acc: 96.06%
Epoch[145/200] Val Loss: 2.2903, Val Acc: 69.15%
No improvement for 38 epoch(s).
Epoch[146/200] Train Loss: 0.0934, Train Acc: 95.84%
Epoch[146/200] Val Loss: 2.3242, Val Acc: 69.15%
No improvement for 39 epoch(s).
Epoch[147/200] Train Loss: 0.0913, Train Acc: 96.36%
Epoch[147/200] Val Loss: 2.3169, Val Acc: 68.84%
No improvement for 40 epoch(s).
Epoch[148/200] Train Loss: 0.0982, Train Acc: 95.72%
Epoch[148/200] Val Loss: 2.2682, Val Acc: 69.46%
No improvement for 41 epoch(s).
Epoch[149/200] Train Loss: 0.0923, Train Acc: 96.23%
Epoch[149/200] Val Loss: 2.2787, Val Acc: 69.78%
No improvement for 42 epoch(s).
Epoch[150/200] Train Loss: 0.0885, Train Acc: 96.40%
Epoch[150/200] Val Loss: 2.3192, Val Acc: 69.15%
No improvement for 43 epoch(s).
Epoch[151/200] Train Loss: 0.0865, Train Acc: 96.92%
Epoch[151/200] Val Loss: 2.3239, Val Acc: 68.53%
No improvement for 44 epoch(s).
Epoch[152/200] Train Loss: 0.0922, Train Acc: 95.98%
Epoch[152/200] Val Loss: 2.3391, Val Acc: 68.84%
No improvement for 45 epoch(s).
Epoch[153/200] Train Loss: 0.0894, Train Acc: 95.92%
Epoch[153/200] Val Loss: 2.3344, Val Acc: 69.15%
No improvement for 46 epoch(s).
Epoch[154/200] Train Loss: 0.0843, Train Acc: 96.32%
Epoch[154/200] Val Loss: 2.3356, Val Acc: 68.84%
No improvement for 47 epoch(s).
Epoch[155/200] Train Loss: 0.0848, Train Acc: 96.62%
Epoch[155/200] Val Loss: 2.3461, Val Acc: 68.84%
No improvement for 48 epoch(s).
Epoch[156/200] Train Loss: 0.0901, Train Acc: 96.37%
Epoch[156/200] Val Loss: 2.3275, Val Acc: 69.46%
No improvement for 49 epoch(s).
Epoch[157/200] Train Loss: 0.0827, Train Acc: 96.93%
Epoch[157/200] Val Loss: 2.3440, Val Acc: 69.46%
No improvement for 50 epoch(s).
Early stopping triggered. No improvement in validation acc for 50 epochs.
Saved checkpoint: /media/icnlab/Data/Thang/plan_dieases/context_moe/checkpoints/plantdoc/pretrain_weight/squeezenet/seed_44/run_20260511-034457/last_checkpoint.pth
Training finished. Best val acc: 73.7054 at epoch 107
Saved training plot to /media/icnlab/Data/Thang/plan_dieases/context_moe/checkpoints/plantdoc/pretrain_weight/squeezenet/seed_44/run_20260511-034457/loss_acc_plot.png
