Epoch[1/200] Train Loss: 2.0928, Train Acc: 12.76%
Epoch[1/200] Val Loss: 2.0551, Val Acc: 22.19%
Validation accuracy improved (-inf -> 22.1875).
Saved checkpoint: /media/icnlab/Data/Thang/plan_dieases/context_moe/checkpoints/plantdoc/pretrain_weight/squeezenet/seed_45/run_20260511-041237/best_checkpoint.pth
Epoch[2/200] Train Loss: 2.0124, Train Acc: 25.30%
Epoch[2/200] Val Loss: 1.9775, Val Acc: 24.69%
Validation accuracy improved (22.1875 -> 24.6875).
Saved checkpoint: /media/icnlab/Data/Thang/plan_dieases/context_moe/checkpoints/plantdoc/pretrain_weight/squeezenet/seed_45/run_20260511-041237/best_checkpoint.pth
Epoch[3/200] Train Loss: 1.8790, Train Acc: 33.85%
Epoch[3/200] Val Loss: 1.8769, Val Acc: 26.03%
Validation accuracy improved (24.6875 -> 26.0268).
Saved checkpoint: /media/icnlab/Data/Thang/plan_dieases/context_moe/checkpoints/plantdoc/pretrain_weight/squeezenet/seed_45/run_20260511-041237/best_checkpoint.pth
Epoch[4/200] Train Loss: 1.7546, Train Acc: 39.12%
Epoch[4/200] Val Loss: 1.7073, Val Acc: 43.75%
Validation accuracy improved (26.0268 -> 43.7500).
Saved checkpoint: /media/icnlab/Data/Thang/plan_dieases/context_moe/checkpoints/plantdoc/pretrain_weight/squeezenet/seed_45/run_20260511-041237/best_checkpoint.pth
Epoch[5/200] Train Loss: 1.6683, Train Acc: 43.31%
Epoch[5/200] Val Loss: 1.7461, Val Acc: 44.46%
Validation accuracy improved (43.7500 -> 44.4643).
Saved checkpoint: /media/icnlab/Data/Thang/plan_dieases/context_moe/checkpoints/plantdoc/pretrain_weight/squeezenet/seed_45/run_20260511-041237/best_checkpoint.pth
Epoch[6/200] Train Loss: 1.6001, Train Acc: 45.66%
Epoch[6/200] Val Loss: 1.5877, Val Acc: 49.42%
Validation accuracy improved (44.4643 -> 49.4196).
Saved checkpoint: /media/icnlab/Data/Thang/plan_dieases/context_moe/checkpoints/plantdoc/pretrain_weight/squeezenet/seed_45/run_20260511-041237/best_checkpoint.pth
Epoch[7/200] Train Loss: 1.5631, Train Acc: 48.34%
Epoch[7/200] Val Loss: 1.6133, Val Acc: 41.38%
No improvement for 1 epoch(s).
Epoch[8/200] Train Loss: 1.5069, Train Acc: 48.28%
Epoch[8/200] Val Loss: 1.5572, Val Acc: 49.64%
Validation accuracy improved (49.4196 -> 49.6429).
Saved checkpoint: /media/icnlab/Data/Thang/plan_dieases/context_moe/checkpoints/plantdoc/pretrain_weight/squeezenet/seed_45/run_20260511-041237/best_checkpoint.pth
Epoch[9/200] Train Loss: 1.5222, Train Acc: 46.95%
Epoch[9/200] Val Loss: 1.5946, Val Acc: 42.01%
No improvement for 1 epoch(s).
Epoch[10/200] Train Loss: 1.4505, Train Acc: 50.22%
Epoch[10/200] Val Loss: 1.4428, Val Acc: 47.63%
No improvement for 2 epoch(s).
Epoch[11/200] Train Loss: 1.3728, Train Acc: 52.73%
Epoch[11/200] Val Loss: 1.4559, Val Acc: 44.11%
No improvement for 3 epoch(s).
Epoch[12/200] Train Loss: 1.3563, Train Acc: 53.40%
Epoch[12/200] Val Loss: 1.3887, Val Acc: 52.01%
Validation accuracy improved (49.6429 -> 52.0089).
Saved checkpoint: /media/icnlab/Data/Thang/plan_dieases/context_moe/checkpoints/plantdoc/pretrain_weight/squeezenet/seed_45/run_20260511-041237/best_checkpoint.pth
Epoch[13/200] Train Loss: 1.3796, Train Acc: 52.50%
Epoch[13/200] Val Loss: 1.3415, Val Acc: 58.44%
Validation accuracy improved (52.0089 -> 58.4375).
Saved checkpoint: /media/icnlab/Data/Thang/plan_dieases/context_moe/checkpoints/plantdoc/pretrain_weight/squeezenet/seed_45/run_20260511-041237/best_checkpoint.pth
Epoch[14/200] Train Loss: 1.2576, Train Acc: 56.05%
Epoch[14/200] Val Loss: 1.4219, Val Acc: 56.74%
No improvement for 1 epoch(s).
Epoch[15/200] Train Loss: 1.3133, Train Acc: 54.68%
Epoch[15/200] Val Loss: 1.5666, Val Acc: 48.93%
No improvement for 2 epoch(s).
Epoch[16/200] Train Loss: 1.2652, Train Acc: 56.96%
Epoch[16/200] Val Loss: 1.2990, Val Acc: 53.84%
No improvement for 3 epoch(s).
Epoch[17/200] Train Loss: 1.1772, Train Acc: 60.86%
Epoch[17/200] Val Loss: 1.2636, Val Acc: 53.12%
No improvement for 4 epoch(s).
Epoch[18/200] Train Loss: 1.1928, Train Acc: 60.04%
Epoch[18/200] Val Loss: 1.3053, Val Acc: 60.76%
Validation accuracy improved (58.4375 -> 60.7589).
Saved checkpoint: /media/icnlab/Data/Thang/plan_dieases/context_moe/checkpoints/plantdoc/pretrain_weight/squeezenet/seed_45/run_20260511-041237/best_checkpoint.pth
Epoch[19/200] Train Loss: 1.2042, Train Acc: 59.42%
Epoch[19/200] Val Loss: 1.2532, Val Acc: 61.79%
Validation accuracy improved (60.7589 -> 61.7857).
Saved checkpoint: /media/icnlab/Data/Thang/plan_dieases/context_moe/checkpoints/plantdoc/pretrain_weight/squeezenet/seed_45/run_20260511-041237/best_checkpoint.pth
Epoch[20/200] Train Loss: 1.1504, Train Acc: 62.06%
Epoch[20/200] Val Loss: 1.2246, Val Acc: 57.86%
No improvement for 1 epoch(s).
Epoch[21/200] Train Loss: 1.1904, Train Acc: 59.11%
Epoch[21/200] Val Loss: 1.2442, Val Acc: 61.38%
No improvement for 2 epoch(s).
Epoch[22/200] Train Loss: 1.0949, Train Acc: 64.89%
Epoch[22/200] Val Loss: 1.2995, Val Acc: 61.07%
No improvement for 3 epoch(s).
Epoch[23/200] Train Loss: 1.1249, Train Acc: 61.00%
Epoch[23/200] Val Loss: 1.2926, Val Acc: 62.41%
Validation accuracy improved (61.7857 -> 62.4107).
Saved checkpoint: /media/icnlab/Data/Thang/plan_dieases/context_moe/checkpoints/plantdoc/pretrain_weight/squeezenet/seed_45/run_20260511-041237/best_checkpoint.pth
Epoch[24/200] Train Loss: 1.0913, Train Acc: 63.16%
Epoch[24/200] Val Loss: 1.2503, Val Acc: 59.11%
No improvement for 1 epoch(s).
Epoch[25/200] Train Loss: 1.0794, Train Acc: 63.58%
Epoch[25/200] Val Loss: 1.1934, Val Acc: 59.15%
No improvement for 2 epoch(s).
Epoch[26/200] Train Loss: 1.0897, Train Acc: 62.83%
Epoch[26/200] Val Loss: 1.2857, Val Acc: 55.49%
No improvement for 3 epoch(s).
Epoch[27/200] Train Loss: 1.0317, Train Acc: 65.45%
Epoch[27/200] Val Loss: 1.2509, Val Acc: 62.54%
Validation accuracy improved (62.4107 -> 62.5446).
Saved checkpoint: /media/icnlab/Data/Thang/plan_dieases/context_moe/checkpoints/plantdoc/pretrain_weight/squeezenet/seed_45/run_20260511-041237/best_checkpoint.pth
Epoch[28/200] Train Loss: 1.0617, Train Acc: 64.33%
Epoch[28/200] Val Loss: 1.2707, Val Acc: 57.37%
No improvement for 1 epoch(s).
Epoch[29/200] Train Loss: 1.0555, Train Acc: 64.53%
Epoch[29/200] Val Loss: 1.2164, Val Acc: 60.13%
No improvement for 2 epoch(s).
Epoch[30/200] Train Loss: 0.9849, Train Acc: 66.31%
Epoch[30/200] Val Loss: 1.1887, Val Acc: 60.04%
No improvement for 3 epoch(s).
Epoch[31/200] Train Loss: 1.0273, Train Acc: 65.70%
Epoch[31/200] Val Loss: 1.2188, Val Acc: 56.34%
No improvement for 4 epoch(s).
Epoch[32/200] Train Loss: 0.9488, Train Acc: 68.61%
Epoch[32/200] Val Loss: 1.2022, Val Acc: 62.01%
No improvement for 5 epoch(s).
Epoch[33/200] Train Loss: 0.9915, Train Acc: 67.05%
Epoch[33/200] Val Loss: 1.3882, Val Acc: 58.26%
No improvement for 6 epoch(s).
Epoch[34/200] Train Loss: 0.9667, Train Acc: 68.10%
Epoch[34/200] Val Loss: 1.1810, Val Acc: 63.35%
Validation accuracy improved (62.5446 -> 63.3482).
Saved checkpoint: /media/icnlab/Data/Thang/plan_dieases/context_moe/checkpoints/plantdoc/pretrain_weight/squeezenet/seed_45/run_20260511-041237/best_checkpoint.pth
Epoch[35/200] Train Loss: 0.9452, Train Acc: 65.96%
Epoch[35/200] Val Loss: 1.2022, Val Acc: 62.77%
No improvement for 1 epoch(s).
Epoch[36/200] Train Loss: 0.9394, Train Acc: 67.76%
Epoch[36/200] Val Loss: 1.3006, Val Acc: 60.85%
No improvement for 2 epoch(s).
Epoch[37/200] Train Loss: 0.9462, Train Acc: 68.88%
Epoch[37/200] Val Loss: 1.2504, Val Acc: 63.04%
No improvement for 3 epoch(s).
Epoch[38/200] Train Loss: 0.9556, Train Acc: 67.93%
Epoch[38/200] Val Loss: 1.2387, Val Acc: 60.76%
No improvement for 4 epoch(s).
Epoch[39/200] Train Loss: 0.9622, Train Acc: 67.73%
Epoch[39/200] Val Loss: 1.2028, Val Acc: 62.14%
No improvement for 5 epoch(s).
Epoch[40/200] Train Loss: 0.9306, Train Acc: 68.39%
Epoch[40/200] Val Loss: 1.2394, Val Acc: 60.36%
No improvement for 6 epoch(s).
Epoch[41/200] Train Loss: 0.8886, Train Acc: 70.66%
Epoch[41/200] Val Loss: 1.2051, Val Acc: 57.77%
No improvement for 7 epoch(s).
Epoch[42/200] Train Loss: 0.8808, Train Acc: 69.56%
Epoch[42/200] Val Loss: 1.2653, Val Acc: 64.60%
Validation accuracy improved (63.3482 -> 64.5982).
Saved checkpoint: /media/icnlab/Data/Thang/plan_dieases/context_moe/checkpoints/plantdoc/pretrain_weight/squeezenet/seed_45/run_20260511-041237/best_checkpoint.pth
Epoch[43/200] Train Loss: 0.9330, Train Acc: 68.94%
Epoch[43/200] Val Loss: 1.1842, Val Acc: 62.86%
No improvement for 1 epoch(s).
Epoch[44/200] Train Loss: 0.8295, Train Acc: 72.00%
Epoch[44/200] Val Loss: 1.3351, Val Acc: 62.95%
No improvement for 2 epoch(s).
Epoch[45/200] Train Loss: 0.8762, Train Acc: 70.06%
Epoch[45/200] Val Loss: 1.3329, Val Acc: 58.30%
No improvement for 3 epoch(s).
Epoch[46/200] Train Loss: 0.8359, Train Acc: 71.27%
Epoch[46/200] Val Loss: 1.2843, Val Acc: 56.03%
No improvement for 4 epoch(s).
Epoch[47/200] Train Loss: 0.8529, Train Acc: 69.68%
Epoch[47/200] Val Loss: 1.3120, Val Acc: 54.02%
No improvement for 5 epoch(s).
Epoch[48/200] Train Loss: 0.8322, Train Acc: 71.04%
Epoch[48/200] Val Loss: 1.2602, Val Acc: 61.12%
No improvement for 6 epoch(s).
Epoch[49/200] Train Loss: 0.8386, Train Acc: 70.36%
Epoch[49/200] Val Loss: 1.1294, Val Acc: 65.45%
Validation accuracy improved (64.5982 -> 65.4464).
Saved checkpoint: /media/icnlab/Data/Thang/plan_dieases/context_moe/checkpoints/plantdoc/pretrain_weight/squeezenet/seed_45/run_20260511-041237/best_checkpoint.pth
Epoch[50/200] Train Loss: 0.7843, Train Acc: 73.37%
Epoch[50/200] Val Loss: 1.2171, Val Acc: 60.27%
No improvement for 1 epoch(s).
Epoch[51/200] Train Loss: 0.8048, Train Acc: 72.15%
Epoch[51/200] Val Loss: 1.1024, Val Acc: 63.04%
No improvement for 2 epoch(s).
Epoch[52/200] Train Loss: 0.8039, Train Acc: 72.91%
Epoch[52/200] Val Loss: 1.1211, Val Acc: 63.48%
No improvement for 3 epoch(s).
Epoch[53/200] Train Loss: 0.8425, Train Acc: 70.16%
Epoch[53/200] Val Loss: 1.2277, Val Acc: 60.27%
No improvement for 4 epoch(s).
Epoch[54/200] Train Loss: 0.7937, Train Acc: 73.95%
Epoch[54/200] Val Loss: 1.0674, Val Acc: 70.00%
Validation accuracy improved (65.4464 -> 70.0000).
Saved checkpoint: /media/icnlab/Data/Thang/plan_dieases/context_moe/checkpoints/plantdoc/pretrain_weight/squeezenet/seed_45/run_20260511-041237/best_checkpoint.pth
Epoch[55/200] Train Loss: 0.7293, Train Acc: 73.47%
Epoch[55/200] Val Loss: 1.1746, Val Acc: 67.50%
No improvement for 1 epoch(s).
Epoch[56/200] Train Loss: 0.7943, Train Acc: 72.67%
Epoch[56/200] Val Loss: 1.2604, Val Acc: 66.96%
No improvement for 2 epoch(s).
Epoch[57/200] Train Loss: 0.7190, Train Acc: 75.13%
Epoch[57/200] Val Loss: 1.1802, Val Acc: 65.62%
No improvement for 3 epoch(s).
Epoch[58/200] Train Loss: 0.7853, Train Acc: 72.74%
Epoch[58/200] Val Loss: 1.1579, Val Acc: 62.95%
No improvement for 4 epoch(s).
Epoch[59/200] Train Loss: 0.7530, Train Acc: 74.11%
Epoch[59/200] Val Loss: 1.1504, Val Acc: 64.60%
No improvement for 5 epoch(s).
Epoch[60/200] Train Loss: 0.7440, Train Acc: 73.59%
Epoch[60/200] Val Loss: 1.4069, Val Acc: 64.11%
No improvement for 6 epoch(s).
Epoch[61/200] Train Loss: 0.7089, Train Acc: 76.08%
Epoch[61/200] Val Loss: 1.2182, Val Acc: 65.36%
No improvement for 7 epoch(s).
Epoch[62/200] Train Loss: 0.6902, Train Acc: 77.15%
Epoch[62/200] Val Loss: 1.2847, Val Acc: 65.22%
No improvement for 8 epoch(s).
Epoch[63/200] Train Loss: 0.6908, Train Acc: 75.24%
Epoch[63/200] Val Loss: 1.1683, Val Acc: 64.38%
No improvement for 9 epoch(s).
Epoch[64/200] Train Loss: 0.7615, Train Acc: 73.27%
Epoch[64/200] Val Loss: 1.2882, Val Acc: 62.77%
No improvement for 10 epoch(s).
Epoch[65/200] Train Loss: 0.7215, Train Acc: 76.26%
Epoch[65/200] Val Loss: 1.1541, Val Acc: 65.04%
No improvement for 11 epoch(s).
Epoch[66/200] Train Loss: 0.5948, Train Acc: 79.85%
Epoch[66/200] Val Loss: 1.2107, Val Acc: 65.54%
No improvement for 12 epoch(s).
Epoch[67/200] Train Loss: 0.5295, Train Acc: 81.76%
Epoch[67/200] Val Loss: 1.0943, Val Acc: 67.72%
No improvement for 13 epoch(s).
Epoch[68/200] Train Loss: 0.5032, Train Acc: 83.47%
Epoch[68/200] Val Loss: 1.2805, Val Acc: 68.12%
No improvement for 14 epoch(s).
Epoch[69/200] Train Loss: 0.5335, Train Acc: 80.96%
Epoch[69/200] Val Loss: 1.1648, Val Acc: 66.07%
No improvement for 15 epoch(s).
Epoch[70/200] Train Loss: 0.4879, Train Acc: 83.79%
Epoch[70/200] Val Loss: 1.1926, Val Acc: 69.38%
No improvement for 16 epoch(s).
Epoch[71/200] Train Loss: 0.4800, Train Acc: 82.88%
Epoch[71/200] Val Loss: 1.3745, Val Acc: 68.57%
No improvement for 17 epoch(s).
Epoch[72/200] Train Loss: 0.4703, Train Acc: 83.55%
Epoch[72/200] Val Loss: 1.4039, Val Acc: 66.79%
No improvement for 18 epoch(s).
Epoch[73/200] Train Loss: 0.4838, Train Acc: 82.86%
Epoch[73/200] Val Loss: 1.2597, Val Acc: 69.69%
No improvement for 19 epoch(s).
Epoch[74/200] Train Loss: 0.4663, Train Acc: 83.18%
Epoch[74/200] Val Loss: 1.2790, Val Acc: 69.20%
No improvement for 20 epoch(s).
Epoch[75/200] Train Loss: 0.4419, Train Acc: 84.15%
Epoch[75/200] Val Loss: 1.3793, Val Acc: 67.37%
No improvement for 21 epoch(s).
Epoch[76/200] Train Loss: 0.4767, Train Acc: 82.89%
Epoch[76/200] Val Loss: 1.4142, Val Acc: 70.40%
Validation accuracy improved (70.0000 -> 70.4018).
Saved checkpoint: /media/icnlab/Data/Thang/plan_dieases/context_moe/checkpoints/plantdoc/pretrain_weight/squeezenet/seed_45/run_20260511-041237/best_checkpoint.pth
Epoch[77/200] Train Loss: 0.4815, Train Acc: 83.05%
Epoch[77/200] Val Loss: 1.3635, Val Acc: 68.30%
No improvement for 1 epoch(s).
Epoch[78/200] Train Loss: 0.4442, Train Acc: 84.50%
Epoch[78/200] Val Loss: 1.3111, Val Acc: 68.75%
No improvement for 2 epoch(s).
Epoch[79/200] Train Loss: 0.4528, Train Acc: 83.26%
Epoch[79/200] Val Loss: 1.4019, Val Acc: 69.38%
No improvement for 3 epoch(s).
Epoch[80/200] Train Loss: 0.4523, Train Acc: 83.15%
Epoch[80/200] Val Loss: 1.3727, Val Acc: 67.19%
No improvement for 4 epoch(s).
Epoch[81/200] Train Loss: 0.4369, Train Acc: 84.51%
Epoch[81/200] Val Loss: 1.2827, Val Acc: 68.84%
No improvement for 5 epoch(s).
Epoch[82/200] Train Loss: 0.4205, Train Acc: 85.45%
Epoch[82/200] Val Loss: 1.3331, Val Acc: 68.53%
No improvement for 6 epoch(s).
Epoch[83/200] Train Loss: 0.4371, Train Acc: 82.86%
Epoch[83/200] Val Loss: 1.4644, Val Acc: 66.56%
No improvement for 7 epoch(s).
Epoch[84/200] Train Loss: 0.4827, Train Acc: 83.36%
Epoch[84/200] Val Loss: 1.2151, Val Acc: 67.41%
No improvement for 8 epoch(s).
Epoch[85/200] Train Loss: 0.3855, Train Acc: 85.48%
Epoch[85/200] Val Loss: 1.5357, Val Acc: 69.29%
No improvement for 9 epoch(s).
Epoch[86/200] Train Loss: 0.4013, Train Acc: 85.23%
Epoch[86/200] Val Loss: 1.3309, Val Acc: 70.09%
No improvement for 10 epoch(s).
Epoch[87/200] Train Loss: 0.3682, Train Acc: 86.57%
Epoch[87/200] Val Loss: 1.3464, Val Acc: 67.32%
No improvement for 11 epoch(s).
Epoch[88/200] Train Loss: 0.3310, Train Acc: 87.77%
Epoch[88/200] Val Loss: 1.3636, Val Acc: 71.03%
Validation accuracy improved (70.4018 -> 71.0268).
Saved checkpoint: /media/icnlab/Data/Thang/plan_dieases/context_moe/checkpoints/plantdoc/pretrain_weight/squeezenet/seed_45/run_20260511-041237/best_checkpoint.pth
Epoch[89/200] Train Loss: 0.2937, Train Acc: 88.69%
Epoch[89/200] Val Loss: 1.5389, Val Acc: 70.71%
No improvement for 1 epoch(s).
Epoch[90/200] Train Loss: 0.2703, Train Acc: 89.66%
Epoch[90/200] Val Loss: 1.4821, Val Acc: 70.54%
No improvement for 2 epoch(s).
Epoch[91/200] Train Loss: 0.2573, Train Acc: 90.25%
Epoch[91/200] Val Loss: 1.5045, Val Acc: 72.99%
Validation accuracy improved (71.0268 -> 72.9911).
Saved checkpoint: /media/icnlab/Data/Thang/plan_dieases/context_moe/checkpoints/plantdoc/pretrain_weight/squeezenet/seed_45/run_20260511-041237/best_checkpoint.pth
Epoch[92/200] Train Loss: 0.2609, Train Acc: 89.73%
Epoch[92/200] Val Loss: 1.6359, Val Acc: 70.71%
No improvement for 1 epoch(s).
Epoch[93/200] Train Loss: 0.3071, Train Acc: 89.48%
Epoch[93/200] Val Loss: 1.4386, Val Acc: 70.40%
No improvement for 2 epoch(s).
Epoch[94/200] Train Loss: 0.2447, Train Acc: 90.98%
Epoch[94/200] Val Loss: 1.6700, Val Acc: 70.22%
No improvement for 3 epoch(s).
Epoch[95/200] Train Loss: 0.2434, Train Acc: 90.15%
Epoch[95/200] Val Loss: 1.5823, Val Acc: 72.77%
No improvement for 4 epoch(s).
Epoch[96/200] Train Loss: 0.2325, Train Acc: 90.86%
Epoch[96/200] Val Loss: 1.6700, Val Acc: 70.80%
No improvement for 5 epoch(s).
Epoch[97/200] Train Loss: 0.2794, Train Acc: 89.43%
Epoch[97/200] Val Loss: 1.6518, Val Acc: 69.46%
No improvement for 6 epoch(s).
Epoch[98/200] Train Loss: 0.2643, Train Acc: 89.29%
Epoch[98/200] Val Loss: 1.4757, Val Acc: 72.37%
No improvement for 7 epoch(s).
Epoch[99/200] Train Loss: 0.2228, Train Acc: 91.07%
Epoch[99/200] Val Loss: 1.6267, Val Acc: 73.84%
Validation accuracy improved (72.9911 -> 73.8393).
Saved checkpoint: /media/icnlab/Data/Thang/plan_dieases/context_moe/checkpoints/plantdoc/pretrain_weight/squeezenet/seed_45/run_20260511-041237/best_checkpoint.pth
Epoch[100/200] Train Loss: 0.2285, Train Acc: 90.81%
Epoch[100/200] Val Loss: 1.8147, Val Acc: 68.35%
No improvement for 1 epoch(s).
Epoch[101/200] Train Loss: 0.2142, Train Acc: 90.34%
Epoch[101/200] Val Loss: 1.7511, Val Acc: 73.30%
No improvement for 2 epoch(s).
Epoch[102/200] Train Loss: 0.2145, Train Acc: 91.18%
Epoch[102/200] Val Loss: 1.7146, Val Acc: 71.43%
No improvement for 3 epoch(s).
Epoch[103/200] Train Loss: 0.2366, Train Acc: 91.37%
Epoch[103/200] Val Loss: 1.7078, Val Acc: 71.34%
No improvement for 4 epoch(s).
Epoch[104/200] Train Loss: 0.2223, Train Acc: 91.16%
Epoch[104/200] Val Loss: 1.6497, Val Acc: 72.19%
No improvement for 5 epoch(s).
Epoch[105/200] Train Loss: 0.2312, Train Acc: 91.25%
Epoch[105/200] Val Loss: 1.7069, Val Acc: 74.33%
Validation accuracy improved (73.8393 -> 74.3304).
Saved checkpoint: /media/icnlab/Data/Thang/plan_dieases/context_moe/checkpoints/plantdoc/pretrain_weight/squeezenet/seed_45/run_20260511-041237/best_checkpoint.pth
Epoch[106/200] Train Loss: 0.2292, Train Acc: 91.19%
Epoch[106/200] Val Loss: 1.5883, Val Acc: 73.21%
No improvement for 1 epoch(s).
Epoch[107/200] Train Loss: 0.2187, Train Acc: 91.81%
Epoch[107/200] Val Loss: 1.6448, Val Acc: 72.86%
No improvement for 2 epoch(s).
Epoch[108/200] Train Loss: 0.2210, Train Acc: 91.68%
Epoch[108/200] Val Loss: 1.6991, Val Acc: 74.33%
No improvement for 3 epoch(s).
Epoch[109/200] Train Loss: 0.2130, Train Acc: 91.91%
Epoch[109/200] Val Loss: 1.8007, Val Acc: 72.05%
No improvement for 4 epoch(s).
Epoch[110/200] Train Loss: 0.2717, Train Acc: 89.71%
Epoch[110/200] Val Loss: 1.4721, Val Acc: 73.39%
No improvement for 5 epoch(s).
Epoch[111/200] Train Loss: 0.1976, Train Acc: 92.77%
Epoch[111/200] Val Loss: 1.8028, Val Acc: 71.43%
No improvement for 6 epoch(s).
Epoch[112/200] Train Loss: 0.1775, Train Acc: 92.68%
Epoch[112/200] Val Loss: 1.8046, Val Acc: 72.68%
No improvement for 7 epoch(s).
Epoch[113/200] Train Loss: 0.2019, Train Acc: 92.06%
Epoch[113/200] Val Loss: 1.7872, Val Acc: 72.68%
No improvement for 8 epoch(s).
Epoch[114/200] Train Loss: 0.1817, Train Acc: 93.21%
Epoch[114/200] Val Loss: 1.7261, Val Acc: 70.71%
No improvement for 9 epoch(s).
Epoch[115/200] Train Loss: 0.1981, Train Acc: 92.12%
Epoch[115/200] Val Loss: 1.7032, Val Acc: 71.65%
No improvement for 10 epoch(s).
Epoch[116/200] Train Loss: 0.2087, Train Acc: 92.02%
Epoch[116/200] Val Loss: 1.8332, Val Acc: 72.14%
No improvement for 11 epoch(s).
Epoch[117/200] Train Loss: 0.1466, Train Acc: 94.36%
Epoch[117/200] Val Loss: 1.7225, Val Acc: 72.59%
No improvement for 12 epoch(s).
Epoch[118/200] Train Loss: 0.1429, Train Acc: 94.29%
Epoch[118/200] Val Loss: 1.8046, Val Acc: 72.99%
No improvement for 13 epoch(s).
Epoch[119/200] Train Loss: 0.1315, Train Acc: 95.01%
Epoch[119/200] Val Loss: 1.8549, Val Acc: 73.93%
No improvement for 14 epoch(s).
Epoch[120/200] Train Loss: 0.1190, Train Acc: 95.14%
Epoch[120/200] Val Loss: 1.9202, Val Acc: 74.02%
No improvement for 15 epoch(s).
Epoch[121/200] Train Loss: 0.1215, Train Acc: 95.50%
Epoch[121/200] Val Loss: 1.8974, Val Acc: 73.30%
No improvement for 16 epoch(s).
Epoch[122/200] Train Loss: 0.1112, Train Acc: 95.40%
Epoch[122/200] Val Loss: 2.0565, Val Acc: 73.30%
No improvement for 17 epoch(s).
Epoch[123/200] Train Loss: 0.1128, Train Acc: 94.75%
Epoch[123/200] Val Loss: 2.0767, Val Acc: 74.02%
No improvement for 18 epoch(s).
Epoch[124/200] Train Loss: 0.1264, Train Acc: 94.41%
Epoch[124/200] Val Loss: 2.0084, Val Acc: 73.71%
No improvement for 19 epoch(s).
Epoch[125/200] Train Loss: 0.1166, Train Acc: 95.24%
Epoch[125/200] Val Loss: 2.1473, Val Acc: 74.64%
Validation accuracy improved (74.3304 -> 74.6429).
Saved checkpoint: /media/icnlab/Data/Thang/plan_dieases/context_moe/checkpoints/plantdoc/pretrain_weight/squeezenet/seed_45/run_20260511-041237/best_checkpoint.pth
Epoch[126/200] Train Loss: 0.1106, Train Acc: 95.10%
Epoch[126/200] Val Loss: 2.1376, Val Acc: 74.02%
No improvement for 1 epoch(s).
Epoch[127/200] Train Loss: 0.1162, Train Acc: 95.24%
Epoch[127/200] Val Loss: 2.1717, Val Acc: 73.30%
No improvement for 2 epoch(s).
Epoch[128/200] Train Loss: 0.1036, Train Acc: 95.71%
Epoch[128/200] Val Loss: 2.2279, Val Acc: 70.71%
No improvement for 3 epoch(s).
Epoch[129/200] Train Loss: 0.1289, Train Acc: 94.67%
Epoch[129/200] Val Loss: 2.1424, Val Acc: 75.04%
Validation accuracy improved (74.6429 -> 75.0446).
Saved checkpoint: /media/icnlab/Data/Thang/plan_dieases/context_moe/checkpoints/plantdoc/pretrain_weight/squeezenet/seed_45/run_20260511-041237/best_checkpoint.pth
Epoch[130/200] Train Loss: 0.1171, Train Acc: 95.06%
Epoch[130/200] Val Loss: 2.1257, Val Acc: 72.68%
No improvement for 1 epoch(s).
Epoch[131/200] Train Loss: 0.1051, Train Acc: 95.75%
Epoch[131/200] Val Loss: 2.2205, Val Acc: 72.99%
No improvement for 2 epoch(s).
Epoch[132/200] Train Loss: 0.1208, Train Acc: 94.97%
Epoch[132/200] Val Loss: 2.2546, Val Acc: 72.90%
No improvement for 3 epoch(s).
Epoch[133/200] Train Loss: 0.1220, Train Acc: 94.94%
Epoch[133/200] Val Loss: 2.2470, Val Acc: 71.65%
No improvement for 4 epoch(s).
Epoch[134/200] Train Loss: 0.1191, Train Acc: 95.36%
Epoch[134/200] Val Loss: 2.2234, Val Acc: 73.30%
No improvement for 5 epoch(s).
Epoch[135/200] Train Loss: 0.1216, Train Acc: 95.08%
Epoch[135/200] Val Loss: 2.0812, Val Acc: 73.71%
No improvement for 6 epoch(s).
Epoch[136/200] Train Loss: 0.0957, Train Acc: 96.10%
Epoch[136/200] Val Loss: 2.2977, Val Acc: 72.90%
No improvement for 7 epoch(s).
Epoch[137/200] Train Loss: 0.1090, Train Acc: 95.42%
Epoch[137/200] Val Loss: 2.2747, Val Acc: 74.02%
No improvement for 8 epoch(s).
Epoch[138/200] Train Loss: 0.1062, Train Acc: 95.45%
Epoch[138/200] Val Loss: 2.2320, Val Acc: 73.93%
No improvement for 9 epoch(s).
Epoch[139/200] Train Loss: 0.1013, Train Acc: 95.54%
Epoch[139/200] Val Loss: 2.2646, Val Acc: 74.02%
No improvement for 10 epoch(s).
Epoch[140/200] Train Loss: 0.1089, Train Acc: 95.40%
Epoch[140/200] Val Loss: 2.2556, Val Acc: 73.62%
No improvement for 11 epoch(s).
Epoch[141/200] Train Loss: 0.0895, Train Acc: 95.96%
Epoch[141/200] Val Loss: 2.2036, Val Acc: 73.71%
No improvement for 12 epoch(s).
Epoch[142/200] Train Loss: 0.0898, Train Acc: 95.66%
Epoch[142/200] Val Loss: 2.2446, Val Acc: 74.33%
No improvement for 13 epoch(s).
Epoch[143/200] Train Loss: 0.0690, Train Acc: 96.98%
Epoch[143/200] Val Loss: 2.3254, Val Acc: 74.33%
No improvement for 14 epoch(s).
Epoch[144/200] Train Loss: 0.0791, Train Acc: 96.92%
Epoch[144/200] Val Loss: 2.4213, Val Acc: 72.59%
No improvement for 15 epoch(s).
Epoch[145/200] Train Loss: 0.0673, Train Acc: 97.23%
Epoch[145/200] Val Loss: 2.3587, Val Acc: 74.33%
No improvement for 16 epoch(s).
Epoch[146/200] Train Loss: 0.0711, Train Acc: 96.84%
Epoch[146/200] Val Loss: 2.4212, Val Acc: 75.89%
Validation accuracy improved (75.0446 -> 75.8929).
Saved checkpoint: /media/icnlab/Data/Thang/plan_dieases/context_moe/checkpoints/plantdoc/pretrain_weight/squeezenet/seed_45/run_20260511-041237/best_checkpoint.pth
Epoch[147/200] Train Loss: 0.0518, Train Acc: 97.92%
Epoch[147/200] Val Loss: 2.4296, Val Acc: 74.02%
No improvement for 1 epoch(s).
Epoch[148/200] Train Loss: 0.0873, Train Acc: 96.27%
Epoch[148/200] Val Loss: 2.5593, Val Acc: 74.87%
No improvement for 2 epoch(s).
Epoch[149/200] Train Loss: 0.0820, Train Acc: 96.23%
Epoch[149/200] Val Loss: 2.4980, Val Acc: 74.96%
No improvement for 3 epoch(s).
Epoch[150/200] Train Loss: 0.0646, Train Acc: 97.48%
Epoch[150/200] Val Loss: 2.5370, Val Acc: 72.90%
No improvement for 4 epoch(s).
Epoch[151/200] Train Loss: 0.0816, Train Acc: 96.92%
Epoch[151/200] Val Loss: 2.4835, Val Acc: 75.67%
No improvement for 5 epoch(s).
Epoch[152/200] Train Loss: 0.0835, Train Acc: 96.71%
Epoch[152/200] Val Loss: 2.4903, Val Acc: 74.02%
No improvement for 6 epoch(s).
Epoch[153/200] Train Loss: 0.0729, Train Acc: 96.89%
Epoch[153/200] Val Loss: 2.5688, Val Acc: 73.71%
No improvement for 7 epoch(s).
Epoch[154/200] Train Loss: 0.0710, Train Acc: 96.58%
Epoch[154/200] Val Loss: 2.5905, Val Acc: 75.04%
No improvement for 8 epoch(s).
Epoch[155/200] Train Loss: 0.0753, Train Acc: 96.67%
Epoch[155/200] Val Loss: 2.6218, Val Acc: 73.39%
No improvement for 9 epoch(s).
Epoch[156/200] Train Loss: 0.0670, Train Acc: 97.31%
Epoch[156/200] Val Loss: 2.5051, Val Acc: 74.33%
No improvement for 10 epoch(s).
Epoch[157/200] Train Loss: 0.0658, Train Acc: 97.14%
Epoch[157/200] Val Loss: 2.5437, Val Acc: 72.68%
No improvement for 11 epoch(s).
Epoch[158/200] Train Loss: 0.0763, Train Acc: 96.53%
Epoch[158/200] Val Loss: 2.5821, Val Acc: 73.79%
No improvement for 12 epoch(s).
Epoch[159/200] Train Loss: 0.0599, Train Acc: 97.61%
Epoch[159/200] Val Loss: 2.5814, Val Acc: 74.64%
No improvement for 13 epoch(s).
Epoch[160/200] Train Loss: 0.0514, Train Acc: 98.06%
Epoch[160/200] Val Loss: 2.5803, Val Acc: 74.02%
No improvement for 14 epoch(s).
Epoch[161/200] Train Loss: 0.0572, Train Acc: 97.14%
Epoch[161/200] Val Loss: 2.5340, Val Acc: 74.33%
No improvement for 15 epoch(s).
Epoch[162/200] Train Loss: 0.0705, Train Acc: 97.11%
Epoch[162/200] Val Loss: 2.5165, Val Acc: 74.02%
No improvement for 16 epoch(s).
Epoch[163/200] Train Loss: 0.0685, Train Acc: 97.09%
Epoch[163/200] Val Loss: 2.5920, Val Acc: 74.64%
No improvement for 17 epoch(s).
Epoch[164/200] Train Loss: 0.0687, Train Acc: 97.14%
Epoch[164/200] Val Loss: 2.4491, Val Acc: 75.04%
No improvement for 18 epoch(s).
Epoch[165/200] Train Loss: 0.0593, Train Acc: 97.31%
Epoch[165/200] Val Loss: 2.4895, Val Acc: 74.64%
No improvement for 19 epoch(s).
Epoch[166/200] Train Loss: 0.0661, Train Acc: 97.27%
Epoch[166/200] Val Loss: 2.6201, Val Acc: 74.02%
No improvement for 20 epoch(s).
Epoch[167/200] Train Loss: 0.0665, Train Acc: 97.10%
Epoch[167/200] Val Loss: 2.5820, Val Acc: 74.64%
No improvement for 21 epoch(s).
Epoch[168/200] Train Loss: 0.0555, Train Acc: 97.57%
Epoch[168/200] Val Loss: 2.5747, Val Acc: 74.96%
No improvement for 22 epoch(s).
Epoch[169/200] Train Loss: 0.0550, Train Acc: 97.53%
Epoch[169/200] Val Loss: 2.5841, Val Acc: 73.71%
No improvement for 23 epoch(s).
Epoch[170/200] Train Loss: 0.0514, Train Acc: 97.83%
Epoch[170/200] Val Loss: 2.6444, Val Acc: 74.02%
No improvement for 24 epoch(s).
Epoch[171/200] Train Loss: 0.0545, Train Acc: 97.62%
Epoch[171/200] Val Loss: 2.6235, Val Acc: 74.64%
No improvement for 25 epoch(s).
Epoch[172/200] Train Loss: 0.0501, Train Acc: 97.66%
Epoch[172/200] Val Loss: 2.6197, Val Acc: 74.96%
No improvement for 26 epoch(s).
Epoch[173/200] Train Loss: 0.0574, Train Acc: 97.92%
Epoch[173/200] Val Loss: 2.5851, Val Acc: 72.77%
No improvement for 27 epoch(s).
Epoch[174/200] Train Loss: 0.0551, Train Acc: 97.62%
Epoch[174/200] Val Loss: 2.5981, Val Acc: 73.71%
No improvement for 28 epoch(s).
Epoch[175/200] Train Loss: 0.0469, Train Acc: 97.79%
Epoch[175/200] Val Loss: 2.6010, Val Acc: 74.33%
No improvement for 29 epoch(s).
Epoch[176/200] Train Loss: 0.0554, Train Acc: 98.00%
Epoch[176/200] Val Loss: 2.6643, Val Acc: 73.30%
No improvement for 30 epoch(s).
Epoch[177/200] Train Loss: 0.0548, Train Acc: 97.71%
Epoch[177/200] Val Loss: 2.6302, Val Acc: 73.39%
No improvement for 31 epoch(s).
Epoch[178/200] Train Loss: 0.0670, Train Acc: 97.14%
Epoch[178/200] Val Loss: 2.6690, Val Acc: 75.27%
No improvement for 32 epoch(s).
Epoch[179/200] Train Loss: 0.0557, Train Acc: 97.40%
Epoch[179/200] Val Loss: 2.6755, Val Acc: 74.33%
No improvement for 33 epoch(s).
Epoch[180/200] Train Loss: 0.0433, Train Acc: 98.18%
Epoch[180/200] Val Loss: 2.6690, Val Acc: 74.64%
No improvement for 34 epoch(s).
Epoch[181/200] Train Loss: 0.0667, Train Acc: 97.23%
Epoch[181/200] Val Loss: 2.6547, Val Acc: 74.64%
No improvement for 35 epoch(s).
Epoch[182/200] Train Loss: 0.0525, Train Acc: 97.57%
Epoch[182/200] Val Loss: 2.6258, Val Acc: 74.33%
No improvement for 36 epoch(s).
Epoch[183/200] Train Loss: 0.0554, Train Acc: 97.62%
Epoch[183/200] Val Loss: 2.6482, Val Acc: 74.33%
No improvement for 37 epoch(s).
Epoch[184/200] Train Loss: 0.0504, Train Acc: 98.00%
Epoch[184/200] Val Loss: 2.6812, Val Acc: 74.33%
No improvement for 38 epoch(s).
Epoch[185/200] Train Loss: 0.0514, Train Acc: 97.87%
Epoch[185/200] Val Loss: 2.6713, Val Acc: 74.64%
No improvement for 39 epoch(s).
Epoch[186/200] Train Loss: 0.0513, Train Acc: 97.93%
Epoch[186/200] Val Loss: 2.6712, Val Acc: 74.96%
No improvement for 40 epoch(s).
Epoch[187/200] Train Loss: 0.0533, Train Acc: 97.79%
Epoch[187/200] Val Loss: 2.6785, Val Acc: 74.64%
No improvement for 41 epoch(s).
Epoch[188/200] Train Loss: 0.0508, Train Acc: 97.80%
Epoch[188/200] Val Loss: 2.6789, Val Acc: 75.58%
No improvement for 42 epoch(s).
Epoch[189/200] Train Loss: 0.0460, Train Acc: 98.10%
Epoch[189/200] Val Loss: 2.6681, Val Acc: 74.64%
No improvement for 43 epoch(s).
Epoch[190/200] Train Loss: 0.0474, Train Acc: 97.88%
Epoch[190/200] Val Loss: 2.6893, Val Acc: 74.96%
No improvement for 44 epoch(s).
Epoch[191/200] Train Loss: 0.0617, Train Acc: 97.53%
Epoch[191/200] Val Loss: 2.6755, Val Acc: 74.96%
No improvement for 45 epoch(s).
Epoch[192/200] Train Loss: 0.0478, Train Acc: 97.70%
Epoch[192/200] Val Loss: 2.6915, Val Acc: 74.64%
No improvement for 46 epoch(s).
Epoch[193/200] Train Loss: 0.0444, Train Acc: 98.05%
Epoch[193/200] Val Loss: 2.6989, Val Acc: 74.64%
No improvement for 47 epoch(s).
Epoch[194/200] Train Loss: 0.0545, Train Acc: 97.48%
Epoch[194/200] Val Loss: 2.6745, Val Acc: 74.64%
No improvement for 48 epoch(s).
Epoch[195/200] Train Loss: 0.0585, Train Acc: 97.62%
Epoch[195/200] Val Loss: 2.6692, Val Acc: 74.96%
No improvement for 49 epoch(s).
Epoch[196/200] Train Loss: 0.0419, Train Acc: 98.05%
Epoch[196/200] Val Loss: 2.6704, Val Acc: 74.96%
No improvement for 50 epoch(s).
Early stopping triggered. No improvement in validation acc for 50 epochs.
Saved checkpoint: /media/icnlab/Data/Thang/plan_dieases/context_moe/checkpoints/plantdoc/pretrain_weight/squeezenet/seed_45/run_20260511-041237/last_checkpoint.pth
Training finished. Best val acc: 75.8929 at epoch 146
Saved training plot to /media/icnlab/Data/Thang/plan_dieases/context_moe/checkpoints/plantdoc/pretrain_weight/squeezenet/seed_45/run_20260511-041237/loss_acc_plot.png
