Epoch[1/200] Train Loss: 2.0974, Train Acc: 14.94%
Epoch[1/200] Val Loss: 2.0794, Val Acc: 14.02%
Validation accuracy improved (-inf -> 14.0179).
Saved checkpoint: /media/icnlab/Data/Thang/plan_dieases/context_moe/checkpoints/plantdoc/pretrain_weight/squeezenet/seed_42/run_20260511-025404/best_checkpoint.pth
Epoch[2/200] Train Loss: 2.0795, Train Acc: 14.09%
Epoch[2/200] Val Loss: 2.0794, Val Acc: 14.33%
Validation accuracy improved (14.0179 -> 14.3304).
Saved checkpoint: /media/icnlab/Data/Thang/plan_dieases/context_moe/checkpoints/plantdoc/pretrain_weight/squeezenet/seed_42/run_20260511-025404/best_checkpoint.pth
Epoch[3/200] Train Loss: 2.0763, Train Acc: 14.65%
Epoch[3/200] Val Loss: 2.0793, Val Acc: 15.04%
Validation accuracy improved (14.3304 -> 15.0446).
Saved checkpoint: /media/icnlab/Data/Thang/plan_dieases/context_moe/checkpoints/plantdoc/pretrain_weight/squeezenet/seed_42/run_20260511-025404/best_checkpoint.pth
Epoch[4/200] Train Loss: 2.0477, Train Acc: 17.52%
Epoch[4/200] Val Loss: 2.0710, Val Acc: 19.91%
Validation accuracy improved (15.0446 -> 19.9107).
Saved checkpoint: /media/icnlab/Data/Thang/plan_dieases/context_moe/checkpoints/plantdoc/pretrain_weight/squeezenet/seed_42/run_20260511-025404/best_checkpoint.pth
Epoch[5/200] Train Loss: 1.9699, Train Acc: 18.45%
Epoch[5/200] Val Loss: 2.1378, Val Acc: 16.29%
No improvement for 1 epoch(s).
Epoch[6/200] Train Loss: 1.9657, Train Acc: 20.74%
Epoch[6/200] Val Loss: 2.0423, Val Acc: 22.05%
Validation accuracy improved (19.9107 -> 22.0536).
Saved checkpoint: /media/icnlab/Data/Thang/plan_dieases/context_moe/checkpoints/plantdoc/pretrain_weight/squeezenet/seed_42/run_20260511-025404/best_checkpoint.pth
Epoch[7/200] Train Loss: 1.9071, Train Acc: 21.24%
Epoch[7/200] Val Loss: 2.0064, Val Acc: 17.32%
No improvement for 1 epoch(s).
Epoch[8/200] Train Loss: 1.8606, Train Acc: 24.03%
Epoch[8/200] Val Loss: 2.0923, Val Acc: 23.44%
Validation accuracy improved (22.0536 -> 23.4375).
Saved checkpoint: /media/icnlab/Data/Thang/plan_dieases/context_moe/checkpoints/plantdoc/pretrain_weight/squeezenet/seed_42/run_20260511-025404/best_checkpoint.pth
Epoch[9/200] Train Loss: 1.8141, Train Acc: 24.99%
Epoch[9/200] Val Loss: 2.0261, Val Acc: 27.41%
Validation accuracy improved (23.4375 -> 27.4107).
Saved checkpoint: /media/icnlab/Data/Thang/plan_dieases/context_moe/checkpoints/plantdoc/pretrain_weight/squeezenet/seed_42/run_20260511-025404/best_checkpoint.pth
Epoch[10/200] Train Loss: 1.7012, Train Acc: 35.63%
Epoch[10/200] Val Loss: 1.9090, Val Acc: 42.72%
Validation accuracy improved (27.4107 -> 42.7232).
Saved checkpoint: /media/icnlab/Data/Thang/plan_dieases/context_moe/checkpoints/plantdoc/pretrain_weight/squeezenet/seed_42/run_20260511-025404/best_checkpoint.pth
Epoch[11/200] Train Loss: 1.6325, Train Acc: 42.61%
Epoch[11/200] Val Loss: 1.9019, Val Acc: 40.13%
No improvement for 1 epoch(s).
Epoch[12/200] Train Loss: 1.5635, Train Acc: 46.35%
Epoch[12/200] Val Loss: 2.0028, Val Acc: 34.87%
No improvement for 2 epoch(s).
Epoch[13/200] Train Loss: 1.5008, Train Acc: 45.62%
Epoch[13/200] Val Loss: 1.9160, Val Acc: 28.75%
No improvement for 3 epoch(s).
Epoch[14/200] Train Loss: 1.4485, Train Acc: 50.30%
Epoch[14/200] Val Loss: 1.8381, Val Acc: 47.81%
Validation accuracy improved (42.7232 -> 47.8125).
Saved checkpoint: /media/icnlab/Data/Thang/plan_dieases/context_moe/checkpoints/plantdoc/pretrain_weight/squeezenet/seed_42/run_20260511-025404/best_checkpoint.pth
Epoch[15/200] Train Loss: 1.4464, Train Acc: 50.03%
Epoch[15/200] Val Loss: 1.8575, Val Acc: 31.03%
No improvement for 1 epoch(s).
Epoch[16/200] Train Loss: 1.4903, Train Acc: 49.02%
Epoch[16/200] Val Loss: 1.8232, Val Acc: 35.00%
No improvement for 2 epoch(s).
Epoch[17/200] Train Loss: 1.3583, Train Acc: 52.56%
Epoch[17/200] Val Loss: 1.7833, Val Acc: 39.38%
No improvement for 3 epoch(s).
Epoch[18/200] Train Loss: 1.3865, Train Acc: 52.45%
Epoch[18/200] Val Loss: 1.8814, Val Acc: 36.16%
No improvement for 4 epoch(s).
Epoch[19/200] Train Loss: 1.3312, Train Acc: 53.68%
Epoch[19/200] Val Loss: 2.0022, Val Acc: 40.36%
No improvement for 5 epoch(s).
Epoch[20/200] Train Loss: 1.3416, Train Acc: 54.25%
Epoch[20/200] Val Loss: 1.7899, Val Acc: 34.29%
No improvement for 6 epoch(s).
Epoch[21/200] Train Loss: 1.2869, Train Acc: 55.45%
Epoch[21/200] Val Loss: 1.8188, Val Acc: 39.78%
No improvement for 7 epoch(s).
Epoch[22/200] Train Loss: 1.2623, Train Acc: 56.56%
Epoch[22/200] Val Loss: 1.7760, Val Acc: 43.79%
No improvement for 8 epoch(s).
Epoch[23/200] Train Loss: 1.2457, Train Acc: 56.66%
Epoch[23/200] Val Loss: 2.0400, Val Acc: 27.63%
No improvement for 9 epoch(s).
Epoch[24/200] Train Loss: 1.2829, Train Acc: 53.59%
Epoch[24/200] Val Loss: 1.7535, Val Acc: 39.55%
No improvement for 10 epoch(s).
Epoch[25/200] Train Loss: 1.2321, Train Acc: 56.25%
Epoch[25/200] Val Loss: 1.9176, Val Acc: 32.10%
No improvement for 11 epoch(s).
Epoch[26/200] Train Loss: 1.1242, Train Acc: 60.43%
Epoch[26/200] Val Loss: 1.8227, Val Acc: 46.16%
No improvement for 12 epoch(s).
Epoch[27/200] Train Loss: 1.0870, Train Acc: 62.26%
Epoch[27/200] Val Loss: 1.7955, Val Acc: 37.90%
No improvement for 13 epoch(s).
Epoch[28/200] Train Loss: 1.0770, Train Acc: 62.50%
Epoch[28/200] Val Loss: 1.8077, Val Acc: 38.53%
No improvement for 14 epoch(s).
Epoch[29/200] Train Loss: 1.0764, Train Acc: 62.47%
Epoch[29/200] Val Loss: 1.7586, Val Acc: 45.67%
No improvement for 15 epoch(s).
Epoch[30/200] Train Loss: 1.1032, Train Acc: 61.25%
Epoch[30/200] Val Loss: 1.7134, Val Acc: 43.71%
No improvement for 16 epoch(s).
Epoch[31/200] Train Loss: 1.0665, Train Acc: 62.52%
Epoch[31/200] Val Loss: 1.6155, Val Acc: 49.82%
Validation accuracy improved (47.8125 -> 49.8214).
Saved checkpoint: /media/icnlab/Data/Thang/plan_dieases/context_moe/checkpoints/plantdoc/pretrain_weight/squeezenet/seed_42/run_20260511-025404/best_checkpoint.pth
Epoch[32/200] Train Loss: 1.0501, Train Acc: 62.74%
Epoch[32/200] Val Loss: 1.9356, Val Acc: 45.13%
No improvement for 1 epoch(s).
Epoch[33/200] Train Loss: 1.0389, Train Acc: 63.73%
Epoch[33/200] Val Loss: 1.7320, Val Acc: 44.33%
No improvement for 2 epoch(s).
Epoch[34/200] Train Loss: 1.0335, Train Acc: 63.29%
Epoch[34/200] Val Loss: 1.7322, Val Acc: 45.76%
No improvement for 3 epoch(s).
Epoch[35/200] Train Loss: 1.0164, Train Acc: 64.97%
Epoch[35/200] Val Loss: 1.8609, Val Acc: 45.98%
No improvement for 4 epoch(s).
Epoch[36/200] Train Loss: 1.0430, Train Acc: 62.57%
Epoch[36/200] Val Loss: 1.6477, Val Acc: 47.01%
No improvement for 5 epoch(s).
Epoch[37/200] Train Loss: 0.9744, Train Acc: 66.81%
Epoch[37/200] Val Loss: 1.9702, Val Acc: 37.68%
No improvement for 6 epoch(s).
Epoch[38/200] Train Loss: 0.9630, Train Acc: 66.21%
Epoch[38/200] Val Loss: 1.7578, Val Acc: 44.24%
No improvement for 7 epoch(s).
Epoch[39/200] Train Loss: 0.9564, Train Acc: 66.65%
Epoch[39/200] Val Loss: 1.7516, Val Acc: 46.79%
No improvement for 8 epoch(s).
Epoch[40/200] Train Loss: 0.9271, Train Acc: 68.88%
Epoch[40/200] Val Loss: 1.5964, Val Acc: 55.40%
Validation accuracy improved (49.8214 -> 55.4018).
Saved checkpoint: /media/icnlab/Data/Thang/plan_dieases/context_moe/checkpoints/plantdoc/pretrain_weight/squeezenet/seed_42/run_20260511-025404/best_checkpoint.pth
Epoch[41/200] Train Loss: 0.9530, Train Acc: 65.87%
Epoch[41/200] Val Loss: 1.7081, Val Acc: 46.83%
No improvement for 1 epoch(s).
Epoch[42/200] Train Loss: 0.9238, Train Acc: 68.30%
Epoch[42/200] Val Loss: 1.6749, Val Acc: 50.62%
No improvement for 2 epoch(s).
Epoch[43/200] Train Loss: 0.9618, Train Acc: 66.53%
Epoch[43/200] Val Loss: 1.9234, Val Acc: 44.02%
No improvement for 3 epoch(s).
Epoch[44/200] Train Loss: 0.9208, Train Acc: 66.76%
Epoch[44/200] Val Loss: 1.7527, Val Acc: 47.32%
No improvement for 4 epoch(s).
Epoch[45/200] Train Loss: 0.8895, Train Acc: 68.50%
Epoch[45/200] Val Loss: 1.6065, Val Acc: 57.50%
Validation accuracy improved (55.4018 -> 57.5000).
Saved checkpoint: /media/icnlab/Data/Thang/plan_dieases/context_moe/checkpoints/plantdoc/pretrain_weight/squeezenet/seed_42/run_20260511-025404/best_checkpoint.pth
Epoch[46/200] Train Loss: 0.8629, Train Acc: 68.85%
Epoch[46/200] Val Loss: 1.6022, Val Acc: 50.98%
No improvement for 1 epoch(s).
Epoch[47/200] Train Loss: 0.8918, Train Acc: 68.80%
Epoch[47/200] Val Loss: 1.5638, Val Acc: 54.91%
No improvement for 2 epoch(s).
Epoch[48/200] Train Loss: 0.8539, Train Acc: 70.32%
Epoch[48/200] Val Loss: 1.8913, Val Acc: 52.41%
No improvement for 3 epoch(s).
Epoch[49/200] Train Loss: 0.8113, Train Acc: 70.44%
Epoch[49/200] Val Loss: 1.6612, Val Acc: 55.31%
No improvement for 4 epoch(s).
Epoch[50/200] Train Loss: 0.8714, Train Acc: 69.46%
Epoch[50/200] Val Loss: 1.6212, Val Acc: 53.75%
No improvement for 5 epoch(s).
Epoch[51/200] Train Loss: 0.8514, Train Acc: 69.58%
Epoch[51/200] Val Loss: 1.5730, Val Acc: 57.90%
Validation accuracy improved (57.5000 -> 57.9018).
Saved checkpoint: /media/icnlab/Data/Thang/plan_dieases/context_moe/checkpoints/plantdoc/pretrain_weight/squeezenet/seed_42/run_20260511-025404/best_checkpoint.pth
Epoch[52/200] Train Loss: 0.8120, Train Acc: 71.80%
Epoch[52/200] Val Loss: 1.6454, Val Acc: 53.75%
No improvement for 1 epoch(s).
Epoch[53/200] Train Loss: 0.8253, Train Acc: 71.82%
Epoch[53/200] Val Loss: 1.4493, Val Acc: 60.80%
Validation accuracy improved (57.9018 -> 60.8036).
Saved checkpoint: /media/icnlab/Data/Thang/plan_dieases/context_moe/checkpoints/plantdoc/pretrain_weight/squeezenet/seed_42/run_20260511-025404/best_checkpoint.pth
Epoch[54/200] Train Loss: 0.7944, Train Acc: 72.42%
Epoch[54/200] Val Loss: 1.8512, Val Acc: 55.94%
No improvement for 1 epoch(s).
Epoch[55/200] Train Loss: 0.8082, Train Acc: 71.34%
Epoch[55/200] Val Loss: 1.7689, Val Acc: 61.12%
Validation accuracy improved (60.8036 -> 61.1161).
Saved checkpoint: /media/icnlab/Data/Thang/plan_dieases/context_moe/checkpoints/plantdoc/pretrain_weight/squeezenet/seed_42/run_20260511-025404/best_checkpoint.pth
Epoch[56/200] Train Loss: 0.8088, Train Acc: 71.00%
Epoch[56/200] Val Loss: 1.8995, Val Acc: 54.91%
No improvement for 1 epoch(s).
Epoch[57/200] Train Loss: 0.8160, Train Acc: 71.82%
Epoch[57/200] Val Loss: 1.6866, Val Acc: 54.06%
No improvement for 2 epoch(s).
Epoch[58/200] Train Loss: 0.7204, Train Acc: 74.74%
Epoch[58/200] Val Loss: 1.4854, Val Acc: 61.29%
Validation accuracy improved (61.1161 -> 61.2946).
Saved checkpoint: /media/icnlab/Data/Thang/plan_dieases/context_moe/checkpoints/plantdoc/pretrain_weight/squeezenet/seed_42/run_20260511-025404/best_checkpoint.pth
Epoch[59/200] Train Loss: 0.7854, Train Acc: 72.08%
Epoch[59/200] Val Loss: 1.4906, Val Acc: 61.83%
Validation accuracy improved (61.2946 -> 61.8304).
Saved checkpoint: /media/icnlab/Data/Thang/plan_dieases/context_moe/checkpoints/plantdoc/pretrain_weight/squeezenet/seed_42/run_20260511-025404/best_checkpoint.pth
Epoch[60/200] Train Loss: 0.7149, Train Acc: 74.51%
Epoch[60/200] Val Loss: 1.6887, Val Acc: 61.12%
No improvement for 1 epoch(s).
Epoch[61/200] Train Loss: 0.7050, Train Acc: 75.21%
Epoch[61/200] Val Loss: 1.5770, Val Acc: 61.83%
No improvement for 2 epoch(s).
Epoch[62/200] Train Loss: 0.7234, Train Acc: 74.26%
Epoch[62/200] Val Loss: 1.6833, Val Acc: 56.25%
No improvement for 3 epoch(s).
Epoch[63/200] Train Loss: 0.6770, Train Acc: 74.66%
Epoch[63/200] Val Loss: 1.8904, Val Acc: 54.55%
No improvement for 4 epoch(s).
Epoch[64/200] Train Loss: 0.6827, Train Acc: 75.99%
Epoch[64/200] Val Loss: 1.7928, Val Acc: 61.43%
No improvement for 5 epoch(s).
Epoch[65/200] Train Loss: 0.6850, Train Acc: 74.71%
Epoch[65/200] Val Loss: 1.5482, Val Acc: 59.55%
No improvement for 6 epoch(s).
Epoch[66/200] Train Loss: 0.7021, Train Acc: 75.79%
Epoch[66/200] Val Loss: 1.6533, Val Acc: 55.40%
No improvement for 7 epoch(s).
Epoch[67/200] Train Loss: 0.6669, Train Acc: 75.85%
Epoch[67/200] Val Loss: 1.6247, Val Acc: 59.55%
No improvement for 8 epoch(s).
Epoch[68/200] Train Loss: 0.6505, Train Acc: 76.78%
Epoch[68/200] Val Loss: 1.4950, Val Acc: 61.74%
No improvement for 9 epoch(s).
Epoch[69/200] Train Loss: 0.6446, Train Acc: 77.06%
Epoch[69/200] Val Loss: 1.6745, Val Acc: 57.99%
No improvement for 10 epoch(s).
Epoch[70/200] Train Loss: 0.6733, Train Acc: 76.55%
Epoch[70/200] Val Loss: 1.5979, Val Acc: 60.58%
No improvement for 11 epoch(s).
Epoch[71/200] Train Loss: 0.5537, Train Acc: 79.98%
Epoch[71/200] Val Loss: 1.6704, Val Acc: 61.43%
No improvement for 12 epoch(s).
Epoch[72/200] Train Loss: 0.5585, Train Acc: 80.01%
Epoch[72/200] Val Loss: 1.4980, Val Acc: 61.52%
No improvement for 13 epoch(s).
Epoch[73/200] Train Loss: 0.5180, Train Acc: 81.24%
Epoch[73/200] Val Loss: 1.4254, Val Acc: 66.29%
Validation accuracy improved (61.8304 -> 66.2946).
Saved checkpoint: /media/icnlab/Data/Thang/plan_dieases/context_moe/checkpoints/plantdoc/pretrain_weight/squeezenet/seed_42/run_20260511-025404/best_checkpoint.pth
Epoch[74/200] Train Loss: 0.5120, Train Acc: 80.90%
Epoch[74/200] Val Loss: 1.5287, Val Acc: 64.29%
No improvement for 1 epoch(s).
Epoch[75/200] Train Loss: 0.4889, Train Acc: 82.15%
Epoch[75/200] Val Loss: 1.5783, Val Acc: 62.77%
No improvement for 2 epoch(s).
Epoch[76/200] Train Loss: 0.5060, Train Acc: 81.62%
Epoch[76/200] Val Loss: 1.5404, Val Acc: 65.13%
No improvement for 3 epoch(s).
Epoch[77/200] Train Loss: 0.4817, Train Acc: 82.10%
Epoch[77/200] Val Loss: 1.4641, Val Acc: 65.13%
No improvement for 4 epoch(s).
Epoch[78/200] Train Loss: 0.4901, Train Acc: 81.92%
Epoch[78/200] Val Loss: 1.5952, Val Acc: 64.73%
No improvement for 5 epoch(s).
Epoch[79/200] Train Loss: 0.4906, Train Acc: 81.32%
Epoch[79/200] Val Loss: 1.5075, Val Acc: 66.07%
No improvement for 6 epoch(s).
Epoch[80/200] Train Loss: 0.4959, Train Acc: 82.28%
Epoch[80/200] Val Loss: 1.5462, Val Acc: 68.04%
Validation accuracy improved (66.2946 -> 68.0357).
Saved checkpoint: /media/icnlab/Data/Thang/plan_dieases/context_moe/checkpoints/plantdoc/pretrain_weight/squeezenet/seed_42/run_20260511-025404/best_checkpoint.pth
Epoch[81/200] Train Loss: 0.4516, Train Acc: 83.64%
Epoch[81/200] Val Loss: 1.6312, Val Acc: 63.66%
No improvement for 1 epoch(s).
Epoch[82/200] Train Loss: 0.4442, Train Acc: 83.48%
Epoch[82/200] Val Loss: 1.6002, Val Acc: 65.76%
No improvement for 2 epoch(s).
Epoch[83/200] Train Loss: 0.4553, Train Acc: 83.50%
Epoch[83/200] Val Loss: 1.5076, Val Acc: 65.45%
No improvement for 3 epoch(s).
Epoch[84/200] Train Loss: 0.4245, Train Acc: 84.29%
Epoch[84/200] Val Loss: 1.6300, Val Acc: 65.45%
No improvement for 4 epoch(s).
Epoch[85/200] Train Loss: 0.4807, Train Acc: 82.75%
Epoch[85/200] Val Loss: 1.4937, Val Acc: 66.07%
No improvement for 5 epoch(s).
Epoch[86/200] Train Loss: 0.4607, Train Acc: 83.36%
Epoch[86/200] Val Loss: 1.4618, Val Acc: 63.17%
No improvement for 6 epoch(s).
Epoch[87/200] Train Loss: 0.4365, Train Acc: 83.71%
Epoch[87/200] Val Loss: 1.5776, Val Acc: 64.51%
No improvement for 7 epoch(s).
Epoch[88/200] Train Loss: 0.4126, Train Acc: 84.60%
Epoch[88/200] Val Loss: 1.6036, Val Acc: 65.36%
No improvement for 8 epoch(s).
Epoch[89/200] Train Loss: 0.4055, Train Acc: 84.98%
Epoch[89/200] Val Loss: 1.5477, Val Acc: 67.14%
No improvement for 9 epoch(s).
Epoch[90/200] Train Loss: 0.3931, Train Acc: 84.78%
Epoch[90/200] Val Loss: 1.5622, Val Acc: 67.10%
No improvement for 10 epoch(s).
Epoch[91/200] Train Loss: 0.4003, Train Acc: 85.00%
Epoch[91/200] Val Loss: 1.6773, Val Acc: 64.51%
No improvement for 11 epoch(s).
Epoch[92/200] Train Loss: 0.3605, Train Acc: 86.18%
Epoch[92/200] Val Loss: 1.6902, Val Acc: 67.01%
No improvement for 12 epoch(s).
Epoch[93/200] Train Loss: 0.3228, Train Acc: 88.26%
Epoch[93/200] Val Loss: 1.7527, Val Acc: 68.17%
Validation accuracy improved (68.0357 -> 68.1696).
Saved checkpoint: /media/icnlab/Data/Thang/plan_dieases/context_moe/checkpoints/plantdoc/pretrain_weight/squeezenet/seed_42/run_20260511-025404/best_checkpoint.pth
Epoch[94/200] Train Loss: 0.3192, Train Acc: 88.08%
Epoch[94/200] Val Loss: 1.8444, Val Acc: 65.36%
No improvement for 1 epoch(s).
Epoch[95/200] Train Loss: 0.3366, Train Acc: 87.09%
Epoch[95/200] Val Loss: 1.6839, Val Acc: 68.26%
Validation accuracy improved (68.1696 -> 68.2589).
Saved checkpoint: /media/icnlab/Data/Thang/plan_dieases/context_moe/checkpoints/plantdoc/pretrain_weight/squeezenet/seed_42/run_20260511-025404/best_checkpoint.pth
Epoch[96/200] Train Loss: 0.3091, Train Acc: 88.22%
Epoch[96/200] Val Loss: 1.7815, Val Acc: 68.04%
No improvement for 1 epoch(s).
Epoch[97/200] Train Loss: 0.3125, Train Acc: 88.87%
Epoch[97/200] Val Loss: 1.7327, Val Acc: 66.07%
No improvement for 2 epoch(s).
Epoch[98/200] Train Loss: 0.3165, Train Acc: 87.49%
Epoch[98/200] Val Loss: 1.7984, Val Acc: 66.38%
No improvement for 3 epoch(s).
Epoch[99/200] Train Loss: 0.3055, Train Acc: 88.39%
Epoch[99/200] Val Loss: 1.9389, Val Acc: 63.30%
No improvement for 4 epoch(s).
Epoch[100/200] Train Loss: 0.3421, Train Acc: 86.57%
Epoch[100/200] Val Loss: 1.7344, Val Acc: 64.73%
No improvement for 5 epoch(s).
Epoch[101/200] Train Loss: 0.3059, Train Acc: 87.44%
Epoch[101/200] Val Loss: 1.8258, Val Acc: 66.70%
No improvement for 6 epoch(s).
Epoch[102/200] Train Loss: 0.2879, Train Acc: 89.52%
Epoch[102/200] Val Loss: 1.8029, Val Acc: 65.98%
No improvement for 7 epoch(s).
Epoch[103/200] Train Loss: 0.2835, Train Acc: 88.38%
Epoch[103/200] Val Loss: 1.8673, Val Acc: 64.33%
No improvement for 8 epoch(s).
Epoch[104/200] Train Loss: 0.2923, Train Acc: 88.69%
Epoch[104/200] Val Loss: 1.8719, Val Acc: 66.52%
No improvement for 9 epoch(s).
Epoch[105/200] Train Loss: 0.2850, Train Acc: 89.94%
Epoch[105/200] Val Loss: 1.8711, Val Acc: 67.86%
No improvement for 10 epoch(s).
Epoch[106/200] Train Loss: 0.2792, Train Acc: 88.77%
Epoch[106/200] Val Loss: 1.7974, Val Acc: 67.63%
No improvement for 11 epoch(s).
Epoch[107/200] Train Loss: 0.2572, Train Acc: 89.70%
Epoch[107/200] Val Loss: 1.8937, Val Acc: 66.12%
No improvement for 12 epoch(s).
Epoch[108/200] Train Loss: 0.2497, Train Acc: 90.03%
Epoch[108/200] Val Loss: 1.9802, Val Acc: 65.58%
No improvement for 13 epoch(s).
Epoch[109/200] Train Loss: 0.2574, Train Acc: 89.52%
Epoch[109/200] Val Loss: 1.9718, Val Acc: 65.89%
No improvement for 14 epoch(s).
Epoch[110/200] Train Loss: 0.2423, Train Acc: 90.87%
Epoch[110/200] Val Loss: 1.9698, Val Acc: 66.52%
No improvement for 15 epoch(s).
Epoch[111/200] Train Loss: 0.2522, Train Acc: 90.90%
Epoch[111/200] Val Loss: 1.9958, Val Acc: 66.12%
No improvement for 16 epoch(s).
Epoch[112/200] Train Loss: 0.2611, Train Acc: 89.98%
Epoch[112/200] Val Loss: 1.9192, Val Acc: 65.58%
No improvement for 17 epoch(s).
Epoch[113/200] Train Loss: 0.2393, Train Acc: 91.07%
Epoch[113/200] Val Loss: 1.9549, Val Acc: 67.46%
No improvement for 18 epoch(s).
Epoch[114/200] Train Loss: 0.2423, Train Acc: 90.51%
Epoch[114/200] Val Loss: 2.0010, Val Acc: 65.27%
No improvement for 19 epoch(s).
Epoch[115/200] Train Loss: 0.2422, Train Acc: 90.29%
Epoch[115/200] Val Loss: 1.9891, Val Acc: 67.63%
No improvement for 20 epoch(s).
Epoch[116/200] Train Loss: 0.2336, Train Acc: 90.16%
Epoch[116/200] Val Loss: 1.9132, Val Acc: 65.27%
No improvement for 21 epoch(s).
Epoch[117/200] Train Loss: 0.2449, Train Acc: 90.98%
Epoch[117/200] Val Loss: 1.9727, Val Acc: 67.54%
No improvement for 22 epoch(s).
Epoch[118/200] Train Loss: 0.2414, Train Acc: 91.03%
Epoch[118/200] Val Loss: 1.9895, Val Acc: 65.98%
No improvement for 23 epoch(s).
Epoch[119/200] Train Loss: 0.2123, Train Acc: 90.85%
Epoch[119/200] Val Loss: 1.9555, Val Acc: 66.21%
No improvement for 24 epoch(s).
Epoch[120/200] Train Loss: 0.2084, Train Acc: 91.60%
Epoch[120/200] Val Loss: 1.9900, Val Acc: 65.58%
No improvement for 25 epoch(s).
Epoch[121/200] Train Loss: 0.2240, Train Acc: 91.73%
Epoch[121/200] Val Loss: 1.9936, Val Acc: 66.21%
No improvement for 26 epoch(s).
Epoch[122/200] Train Loss: 0.2178, Train Acc: 91.99%
Epoch[122/200] Val Loss: 1.9861, Val Acc: 66.52%
No improvement for 27 epoch(s).
Epoch[123/200] Train Loss: 0.2188, Train Acc: 91.45%
Epoch[123/200] Val Loss: 2.0620, Val Acc: 66.21%
No improvement for 28 epoch(s).
Epoch[124/200] Train Loss: 0.2023, Train Acc: 91.99%
Epoch[124/200] Val Loss: 2.0518, Val Acc: 66.83%
No improvement for 29 epoch(s).
Epoch[125/200] Train Loss: 0.2047, Train Acc: 91.63%
Epoch[125/200] Val Loss: 2.0737, Val Acc: 66.21%
No improvement for 30 epoch(s).
Epoch[126/200] Train Loss: 0.2044, Train Acc: 91.90%
Epoch[126/200] Val Loss: 2.0772, Val Acc: 66.83%
No improvement for 31 epoch(s).
Epoch[127/200] Train Loss: 0.2127, Train Acc: 91.13%
Epoch[127/200] Val Loss: 2.0840, Val Acc: 66.83%
No improvement for 32 epoch(s).
Epoch[128/200] Train Loss: 0.2071, Train Acc: 92.28%
Epoch[128/200] Val Loss: 2.1326, Val Acc: 67.23%
No improvement for 33 epoch(s).
Epoch[129/200] Train Loss: 0.1977, Train Acc: 92.58%
Epoch[129/200] Val Loss: 2.0949, Val Acc: 66.92%
No improvement for 34 epoch(s).
Epoch[130/200] Train Loss: 0.2061, Train Acc: 92.28%
Epoch[130/200] Val Loss: 2.0910, Val Acc: 66.52%
No improvement for 35 epoch(s).
Epoch[131/200] Train Loss: 0.2166, Train Acc: 91.16%
Epoch[131/200] Val Loss: 2.0944, Val Acc: 66.52%
No improvement for 36 epoch(s).
Epoch[132/200] Train Loss: 0.2185, Train Acc: 91.25%
Epoch[132/200] Val Loss: 2.1250, Val Acc: 67.46%
No improvement for 37 epoch(s).
Epoch[133/200] Train Loss: 0.2004, Train Acc: 92.34%
Epoch[133/200] Val Loss: 2.1167, Val Acc: 66.61%
No improvement for 38 epoch(s).
Epoch[134/200] Train Loss: 0.2002, Train Acc: 92.41%
Epoch[134/200] Val Loss: 2.1143, Val Acc: 66.52%
No improvement for 39 epoch(s).
Epoch[135/200] Train Loss: 0.1987, Train Acc: 92.46%
Epoch[135/200] Val Loss: 2.1173, Val Acc: 67.14%
No improvement for 40 epoch(s).
Epoch[136/200] Train Loss: 0.2041, Train Acc: 92.06%
Epoch[136/200] Val Loss: 2.1390, Val Acc: 67.23%
No improvement for 41 epoch(s).
Epoch[137/200] Train Loss: 0.1860, Train Acc: 92.37%
Epoch[137/200] Val Loss: 2.1159, Val Acc: 66.61%
No improvement for 42 epoch(s).
Epoch[138/200] Train Loss: 0.1895, Train Acc: 92.42%
Epoch[138/200] Val Loss: 2.1491, Val Acc: 66.52%
No improvement for 43 epoch(s).
Epoch[139/200] Train Loss: 0.2005, Train Acc: 91.87%
Epoch[139/200] Val Loss: 2.1466, Val Acc: 65.89%
No improvement for 44 epoch(s).
Epoch[140/200] Train Loss: 0.1823, Train Acc: 93.07%
Epoch[140/200] Val Loss: 2.1637, Val Acc: 66.92%
No improvement for 45 epoch(s).
Epoch[141/200] Train Loss: 0.1986, Train Acc: 92.68%
Epoch[141/200] Val Loss: 2.1415, Val Acc: 66.21%
No improvement for 46 epoch(s).
Epoch[142/200] Train Loss: 0.2067, Train Acc: 92.06%
Epoch[142/200] Val Loss: 2.1287, Val Acc: 65.89%
No improvement for 47 epoch(s).
Epoch[143/200] Train Loss: 0.1763, Train Acc: 92.85%
Epoch[143/200] Val Loss: 2.1333, Val Acc: 66.52%
No improvement for 48 epoch(s).
Epoch[144/200] Train Loss: 0.1973, Train Acc: 92.42%
Epoch[144/200] Val Loss: 2.1355, Val Acc: 66.21%
No improvement for 49 epoch(s).
Epoch[145/200] Train Loss: 0.1966, Train Acc: 93.11%
Epoch[145/200] Val Loss: 2.1342, Val Acc: 66.21%
No improvement for 50 epoch(s).
Early stopping triggered. No improvement in validation acc for 50 epochs.
Saved checkpoint: /media/icnlab/Data/Thang/plan_dieases/context_moe/checkpoints/plantdoc/pretrain_weight/squeezenet/seed_42/run_20260511-025404/last_checkpoint.pth
Training finished. Best val acc: 68.2589 at epoch 95
Saved training plot to /media/icnlab/Data/Thang/plan_dieases/context_moe/checkpoints/plantdoc/pretrain_weight/squeezenet/seed_42/run_20260511-025404/loss_acc_plot.png
