Epoch[1/200] Train Loss: 1.4658, Train Acc: 50.54%
Epoch[1/200] Val Loss: 1.1887, Val Acc: 63.26%
Validation accuracy improved (-inf -> 63.2589).
Saved checkpoint: /media/icnlab/Data/Thang/plan_dieases/context_moe/checkpoints/plantdoc/pretrain_weight/ghostnet/seed_43/run_20260511-135748/best_checkpoint.pth
Epoch[2/200] Train Loss: 0.9923, Train Acc: 66.60%
Epoch[2/200] Val Loss: 1.0370, Val Acc: 66.07%
Validation accuracy improved (63.2589 -> 66.0714).
Saved checkpoint: /media/icnlab/Data/Thang/plan_dieases/context_moe/checkpoints/plantdoc/pretrain_weight/ghostnet/seed_43/run_20260511-135748/best_checkpoint.pth
Epoch[3/200] Train Loss: 0.7578, Train Acc: 74.53%
Epoch[3/200] Val Loss: 1.1323, Val Acc: 68.44%
Validation accuracy improved (66.0714 -> 68.4375).
Saved checkpoint: /media/icnlab/Data/Thang/plan_dieases/context_moe/checkpoints/plantdoc/pretrain_weight/ghostnet/seed_43/run_20260511-135748/best_checkpoint.pth
Epoch[4/200] Train Loss: 0.6108, Train Acc: 77.81%
Epoch[4/200] Val Loss: 0.9040, Val Acc: 70.45%
Validation accuracy improved (68.4375 -> 70.4464).
Saved checkpoint: /media/icnlab/Data/Thang/plan_dieases/context_moe/checkpoints/plantdoc/pretrain_weight/ghostnet/seed_43/run_20260511-135748/best_checkpoint.pth
Epoch[5/200] Train Loss: 0.4747, Train Acc: 83.74%
Epoch[5/200] Val Loss: 0.9988, Val Acc: 70.62%
Validation accuracy improved (70.4464 -> 70.6250).
Saved checkpoint: /media/icnlab/Data/Thang/plan_dieases/context_moe/checkpoints/plantdoc/pretrain_weight/ghostnet/seed_43/run_20260511-135748/best_checkpoint.pth
Epoch[6/200] Train Loss: 0.4727, Train Acc: 83.69%
Epoch[6/200] Val Loss: 1.1610, Val Acc: 71.96%
Validation accuracy improved (70.6250 -> 71.9643).
Saved checkpoint: /media/icnlab/Data/Thang/plan_dieases/context_moe/checkpoints/plantdoc/pretrain_weight/ghostnet/seed_43/run_20260511-135748/best_checkpoint.pth
Epoch[7/200] Train Loss: 0.3425, Train Acc: 87.67%
Epoch[7/200] Val Loss: 1.1282, Val Acc: 72.59%
Validation accuracy improved (71.9643 -> 72.5893).
Saved checkpoint: /media/icnlab/Data/Thang/plan_dieases/context_moe/checkpoints/plantdoc/pretrain_weight/ghostnet/seed_43/run_20260511-135748/best_checkpoint.pth
Epoch[8/200] Train Loss: 0.3059, Train Acc: 89.61%
Epoch[8/200] Val Loss: 1.2849, Val Acc: 71.34%
No improvement for 1 epoch(s).
Epoch[9/200] Train Loss: 0.3051, Train Acc: 89.68%
Epoch[9/200] Val Loss: 1.3100, Val Acc: 69.69%
No improvement for 2 epoch(s).
Epoch[10/200] Train Loss: 0.3040, Train Acc: 89.78%
Epoch[10/200] Val Loss: 1.1590, Val Acc: 74.78%
Validation accuracy improved (72.5893 -> 74.7768).
Saved checkpoint: /media/icnlab/Data/Thang/plan_dieases/context_moe/checkpoints/plantdoc/pretrain_weight/ghostnet/seed_43/run_20260511-135748/best_checkpoint.pth
Epoch[11/200] Train Loss: 0.2326, Train Acc: 92.30%
Epoch[11/200] Val Loss: 1.2272, Val Acc: 76.21%
Validation accuracy improved (74.7768 -> 76.2054).
Saved checkpoint: /media/icnlab/Data/Thang/plan_dieases/context_moe/checkpoints/plantdoc/pretrain_weight/ghostnet/seed_43/run_20260511-135748/best_checkpoint.pth
Epoch[12/200] Train Loss: 0.2260, Train Acc: 92.04%
Epoch[12/200] Val Loss: 1.1770, Val Acc: 75.80%
No improvement for 1 epoch(s).
Epoch[13/200] Train Loss: 0.1912, Train Acc: 93.21%
Epoch[13/200] Val Loss: 1.2063, Val Acc: 79.11%
Validation accuracy improved (76.2054 -> 79.1071).
Saved checkpoint: /media/icnlab/Data/Thang/plan_dieases/context_moe/checkpoints/plantdoc/pretrain_weight/ghostnet/seed_43/run_20260511-135748/best_checkpoint.pth
Epoch[14/200] Train Loss: 0.1729, Train Acc: 94.06%
Epoch[14/200] Val Loss: 1.2183, Val Acc: 78.26%
No improvement for 1 epoch(s).
Epoch[15/200] Train Loss: 0.1689, Train Acc: 94.42%
Epoch[15/200] Val Loss: 1.0389, Val Acc: 77.77%
No improvement for 2 epoch(s).
Epoch[16/200] Train Loss: 0.1362, Train Acc: 95.28%
Epoch[16/200] Val Loss: 1.3804, Val Acc: 72.59%
No improvement for 3 epoch(s).
Epoch[17/200] Train Loss: 0.1089, Train Acc: 95.76%
Epoch[17/200] Val Loss: 1.1851, Val Acc: 80.27%
Validation accuracy improved (79.1071 -> 80.2679).
Saved checkpoint: /media/icnlab/Data/Thang/plan_dieases/context_moe/checkpoints/plantdoc/pretrain_weight/ghostnet/seed_43/run_20260511-135748/best_checkpoint.pth
Epoch[18/200] Train Loss: 0.1211, Train Acc: 95.68%
Epoch[18/200] Val Loss: 1.3946, Val Acc: 77.46%
No improvement for 1 epoch(s).
Epoch[19/200] Train Loss: 0.1305, Train Acc: 95.54%
Epoch[19/200] Val Loss: 1.3309, Val Acc: 75.54%
No improvement for 2 epoch(s).
Epoch[20/200] Train Loss: 0.1529, Train Acc: 95.23%
Epoch[20/200] Val Loss: 1.1881, Val Acc: 75.80%
No improvement for 3 epoch(s).
Epoch[21/200] Train Loss: 0.1621, Train Acc: 94.28%
Epoch[21/200] Val Loss: 1.5311, Val Acc: 72.50%
No improvement for 4 epoch(s).
Epoch[22/200] Train Loss: 0.1105, Train Acc: 96.06%
Epoch[22/200] Val Loss: 1.0271, Val Acc: 80.98%
Validation accuracy improved (80.2679 -> 80.9821).
Saved checkpoint: /media/icnlab/Data/Thang/plan_dieases/context_moe/checkpoints/plantdoc/pretrain_weight/ghostnet/seed_43/run_20260511-135748/best_checkpoint.pth
Epoch[23/200] Train Loss: 0.1107, Train Acc: 96.23%
Epoch[23/200] Val Loss: 1.3518, Val Acc: 80.04%
No improvement for 1 epoch(s).
Epoch[24/200] Train Loss: 0.1534, Train Acc: 94.90%
Epoch[24/200] Val Loss: 1.3036, Val Acc: 76.03%
No improvement for 2 epoch(s).
Epoch[25/200] Train Loss: 0.0977, Train Acc: 96.61%
Epoch[25/200] Val Loss: 1.2344, Val Acc: 78.93%
No improvement for 3 epoch(s).
Epoch[26/200] Train Loss: 0.0700, Train Acc: 97.27%
Epoch[26/200] Val Loss: 1.3601, Val Acc: 77.14%
No improvement for 4 epoch(s).
Epoch[27/200] Train Loss: 0.0560, Train Acc: 97.92%
Epoch[27/200] Val Loss: 1.2196, Val Acc: 79.24%
No improvement for 5 epoch(s).
Epoch[28/200] Train Loss: 0.0391, Train Acc: 98.70%
Epoch[28/200] Val Loss: 1.2823, Val Acc: 79.96%
No improvement for 6 epoch(s).
Epoch[29/200] Train Loss: 0.0415, Train Acc: 98.62%
Epoch[29/200] Val Loss: 1.2072, Val Acc: 79.02%
No improvement for 7 epoch(s).
Epoch[30/200] Train Loss: 0.0714, Train Acc: 97.40%
Epoch[30/200] Val Loss: 1.2757, Val Acc: 79.46%
No improvement for 8 epoch(s).
Epoch[31/200] Train Loss: 0.1115, Train Acc: 96.53%
Epoch[31/200] Val Loss: 1.3245, Val Acc: 78.39%
No improvement for 9 epoch(s).
Epoch[32/200] Train Loss: 0.0825, Train Acc: 96.79%
Epoch[32/200] Val Loss: 1.2234, Val Acc: 79.33%
No improvement for 10 epoch(s).
Epoch[33/200] Train Loss: 0.1047, Train Acc: 96.34%
Epoch[33/200] Val Loss: 1.4834, Val Acc: 76.79%
No improvement for 11 epoch(s).
Epoch[34/200] Train Loss: 0.0684, Train Acc: 97.61%
Epoch[34/200] Val Loss: 1.2643, Val Acc: 80.27%
No improvement for 12 epoch(s).
Epoch[35/200] Train Loss: 0.0303, Train Acc: 99.26%
Epoch[35/200] Val Loss: 1.2407, Val Acc: 80.36%
No improvement for 13 epoch(s).
Epoch[36/200] Train Loss: 0.0251, Train Acc: 98.88%
Epoch[36/200] Val Loss: 1.3866, Val Acc: 80.58%
No improvement for 14 epoch(s).
Epoch[37/200] Train Loss: 0.0225, Train Acc: 99.31%
Epoch[37/200] Val Loss: 1.3273, Val Acc: 81.92%
Validation accuracy improved (80.9821 -> 81.9196).
Saved checkpoint: /media/icnlab/Data/Thang/plan_dieases/context_moe/checkpoints/plantdoc/pretrain_weight/ghostnet/seed_43/run_20260511-135748/best_checkpoint.pth
Epoch[38/200] Train Loss: 0.0194, Train Acc: 99.31%
Epoch[38/200] Val Loss: 1.2374, Val Acc: 82.86%
Validation accuracy improved (81.9196 -> 82.8571).
Saved checkpoint: /media/icnlab/Data/Thang/plan_dieases/context_moe/checkpoints/plantdoc/pretrain_weight/ghostnet/seed_43/run_20260511-135748/best_checkpoint.pth
Epoch[39/200] Train Loss: 0.0153, Train Acc: 99.22%
Epoch[39/200] Val Loss: 1.2816, Val Acc: 81.61%
No improvement for 1 epoch(s).
Epoch[40/200] Train Loss: 0.0139, Train Acc: 99.61%
Epoch[40/200] Val Loss: 1.2788, Val Acc: 82.14%
No improvement for 2 epoch(s).
Epoch[41/200] Train Loss: 0.0114, Train Acc: 99.53%
Epoch[41/200] Val Loss: 1.4781, Val Acc: 82.54%
No improvement for 3 epoch(s).
Epoch[42/200] Train Loss: 0.0128, Train Acc: 99.52%
Epoch[42/200] Val Loss: 1.5217, Val Acc: 80.27%
No improvement for 4 epoch(s).
Epoch[43/200] Train Loss: 0.0186, Train Acc: 99.35%
Epoch[43/200] Val Loss: 1.4738, Val Acc: 80.27%
No improvement for 5 epoch(s).
Epoch[44/200] Train Loss: 0.0207, Train Acc: 99.18%
Epoch[44/200] Val Loss: 1.3156, Val Acc: 81.29%
No improvement for 6 epoch(s).
Epoch[45/200] Train Loss: 0.0256, Train Acc: 99.15%
Epoch[45/200] Val Loss: 1.5087, Val Acc: 80.67%
No improvement for 7 epoch(s).
Epoch[46/200] Train Loss: 0.0578, Train Acc: 98.22%
Epoch[46/200] Val Loss: 1.3976, Val Acc: 80.49%
No improvement for 8 epoch(s).
Epoch[47/200] Train Loss: 0.0218, Train Acc: 99.26%
Epoch[47/200] Val Loss: 1.3637, Val Acc: 80.58%
No improvement for 9 epoch(s).
Epoch[48/200] Train Loss: 0.0167, Train Acc: 99.61%
Epoch[48/200] Val Loss: 1.3612, Val Acc: 82.14%
No improvement for 10 epoch(s).
Epoch[49/200] Train Loss: 0.0239, Train Acc: 98.97%
Epoch[49/200] Val Loss: 1.3521, Val Acc: 81.21%
No improvement for 11 epoch(s).
Epoch[50/200] Train Loss: 0.0203, Train Acc: 98.91%
Epoch[50/200] Val Loss: 1.3507, Val Acc: 80.18%
No improvement for 12 epoch(s).
Epoch[51/200] Train Loss: 0.0110, Train Acc: 99.48%
Epoch[51/200] Val Loss: 1.3393, Val Acc: 82.14%
No improvement for 13 epoch(s).
Epoch[52/200] Train Loss: 0.0171, Train Acc: 99.70%
Epoch[52/200] Val Loss: 1.2719, Val Acc: 82.46%
No improvement for 14 epoch(s).
Epoch[53/200] Train Loss: 0.0149, Train Acc: 99.31%
Epoch[53/200] Val Loss: 1.2851, Val Acc: 83.08%
Validation accuracy improved (82.8571 -> 83.0804).
Saved checkpoint: /media/icnlab/Data/Thang/plan_dieases/context_moe/checkpoints/plantdoc/pretrain_weight/ghostnet/seed_43/run_20260511-135748/best_checkpoint.pth
Epoch[54/200] Train Loss: 0.0070, Train Acc: 99.78%
Epoch[54/200] Val Loss: 1.2855, Val Acc: 83.71%
Validation accuracy improved (83.0804 -> 83.7054).
Saved checkpoint: /media/icnlab/Data/Thang/plan_dieases/context_moe/checkpoints/plantdoc/pretrain_weight/ghostnet/seed_43/run_20260511-135748/best_checkpoint.pth
Epoch[55/200] Train Loss: 0.0058, Train Acc: 99.78%
Epoch[55/200] Val Loss: 1.3312, Val Acc: 82.46%
No improvement for 1 epoch(s).
Epoch[56/200] Train Loss: 0.0091, Train Acc: 99.74%
Epoch[56/200] Val Loss: 1.3633, Val Acc: 81.52%
No improvement for 2 epoch(s).
Epoch[57/200] Train Loss: 0.0058, Train Acc: 99.70%
Epoch[57/200] Val Loss: 1.3794, Val Acc: 81.83%
No improvement for 3 epoch(s).
Epoch[58/200] Train Loss: 0.0097, Train Acc: 99.70%
Epoch[58/200] Val Loss: 1.3384, Val Acc: 82.14%
No improvement for 4 epoch(s).
Epoch[59/200] Train Loss: 0.0059, Train Acc: 99.66%
Epoch[59/200] Val Loss: 1.3349, Val Acc: 81.83%
No improvement for 5 epoch(s).
Epoch[60/200] Train Loss: 0.0070, Train Acc: 99.70%
Epoch[60/200] Val Loss: 1.3670, Val Acc: 82.46%
No improvement for 6 epoch(s).
Epoch[61/200] Train Loss: 0.0090, Train Acc: 99.66%
Epoch[61/200] Val Loss: 1.4493, Val Acc: 79.96%
No improvement for 7 epoch(s).
Epoch[62/200] Train Loss: 0.0054, Train Acc: 99.83%
Epoch[62/200] Val Loss: 1.4117, Val Acc: 80.89%
No improvement for 8 epoch(s).
Epoch[63/200] Train Loss: 0.0055, Train Acc: 99.74%
Epoch[63/200] Val Loss: 1.4683, Val Acc: 80.80%
No improvement for 9 epoch(s).
Epoch[64/200] Train Loss: 0.0056, Train Acc: 99.78%
Epoch[64/200] Val Loss: 1.5160, Val Acc: 80.49%
No improvement for 10 epoch(s).
Epoch[65/200] Train Loss: 0.0035, Train Acc: 99.91%
Epoch[65/200] Val Loss: 1.5012, Val Acc: 80.49%
No improvement for 11 epoch(s).
Epoch[66/200] Train Loss: 0.0044, Train Acc: 99.78%
Epoch[66/200] Val Loss: 1.5109, Val Acc: 80.18%
No improvement for 12 epoch(s).
Epoch[67/200] Train Loss: 0.0049, Train Acc: 99.74%
Epoch[67/200] Val Loss: 1.5004, Val Acc: 80.58%
No improvement for 13 epoch(s).
Epoch[68/200] Train Loss: 0.0041, Train Acc: 99.83%
Epoch[68/200] Val Loss: 1.4800, Val Acc: 80.58%
No improvement for 14 epoch(s).
Epoch[69/200] Train Loss: 0.0052, Train Acc: 99.70%
Epoch[69/200] Val Loss: 1.4715, Val Acc: 80.89%
No improvement for 15 epoch(s).
Epoch[70/200] Train Loss: 0.0049, Train Acc: 99.78%
Epoch[70/200] Val Loss: 1.4501, Val Acc: 80.89%
No improvement for 16 epoch(s).
Epoch[71/200] Train Loss: 0.0027, Train Acc: 99.91%
Epoch[71/200] Val Loss: 1.4645, Val Acc: 80.18%
No improvement for 17 epoch(s).
Epoch[72/200] Train Loss: 0.0043, Train Acc: 99.83%
Epoch[72/200] Val Loss: 1.4479, Val Acc: 80.58%
No improvement for 18 epoch(s).
Epoch[73/200] Train Loss: 0.0059, Train Acc: 99.66%
Epoch[73/200] Val Loss: 1.4994, Val Acc: 80.49%
No improvement for 19 epoch(s).
Epoch[74/200] Train Loss: 0.0037, Train Acc: 99.91%
Epoch[74/200] Val Loss: 1.5139, Val Acc: 79.55%
No improvement for 20 epoch(s).
Epoch[75/200] Train Loss: 0.0030, Train Acc: 99.91%
Epoch[75/200] Val Loss: 1.5259, Val Acc: 79.55%
No improvement for 21 epoch(s).
Epoch[76/200] Train Loss: 0.0040, Train Acc: 99.91%
Epoch[76/200] Val Loss: 1.5003, Val Acc: 80.58%
No improvement for 22 epoch(s).
Epoch[77/200] Train Loss: 0.0076, Train Acc: 99.83%
Epoch[77/200] Val Loss: 1.5167, Val Acc: 80.18%
No improvement for 23 epoch(s).
Epoch[78/200] Train Loss: 0.0039, Train Acc: 99.78%
Epoch[78/200] Val Loss: 1.5169, Val Acc: 80.89%
No improvement for 24 epoch(s).
Epoch[79/200] Train Loss: 0.0030, Train Acc: 99.83%
Epoch[79/200] Val Loss: 1.5378, Val Acc: 80.89%
No improvement for 25 epoch(s).
Epoch[80/200] Train Loss: 0.0035, Train Acc: 99.78%
Epoch[80/200] Val Loss: 1.5074, Val Acc: 80.89%
No improvement for 26 epoch(s).
Epoch[81/200] Train Loss: 0.0029, Train Acc: 99.87%
Epoch[81/200] Val Loss: 1.5238, Val Acc: 80.89%
No improvement for 27 epoch(s).
Epoch[82/200] Train Loss: 0.0032, Train Acc: 99.87%
Epoch[82/200] Val Loss: 1.5234, Val Acc: 81.21%
No improvement for 28 epoch(s).
Epoch[83/200] Train Loss: 0.0030, Train Acc: 99.83%
Epoch[83/200] Val Loss: 1.5174, Val Acc: 80.18%
No improvement for 29 epoch(s).
Epoch[84/200] Train Loss: 0.0032, Train Acc: 99.87%
Epoch[84/200] Val Loss: 1.5058, Val Acc: 80.80%
No improvement for 30 epoch(s).
Epoch[85/200] Train Loss: 0.0047, Train Acc: 99.87%
Epoch[85/200] Val Loss: 1.5249, Val Acc: 80.18%
No improvement for 31 epoch(s).
Epoch[86/200] Train Loss: 0.0026, Train Acc: 99.91%
Epoch[86/200] Val Loss: 1.5220, Val Acc: 81.21%
No improvement for 32 epoch(s).
Epoch[87/200] Train Loss: 0.0022, Train Acc: 99.91%
Epoch[87/200] Val Loss: 1.5438, Val Acc: 81.83%
No improvement for 33 epoch(s).
Epoch[88/200] Train Loss: 0.0030, Train Acc: 99.91%
Epoch[88/200] Val Loss: 1.5258, Val Acc: 80.80%
No improvement for 34 epoch(s).
Epoch[89/200] Train Loss: 0.0030, Train Acc: 99.87%
Epoch[89/200] Val Loss: 1.5000, Val Acc: 82.46%
No improvement for 35 epoch(s).
Epoch[90/200] Train Loss: 0.0021, Train Acc: 99.96%
Epoch[90/200] Val Loss: 1.5353, Val Acc: 82.46%
No improvement for 36 epoch(s).
Epoch[91/200] Train Loss: 0.0048, Train Acc: 99.74%
Epoch[91/200] Val Loss: 1.5567, Val Acc: 81.83%
No improvement for 37 epoch(s).
Epoch[92/200] Train Loss: 0.0025, Train Acc: 99.87%
Epoch[92/200] Val Loss: 1.5515, Val Acc: 80.18%
No improvement for 38 epoch(s).
Epoch[93/200] Train Loss: 0.0030, Train Acc: 99.91%
Epoch[93/200] Val Loss: 1.5306, Val Acc: 81.83%
No improvement for 39 epoch(s).
Epoch[94/200] Train Loss: 0.0035, Train Acc: 99.87%
Epoch[94/200] Val Loss: 1.5198, Val Acc: 81.21%
No improvement for 40 epoch(s).
Epoch[95/200] Train Loss: 0.0038, Train Acc: 99.83%
Epoch[95/200] Val Loss: 1.5215, Val Acc: 80.49%
No improvement for 41 epoch(s).
Epoch[96/200] Train Loss: 0.0042, Train Acc: 99.87%
Epoch[96/200] Val Loss: 1.5301, Val Acc: 80.58%
No improvement for 42 epoch(s).
Epoch[97/200] Train Loss: 0.0026, Train Acc: 99.91%
Epoch[97/200] Val Loss: 1.5714, Val Acc: 81.52%
No improvement for 43 epoch(s).
Epoch[98/200] Train Loss: 0.0023, Train Acc: 99.87%
Epoch[98/200] Val Loss: 1.5527, Val Acc: 80.49%
No improvement for 44 epoch(s).
Epoch[99/200] Train Loss: 0.0030, Train Acc: 99.96%
Epoch[99/200] Val Loss: 1.5816, Val Acc: 79.87%
No improvement for 45 epoch(s).
Epoch[100/200] Train Loss: 0.0032, Train Acc: 99.87%
Epoch[100/200] Val Loss: 1.5411, Val Acc: 81.21%
No improvement for 46 epoch(s).
Epoch[101/200] Train Loss: 0.0027, Train Acc: 99.87%
Epoch[101/200] Val Loss: 1.5392, Val Acc: 80.89%
No improvement for 47 epoch(s).
Epoch[102/200] Train Loss: 0.0037, Train Acc: 99.87%
Epoch[102/200] Val Loss: 1.5300, Val Acc: 81.21%
No improvement for 48 epoch(s).
Epoch[103/200] Train Loss: 0.0030, Train Acc: 99.78%
Epoch[103/200] Val Loss: 1.5466, Val Acc: 81.21%
No improvement for 49 epoch(s).
Epoch[104/200] Train Loss: 0.0029, Train Acc: 99.83%
Epoch[104/200] Val Loss: 1.5598, Val Acc: 81.21%
No improvement for 50 epoch(s).
Early stopping triggered. No improvement in validation acc for 50 epochs.
Saved checkpoint: /media/icnlab/Data/Thang/plan_dieases/context_moe/checkpoints/plantdoc/pretrain_weight/ghostnet/seed_43/run_20260511-135748/last_checkpoint.pth
Training finished. Best val acc: 83.7054 at epoch 54
Saved training plot to /media/icnlab/Data/Thang/plan_dieases/context_moe/checkpoints/plantdoc/pretrain_weight/ghostnet/seed_43/run_20260511-135748/loss_acc_plot.png
