Epoch[1/200] Train Loss: 1.4205, Train Acc: 50.04%
Epoch[1/200] Val Loss: 1.1582, Val Acc: 62.86%
Validation accuracy improved (-inf -> 62.8571).
Saved checkpoint: /media/icnlab/Data/Thang/plan_dieases/context_moe/checkpoints/plantdoc/pretrain_weight/ghostnet/seed_46/run_20260511-160821/best_checkpoint.pth
Epoch[2/200] Train Loss: 0.9361, Train Acc: 68.41%
Epoch[2/200] Val Loss: 0.9917, Val Acc: 68.04%
Validation accuracy improved (62.8571 -> 68.0357).
Saved checkpoint: /media/icnlab/Data/Thang/plan_dieases/context_moe/checkpoints/plantdoc/pretrain_weight/ghostnet/seed_46/run_20260511-160821/best_checkpoint.pth
Epoch[3/200] Train Loss: 0.7581, Train Acc: 75.07%
Epoch[3/200] Val Loss: 0.9793, Val Acc: 70.31%
Validation accuracy improved (68.0357 -> 70.3125).
Saved checkpoint: /media/icnlab/Data/Thang/plan_dieases/context_moe/checkpoints/plantdoc/pretrain_weight/ghostnet/seed_46/run_20260511-160821/best_checkpoint.pth
Epoch[4/200] Train Loss: 0.6196, Train Acc: 79.29%
Epoch[4/200] Val Loss: 1.0968, Val Acc: 66.07%
No improvement for 1 epoch(s).
Epoch[5/200] Train Loss: 0.5099, Train Acc: 82.48%
Epoch[5/200] Val Loss: 1.0568, Val Acc: 70.49%
Validation accuracy improved (70.3125 -> 70.4911).
Saved checkpoint: /media/icnlab/Data/Thang/plan_dieases/context_moe/checkpoints/plantdoc/pretrain_weight/ghostnet/seed_46/run_20260511-160821/best_checkpoint.pth
Epoch[6/200] Train Loss: 0.4016, Train Acc: 86.85%
Epoch[6/200] Val Loss: 1.1804, Val Acc: 68.66%
No improvement for 1 epoch(s).
Epoch[7/200] Train Loss: 0.3972, Train Acc: 85.46%
Epoch[7/200] Val Loss: 1.1376, Val Acc: 71.79%
Validation accuracy improved (70.4911 -> 71.7857).
Saved checkpoint: /media/icnlab/Data/Thang/plan_dieases/context_moe/checkpoints/plantdoc/pretrain_weight/ghostnet/seed_46/run_20260511-160821/best_checkpoint.pth
Epoch[8/200] Train Loss: 0.2870, Train Acc: 89.16%
Epoch[8/200] Val Loss: 1.0992, Val Acc: 75.71%
Validation accuracy improved (71.7857 -> 75.7143).
Saved checkpoint: /media/icnlab/Data/Thang/plan_dieases/context_moe/checkpoints/plantdoc/pretrain_weight/ghostnet/seed_46/run_20260511-160821/best_checkpoint.pth
Epoch[9/200] Train Loss: 0.2879, Train Acc: 90.03%
Epoch[9/200] Val Loss: 1.2926, Val Acc: 71.83%
No improvement for 1 epoch(s).
Epoch[10/200] Train Loss: 0.2336, Train Acc: 92.55%
Epoch[10/200] Val Loss: 1.2767, Val Acc: 71.65%
No improvement for 2 epoch(s).
Epoch[11/200] Train Loss: 0.2446, Train Acc: 91.94%
Epoch[11/200] Val Loss: 1.2290, Val Acc: 75.58%
No improvement for 3 epoch(s).
Epoch[12/200] Train Loss: 0.2891, Train Acc: 89.70%
Epoch[12/200] Val Loss: 1.5371, Val Acc: 71.03%
No improvement for 4 epoch(s).
Epoch[13/200] Train Loss: 0.2338, Train Acc: 91.86%
Epoch[13/200] Val Loss: 0.9496, Val Acc: 78.39%
Validation accuracy improved (75.7143 -> 78.3929).
Saved checkpoint: /media/icnlab/Data/Thang/plan_dieases/context_moe/checkpoints/plantdoc/pretrain_weight/ghostnet/seed_46/run_20260511-160821/best_checkpoint.pth
Epoch[14/200] Train Loss: 0.1558, Train Acc: 94.58%
Epoch[14/200] Val Loss: 1.0487, Val Acc: 80.58%
Validation accuracy improved (78.3929 -> 80.5804).
Saved checkpoint: /media/icnlab/Data/Thang/plan_dieases/context_moe/checkpoints/plantdoc/pretrain_weight/ghostnet/seed_46/run_20260511-160821/best_checkpoint.pth
Epoch[15/200] Train Loss: 0.1142, Train Acc: 95.75%
Epoch[15/200] Val Loss: 1.2694, Val Acc: 78.30%
No improvement for 1 epoch(s).
Epoch[16/200] Train Loss: 0.1922, Train Acc: 93.20%
Epoch[16/200] Val Loss: 1.3962, Val Acc: 75.71%
No improvement for 2 epoch(s).
Epoch[17/200] Train Loss: 0.1706, Train Acc: 93.73%
Epoch[17/200] Val Loss: 1.4923, Val Acc: 74.15%
No improvement for 3 epoch(s).
Epoch[18/200] Train Loss: 0.2170, Train Acc: 92.57%
Epoch[18/200] Val Loss: 1.1274, Val Acc: 76.74%
No improvement for 4 epoch(s).
Epoch[19/200] Train Loss: 0.1496, Train Acc: 95.07%
Epoch[19/200] Val Loss: 1.1051, Val Acc: 78.93%
No improvement for 5 epoch(s).
Epoch[20/200] Train Loss: 0.1054, Train Acc: 96.19%
Epoch[20/200] Val Loss: 1.2472, Val Acc: 79.02%
No improvement for 6 epoch(s).
Epoch[21/200] Train Loss: 0.1301, Train Acc: 95.75%
Epoch[21/200] Val Loss: 1.2770, Val Acc: 79.06%
No improvement for 7 epoch(s).
Epoch[22/200] Train Loss: 0.1215, Train Acc: 95.85%
Epoch[22/200] Val Loss: 1.1990, Val Acc: 75.71%
No improvement for 8 epoch(s).
Epoch[23/200] Train Loss: 0.1202, Train Acc: 95.84%
Epoch[23/200] Val Loss: 1.0739, Val Acc: 79.11%
No improvement for 9 epoch(s).
Epoch[24/200] Train Loss: 0.0963, Train Acc: 96.57%
Epoch[24/200] Val Loss: 0.9443, Val Acc: 80.36%
No improvement for 10 epoch(s).
Epoch[25/200] Train Loss: 0.0954, Train Acc: 96.32%
Epoch[25/200] Val Loss: 1.1987, Val Acc: 78.71%
No improvement for 11 epoch(s).
Epoch[26/200] Train Loss: 0.0587, Train Acc: 97.79%
Epoch[26/200] Val Loss: 1.2102, Val Acc: 80.04%
No improvement for 12 epoch(s).
Epoch[27/200] Train Loss: 0.0400, Train Acc: 98.50%
Epoch[27/200] Val Loss: 1.0676, Val Acc: 80.04%
No improvement for 13 epoch(s).
Epoch[28/200] Train Loss: 0.0247, Train Acc: 99.05%
Epoch[28/200] Val Loss: 1.0569, Val Acc: 81.92%
Validation accuracy improved (80.5804 -> 81.9196).
Saved checkpoint: /media/icnlab/Data/Thang/plan_dieases/context_moe/checkpoints/plantdoc/pretrain_weight/ghostnet/seed_46/run_20260511-160821/best_checkpoint.pth
Epoch[29/200] Train Loss: 0.0292, Train Acc: 99.09%
Epoch[29/200] Val Loss: 1.0497, Val Acc: 82.86%
Validation accuracy improved (81.9196 -> 82.8571).
Saved checkpoint: /media/icnlab/Data/Thang/plan_dieases/context_moe/checkpoints/plantdoc/pretrain_weight/ghostnet/seed_46/run_20260511-160821/best_checkpoint.pth
Epoch[30/200] Train Loss: 0.0237, Train Acc: 99.09%
Epoch[30/200] Val Loss: 1.1029, Val Acc: 82.54%
No improvement for 1 epoch(s).
Epoch[31/200] Train Loss: 0.0228, Train Acc: 99.22%
Epoch[31/200] Val Loss: 0.9940, Val Acc: 82.86%
No improvement for 2 epoch(s).
Epoch[32/200] Train Loss: 0.0171, Train Acc: 99.22%
Epoch[32/200] Val Loss: 1.1709, Val Acc: 82.54%
No improvement for 3 epoch(s).
Epoch[33/200] Train Loss: 0.0294, Train Acc: 99.10%
Epoch[33/200] Val Loss: 1.1482, Val Acc: 82.23%
No improvement for 4 epoch(s).
Epoch[34/200] Train Loss: 0.0201, Train Acc: 99.27%
Epoch[34/200] Val Loss: 1.1252, Val Acc: 82.54%
No improvement for 5 epoch(s).
Epoch[35/200] Train Loss: 0.0140, Train Acc: 99.39%
Epoch[35/200] Val Loss: 1.0723, Val Acc: 83.79%
Validation accuracy improved (82.8571 -> 83.7946).
Saved checkpoint: /media/icnlab/Data/Thang/plan_dieases/context_moe/checkpoints/plantdoc/pretrain_weight/ghostnet/seed_46/run_20260511-160821/best_checkpoint.pth
Epoch[36/200] Train Loss: 0.0131, Train Acc: 99.44%
Epoch[36/200] Val Loss: 1.1158, Val Acc: 82.54%
No improvement for 1 epoch(s).
Epoch[37/200] Train Loss: 0.0123, Train Acc: 99.48%
Epoch[37/200] Val Loss: 1.1730, Val Acc: 83.48%
No improvement for 2 epoch(s).
Epoch[38/200] Train Loss: 0.0108, Train Acc: 99.52%
Epoch[38/200] Val Loss: 1.1816, Val Acc: 83.17%
No improvement for 3 epoch(s).
Epoch[39/200] Train Loss: 0.0127, Train Acc: 99.48%
Epoch[39/200] Val Loss: 1.1997, Val Acc: 83.17%
No improvement for 4 epoch(s).
Epoch[40/200] Train Loss: 0.0276, Train Acc: 99.09%
Epoch[40/200] Val Loss: 1.2547, Val Acc: 82.86%
No improvement for 5 epoch(s).
Epoch[41/200] Train Loss: 0.0222, Train Acc: 98.96%
Epoch[41/200] Val Loss: 1.3098, Val Acc: 80.89%
No improvement for 6 epoch(s).
Epoch[42/200] Train Loss: 0.0239, Train Acc: 99.05%
Epoch[42/200] Val Loss: 1.2726, Val Acc: 82.54%
No improvement for 7 epoch(s).
Epoch[43/200] Train Loss: 0.0174, Train Acc: 99.48%
Epoch[43/200] Val Loss: 1.3091, Val Acc: 80.98%
No improvement for 8 epoch(s).
Epoch[44/200] Train Loss: 0.0184, Train Acc: 99.22%
Epoch[44/200] Val Loss: 1.4433, Val Acc: 81.52%
No improvement for 9 epoch(s).
Epoch[45/200] Train Loss: 0.0184, Train Acc: 99.09%
Epoch[45/200] Val Loss: 1.4006, Val Acc: 81.52%
No improvement for 10 epoch(s).
Epoch[46/200] Train Loss: 0.0176, Train Acc: 99.22%
Epoch[46/200] Val Loss: 1.4416, Val Acc: 80.89%
No improvement for 11 epoch(s).
Epoch[47/200] Train Loss: 0.0107, Train Acc: 99.61%
Epoch[47/200] Val Loss: 1.4568, Val Acc: 80.89%
No improvement for 12 epoch(s).
Epoch[48/200] Train Loss: 0.0106, Train Acc: 99.44%
Epoch[48/200] Val Loss: 1.5105, Val Acc: 80.58%
No improvement for 13 epoch(s).
Epoch[49/200] Train Loss: 0.0058, Train Acc: 99.74%
Epoch[49/200] Val Loss: 1.5045, Val Acc: 81.52%
No improvement for 14 epoch(s).
Epoch[50/200] Train Loss: 0.0102, Train Acc: 99.57%
Epoch[50/200] Val Loss: 1.4952, Val Acc: 82.14%
No improvement for 15 epoch(s).
Epoch[51/200] Train Loss: 0.0100, Train Acc: 99.61%
Epoch[51/200] Val Loss: 1.5055, Val Acc: 82.46%
No improvement for 16 epoch(s).
Epoch[52/200] Train Loss: 0.0121, Train Acc: 99.53%
Epoch[52/200] Val Loss: 1.4720, Val Acc: 82.14%
No improvement for 17 epoch(s).
Epoch[53/200] Train Loss: 0.0117, Train Acc: 99.57%
Epoch[53/200] Val Loss: 1.4959, Val Acc: 82.46%
No improvement for 18 epoch(s).
Epoch[54/200] Train Loss: 0.0130, Train Acc: 99.61%
Epoch[54/200] Val Loss: 1.5374, Val Acc: 81.83%
No improvement for 19 epoch(s).
Epoch[55/200] Train Loss: 0.0120, Train Acc: 99.48%
Epoch[55/200] Val Loss: 1.4487, Val Acc: 81.83%
No improvement for 20 epoch(s).
Epoch[56/200] Train Loss: 0.0167, Train Acc: 99.35%
Epoch[56/200] Val Loss: 1.4300, Val Acc: 83.48%
No improvement for 21 epoch(s).
Epoch[57/200] Train Loss: 0.0109, Train Acc: 99.70%
Epoch[57/200] Val Loss: 1.4630, Val Acc: 81.21%
No improvement for 22 epoch(s).
Epoch[58/200] Train Loss: 0.0075, Train Acc: 99.65%
Epoch[58/200] Val Loss: 1.4686, Val Acc: 81.21%
No improvement for 23 epoch(s).
Epoch[59/200] Train Loss: 0.0125, Train Acc: 99.65%
Epoch[59/200] Val Loss: 1.4738, Val Acc: 82.14%
No improvement for 24 epoch(s).
Epoch[60/200] Train Loss: 0.0058, Train Acc: 99.78%
Epoch[60/200] Val Loss: 1.4508, Val Acc: 81.83%
No improvement for 25 epoch(s).
Epoch[61/200] Train Loss: 0.0074, Train Acc: 99.70%
Epoch[61/200] Val Loss: 1.4455, Val Acc: 81.92%
No improvement for 26 epoch(s).
Epoch[62/200] Train Loss: 0.0065, Train Acc: 99.74%
Epoch[62/200] Val Loss: 1.4433, Val Acc: 81.92%
No improvement for 27 epoch(s).
Epoch[63/200] Train Loss: 0.0061, Train Acc: 99.74%
Epoch[63/200] Val Loss: 1.4176, Val Acc: 81.61%
No improvement for 28 epoch(s).
Epoch[64/200] Train Loss: 0.0070, Train Acc: 99.65%
Epoch[64/200] Val Loss: 1.4910, Val Acc: 82.54%
No improvement for 29 epoch(s).
Epoch[65/200] Train Loss: 0.0058, Train Acc: 99.83%
Epoch[65/200] Val Loss: 1.4749, Val Acc: 82.54%
No improvement for 30 epoch(s).
Epoch[66/200] Train Loss: 0.0051, Train Acc: 99.70%
Epoch[66/200] Val Loss: 1.4624, Val Acc: 82.23%
No improvement for 31 epoch(s).
Epoch[67/200] Train Loss: 0.0034, Train Acc: 99.87%
Epoch[67/200] Val Loss: 1.4387, Val Acc: 81.52%
No improvement for 32 epoch(s).
Epoch[68/200] Train Loss: 0.0038, Train Acc: 99.83%
Epoch[68/200] Val Loss: 1.4637, Val Acc: 82.23%
No improvement for 33 epoch(s).
Epoch[69/200] Train Loss: 0.0046, Train Acc: 99.87%
Epoch[69/200] Val Loss: 1.4960, Val Acc: 82.23%
No improvement for 34 epoch(s).
Epoch[70/200] Train Loss: 0.0039, Train Acc: 99.83%
Epoch[70/200] Val Loss: 1.4534, Val Acc: 82.23%
No improvement for 35 epoch(s).
Epoch[71/200] Train Loss: 0.0031, Train Acc: 99.83%
Epoch[71/200] Val Loss: 1.4744, Val Acc: 82.23%
No improvement for 36 epoch(s).
Epoch[72/200] Train Loss: 0.0075, Train Acc: 99.61%
Epoch[72/200] Val Loss: 1.4355, Val Acc: 82.23%
No improvement for 37 epoch(s).
Epoch[73/200] Train Loss: 0.0071, Train Acc: 99.74%
Epoch[73/200] Val Loss: 1.4465, Val Acc: 82.54%
No improvement for 38 epoch(s).
Epoch[74/200] Train Loss: 0.0036, Train Acc: 99.87%
Epoch[74/200] Val Loss: 1.4326, Val Acc: 83.08%
No improvement for 39 epoch(s).
Epoch[75/200] Train Loss: 0.0025, Train Acc: 99.87%
Epoch[75/200] Val Loss: 1.4565, Val Acc: 82.86%
No improvement for 40 epoch(s).
Epoch[76/200] Train Loss: 0.0034, Train Acc: 99.83%
Epoch[76/200] Val Loss: 1.4358, Val Acc: 81.21%
No improvement for 41 epoch(s).
Epoch[77/200] Train Loss: 0.0046, Train Acc: 99.75%
Epoch[77/200] Val Loss: 1.4515, Val Acc: 82.23%
No improvement for 42 epoch(s).
Epoch[78/200] Train Loss: 0.0049, Train Acc: 99.83%
Epoch[78/200] Val Loss: 1.4879, Val Acc: 82.86%
No improvement for 43 epoch(s).
Epoch[79/200] Train Loss: 0.0043, Train Acc: 99.74%
Epoch[79/200] Val Loss: 1.4498, Val Acc: 82.23%
No improvement for 44 epoch(s).
Epoch[80/200] Train Loss: 0.0043, Train Acc: 99.83%
Epoch[80/200] Val Loss: 1.4482, Val Acc: 81.83%
No improvement for 45 epoch(s).
Epoch[81/200] Train Loss: 0.0031, Train Acc: 99.91%
Epoch[81/200] Val Loss: 1.4749, Val Acc: 82.54%
No improvement for 46 epoch(s).
Epoch[82/200] Train Loss: 0.0042, Train Acc: 99.87%
Epoch[82/200] Val Loss: 1.4838, Val Acc: 81.92%
No improvement for 47 epoch(s).
Epoch[83/200] Train Loss: 0.0027, Train Acc: 99.78%
Epoch[83/200] Val Loss: 1.5078, Val Acc: 82.23%
No improvement for 48 epoch(s).
Epoch[84/200] Train Loss: 0.0046, Train Acc: 99.78%
Epoch[84/200] Val Loss: 1.5133, Val Acc: 81.92%
No improvement for 49 epoch(s).
Epoch[85/200] Train Loss: 0.0032, Train Acc: 99.96%
Epoch[85/200] Val Loss: 1.4730, Val Acc: 82.23%
No improvement for 50 epoch(s).
Early stopping triggered. No improvement in validation acc for 50 epochs.
Saved checkpoint: /media/icnlab/Data/Thang/plan_dieases/context_moe/checkpoints/plantdoc/pretrain_weight/ghostnet/seed_46/run_20260511-160821/last_checkpoint.pth
Training finished. Best val acc: 83.7946 at epoch 35
Saved training plot to /media/icnlab/Data/Thang/plan_dieases/context_moe/checkpoints/plantdoc/pretrain_weight/ghostnet/seed_46/run_20260511-160821/loss_acc_plot.png
