Epoch[1/200] Train Loss: 1.3127, Train Acc: 56.44%
Epoch[1/200] Val Loss: 1.1137, Val Acc: 65.22%
Validation accuracy improved (-inf -> 65.2232).
Saved checkpoint: /media/icnlab/Data/Thang/plan_dieases/context_moe/checkpoints/plantdoc/pretrain_weight/shufflenetv2/seed_42/run_20260510-225217/best_checkpoint.pth
Epoch[2/200] Train Loss: 0.8624, Train Acc: 71.05%
Epoch[2/200] Val Loss: 1.0910, Val Acc: 69.06%
Validation accuracy improved (65.2232 -> 69.0625).
Saved checkpoint: /media/icnlab/Data/Thang/plan_dieases/context_moe/checkpoints/plantdoc/pretrain_weight/shufflenetv2/seed_42/run_20260510-225217/best_checkpoint.pth
Epoch[3/200] Train Loss: 0.7068, Train Acc: 76.28%
Epoch[3/200] Val Loss: 0.9557, Val Acc: 70.54%
Validation accuracy improved (69.0625 -> 70.5357).
Saved checkpoint: /media/icnlab/Data/Thang/plan_dieases/context_moe/checkpoints/plantdoc/pretrain_weight/shufflenetv2/seed_42/run_20260510-225217/best_checkpoint.pth
Epoch[4/200] Train Loss: 0.5521, Train Acc: 81.38%
Epoch[4/200] Val Loss: 0.9637, Val Acc: 75.67%
Validation accuracy improved (70.5357 -> 75.6696).
Saved checkpoint: /media/icnlab/Data/Thang/plan_dieases/context_moe/checkpoints/plantdoc/pretrain_weight/shufflenetv2/seed_42/run_20260510-225217/best_checkpoint.pth
Epoch[5/200] Train Loss: 0.4941, Train Acc: 82.93%
Epoch[5/200] Val Loss: 1.0865, Val Acc: 71.03%
No improvement for 1 epoch(s).
Epoch[6/200] Train Loss: 0.4289, Train Acc: 85.20%
Epoch[6/200] Val Loss: 1.0599, Val Acc: 76.74%
Validation accuracy improved (75.6696 -> 76.7411).
Saved checkpoint: /media/icnlab/Data/Thang/plan_dieases/context_moe/checkpoints/plantdoc/pretrain_weight/shufflenetv2/seed_42/run_20260510-225217/best_checkpoint.pth
Epoch[7/200] Train Loss: 0.3947, Train Acc: 86.44%
Epoch[7/200] Val Loss: 0.9908, Val Acc: 72.90%
No improvement for 1 epoch(s).
Epoch[8/200] Train Loss: 0.3574, Train Acc: 88.31%
Epoch[8/200] Val Loss: 0.9424, Val Acc: 78.08%
Validation accuracy improved (76.7411 -> 78.0804).
Saved checkpoint: /media/icnlab/Data/Thang/plan_dieases/context_moe/checkpoints/plantdoc/pretrain_weight/shufflenetv2/seed_42/run_20260510-225217/best_checkpoint.pth
Epoch[9/200] Train Loss: 0.3184, Train Acc: 87.78%
Epoch[9/200] Val Loss: 0.9009, Val Acc: 75.80%
No improvement for 1 epoch(s).
Epoch[10/200] Train Loss: 0.2290, Train Acc: 91.94%
Epoch[10/200] Val Loss: 1.1975, Val Acc: 74.06%
No improvement for 2 epoch(s).
Epoch[11/200] Train Loss: 0.2507, Train Acc: 90.68%
Epoch[11/200] Val Loss: 1.0504, Val Acc: 75.49%
No improvement for 3 epoch(s).
Epoch[12/200] Train Loss: 0.2471, Train Acc: 90.88%
Epoch[12/200] Val Loss: 1.2841, Val Acc: 75.09%
No improvement for 4 epoch(s).
Epoch[13/200] Train Loss: 0.1801, Train Acc: 93.72%
Epoch[13/200] Val Loss: 1.1679, Val Acc: 75.89%
No improvement for 5 epoch(s).
Epoch[14/200] Train Loss: 0.2060, Train Acc: 93.07%
Epoch[14/200] Val Loss: 1.1790, Val Acc: 76.03%
No improvement for 6 epoch(s).
Epoch[15/200] Train Loss: 0.1961, Train Acc: 92.59%
Epoch[15/200] Val Loss: 1.2060, Val Acc: 75.18%
No improvement for 7 epoch(s).
Epoch[16/200] Train Loss: 0.2040, Train Acc: 93.32%
Epoch[16/200] Val Loss: 1.0697, Val Acc: 78.30%
Validation accuracy improved (78.0804 -> 78.3036).
Saved checkpoint: /media/icnlab/Data/Thang/plan_dieases/context_moe/checkpoints/plantdoc/pretrain_weight/shufflenetv2/seed_42/run_20260510-225217/best_checkpoint.pth
Epoch[17/200] Train Loss: 0.1904, Train Acc: 93.50%
Epoch[17/200] Val Loss: 1.1845, Val Acc: 73.53%
No improvement for 1 epoch(s).
Epoch[18/200] Train Loss: 0.1791, Train Acc: 94.24%
Epoch[18/200] Val Loss: 1.1062, Val Acc: 76.43%
No improvement for 2 epoch(s).
Epoch[19/200] Train Loss: 0.1802, Train Acc: 93.59%
Epoch[19/200] Val Loss: 1.2588, Val Acc: 76.65%
No improvement for 3 epoch(s).
Epoch[20/200] Train Loss: 0.1694, Train Acc: 94.37%
Epoch[20/200] Val Loss: 1.0760, Val Acc: 78.30%
No improvement for 4 epoch(s).
Epoch[21/200] Train Loss: 0.1131, Train Acc: 95.46%
Epoch[21/200] Val Loss: 1.1902, Val Acc: 81.61%
Validation accuracy improved (78.3036 -> 81.6071).
Saved checkpoint: /media/icnlab/Data/Thang/plan_dieases/context_moe/checkpoints/plantdoc/pretrain_weight/shufflenetv2/seed_42/run_20260510-225217/best_checkpoint.pth
Epoch[22/200] Train Loss: 0.1330, Train Acc: 95.31%
Epoch[22/200] Val Loss: 1.0744, Val Acc: 79.73%
No improvement for 1 epoch(s).
Epoch[23/200] Train Loss: 0.0877, Train Acc: 96.68%
Epoch[23/200] Val Loss: 1.1485, Val Acc: 79.64%
No improvement for 2 epoch(s).
Epoch[24/200] Train Loss: 0.0999, Train Acc: 96.75%
Epoch[24/200] Val Loss: 1.0916, Val Acc: 80.18%
No improvement for 3 epoch(s).
Epoch[25/200] Train Loss: 0.1042, Train Acc: 96.71%
Epoch[25/200] Val Loss: 1.0575, Val Acc: 78.84%
No improvement for 4 epoch(s).
Epoch[26/200] Train Loss: 0.1431, Train Acc: 95.64%
Epoch[26/200] Val Loss: 1.1461, Val Acc: 80.27%
No improvement for 5 epoch(s).
Epoch[27/200] Train Loss: 0.1539, Train Acc: 94.63%
Epoch[27/200] Val Loss: 1.1161, Val Acc: 79.87%
No improvement for 6 epoch(s).
Epoch[28/200] Train Loss: 0.1115, Train Acc: 96.27%
Epoch[28/200] Val Loss: 1.0672, Val Acc: 81.21%
No improvement for 7 epoch(s).
Epoch[29/200] Train Loss: 0.0809, Train Acc: 97.40%
Epoch[29/200] Val Loss: 1.2102, Val Acc: 77.99%
No improvement for 8 epoch(s).
Epoch[30/200] Train Loss: 0.1006, Train Acc: 96.80%
Epoch[30/200] Val Loss: 1.1927, Val Acc: 80.67%
No improvement for 9 epoch(s).
Epoch[31/200] Train Loss: 0.1440, Train Acc: 95.53%
Epoch[31/200] Val Loss: 1.1524, Val Acc: 78.62%
No improvement for 10 epoch(s).
Epoch[32/200] Train Loss: 0.1027, Train Acc: 96.41%
Epoch[32/200] Val Loss: 1.1611, Val Acc: 79.02%
No improvement for 11 epoch(s).
Epoch[33/200] Train Loss: 0.0826, Train Acc: 97.06%
Epoch[33/200] Val Loss: 1.1229, Val Acc: 79.64%
No improvement for 12 epoch(s).
Epoch[34/200] Train Loss: 0.0370, Train Acc: 98.74%
Epoch[34/200] Val Loss: 1.0700, Val Acc: 81.83%
Validation accuracy improved (81.6071 -> 81.8304).
Saved checkpoint: /media/icnlab/Data/Thang/plan_dieases/context_moe/checkpoints/plantdoc/pretrain_weight/shufflenetv2/seed_42/run_20260510-225217/best_checkpoint.pth
Epoch[35/200] Train Loss: 0.0255, Train Acc: 99.05%
Epoch[35/200] Val Loss: 1.1280, Val Acc: 82.14%
Validation accuracy improved (81.8304 -> 82.1429).
Saved checkpoint: /media/icnlab/Data/Thang/plan_dieases/context_moe/checkpoints/plantdoc/pretrain_weight/shufflenetv2/seed_42/run_20260510-225217/best_checkpoint.pth
Epoch[36/200] Train Loss: 0.0172, Train Acc: 99.52%
Epoch[36/200] Val Loss: 1.0222, Val Acc: 82.77%
Validation accuracy improved (82.1429 -> 82.7679).
Saved checkpoint: /media/icnlab/Data/Thang/plan_dieases/context_moe/checkpoints/plantdoc/pretrain_weight/shufflenetv2/seed_42/run_20260510-225217/best_checkpoint.pth
Epoch[37/200] Train Loss: 0.0202, Train Acc: 99.13%
Epoch[37/200] Val Loss: 1.0417, Val Acc: 83.17%
Validation accuracy improved (82.7679 -> 83.1696).
Saved checkpoint: /media/icnlab/Data/Thang/plan_dieases/context_moe/checkpoints/plantdoc/pretrain_weight/shufflenetv2/seed_42/run_20260510-225217/best_checkpoint.pth
Epoch[38/200] Train Loss: 0.0224, Train Acc: 99.35%
Epoch[38/200] Val Loss: 1.1462, Val Acc: 83.08%
No improvement for 1 epoch(s).
Epoch[39/200] Train Loss: 0.0141, Train Acc: 99.52%
Epoch[39/200] Val Loss: 1.1269, Val Acc: 83.79%
Validation accuracy improved (83.1696 -> 83.7946).
Saved checkpoint: /media/icnlab/Data/Thang/plan_dieases/context_moe/checkpoints/plantdoc/pretrain_weight/shufflenetv2/seed_42/run_20260510-225217/best_checkpoint.pth
Epoch[40/200] Train Loss: 0.0125, Train Acc: 99.70%
Epoch[40/200] Val Loss: 1.1396, Val Acc: 82.14%
No improvement for 1 epoch(s).
Epoch[41/200] Train Loss: 0.0159, Train Acc: 99.48%
Epoch[41/200] Val Loss: 1.1493, Val Acc: 83.17%
No improvement for 2 epoch(s).
Epoch[42/200] Train Loss: 0.0099, Train Acc: 99.74%
Epoch[42/200] Val Loss: 1.1420, Val Acc: 80.58%
No improvement for 3 epoch(s).
Epoch[43/200] Train Loss: 0.0096, Train Acc: 99.65%
Epoch[43/200] Val Loss: 1.1814, Val Acc: 82.54%
No improvement for 4 epoch(s).
Epoch[44/200] Train Loss: 0.0113, Train Acc: 99.74%
Epoch[44/200] Val Loss: 1.0964, Val Acc: 84.42%
Validation accuracy improved (83.7946 -> 84.4196).
Saved checkpoint: /media/icnlab/Data/Thang/plan_dieases/context_moe/checkpoints/plantdoc/pretrain_weight/shufflenetv2/seed_42/run_20260510-225217/best_checkpoint.pth
Epoch[45/200] Train Loss: 0.0125, Train Acc: 99.57%
Epoch[45/200] Val Loss: 1.1745, Val Acc: 83.48%
No improvement for 1 epoch(s).
Epoch[46/200] Train Loss: 0.0177, Train Acc: 99.39%
Epoch[46/200] Val Loss: 1.1353, Val Acc: 83.79%
No improvement for 2 epoch(s).
Epoch[47/200] Train Loss: 0.0196, Train Acc: 99.35%
Epoch[47/200] Val Loss: 1.2067, Val Acc: 82.54%
No improvement for 3 epoch(s).
Epoch[48/200] Train Loss: 0.0169, Train Acc: 99.44%
Epoch[48/200] Val Loss: 1.0747, Val Acc: 83.79%
No improvement for 4 epoch(s).
Epoch[49/200] Train Loss: 0.0185, Train Acc: 99.22%
Epoch[49/200] Val Loss: 1.1379, Val Acc: 83.48%
No improvement for 5 epoch(s).
Epoch[50/200] Train Loss: 0.0128, Train Acc: 99.53%
Epoch[50/200] Val Loss: 1.1421, Val Acc: 82.86%
No improvement for 6 epoch(s).
Epoch[51/200] Train Loss: 0.0159, Train Acc: 99.57%
Epoch[51/200] Val Loss: 1.1296, Val Acc: 82.86%
No improvement for 7 epoch(s).
Epoch[52/200] Train Loss: 0.0156, Train Acc: 99.53%
Epoch[52/200] Val Loss: 1.1780, Val Acc: 83.79%
No improvement for 8 epoch(s).
Epoch[53/200] Train Loss: 0.0283, Train Acc: 98.96%
Epoch[53/200] Val Loss: 1.3379, Val Acc: 83.48%
No improvement for 9 epoch(s).
Epoch[54/200] Train Loss: 0.0257, Train Acc: 99.22%
Epoch[54/200] Val Loss: 1.3018, Val Acc: 82.86%
No improvement for 10 epoch(s).
Epoch[55/200] Train Loss: 0.0254, Train Acc: 99.01%
Epoch[55/200] Val Loss: 1.1624, Val Acc: 84.11%
No improvement for 11 epoch(s).
Epoch[56/200] Train Loss: 0.0161, Train Acc: 99.35%
Epoch[56/200] Val Loss: 1.0727, Val Acc: 84.42%
No improvement for 12 epoch(s).
Epoch[57/200] Train Loss: 0.0112, Train Acc: 99.61%
Epoch[57/200] Val Loss: 1.1310, Val Acc: 84.73%
Validation accuracy improved (84.4196 -> 84.7321).
Saved checkpoint: /media/icnlab/Data/Thang/plan_dieases/context_moe/checkpoints/plantdoc/pretrain_weight/shufflenetv2/seed_42/run_20260510-225217/best_checkpoint.pth
Epoch[58/200] Train Loss: 0.0124, Train Acc: 99.65%
Epoch[58/200] Val Loss: 1.1516, Val Acc: 84.02%
No improvement for 1 epoch(s).
Epoch[59/200] Train Loss: 0.0103, Train Acc: 99.74%
Epoch[59/200] Val Loss: 1.1591, Val Acc: 82.77%
No improvement for 2 epoch(s).
Epoch[60/200] Train Loss: 0.0069, Train Acc: 99.70%
Epoch[60/200] Val Loss: 1.1388, Val Acc: 84.33%
No improvement for 3 epoch(s).
Epoch[61/200] Train Loss: 0.0060, Train Acc: 99.83%
Epoch[61/200] Val Loss: 1.1779, Val Acc: 84.64%
No improvement for 4 epoch(s).
Epoch[62/200] Train Loss: 0.0072, Train Acc: 99.78%
Epoch[62/200] Val Loss: 1.1674, Val Acc: 84.33%
No improvement for 5 epoch(s).
Epoch[63/200] Train Loss: 0.0054, Train Acc: 99.78%
Epoch[63/200] Val Loss: 1.1741, Val Acc: 84.96%
Validation accuracy improved (84.7321 -> 84.9554).
Saved checkpoint: /media/icnlab/Data/Thang/plan_dieases/context_moe/checkpoints/plantdoc/pretrain_weight/shufflenetv2/seed_42/run_20260510-225217/best_checkpoint.pth
Epoch[64/200] Train Loss: 0.0058, Train Acc: 99.83%
Epoch[64/200] Val Loss: 1.1535, Val Acc: 85.27%
Validation accuracy improved (84.9554 -> 85.2679).
Saved checkpoint: /media/icnlab/Data/Thang/plan_dieases/context_moe/checkpoints/plantdoc/pretrain_weight/shufflenetv2/seed_42/run_20260510-225217/best_checkpoint.pth
Epoch[65/200] Train Loss: 0.0062, Train Acc: 99.70%
Epoch[65/200] Val Loss: 1.1850, Val Acc: 83.39%
No improvement for 1 epoch(s).
Epoch[66/200] Train Loss: 0.0056, Train Acc: 99.87%
Epoch[66/200] Val Loss: 1.1793, Val Acc: 85.36%
Validation accuracy improved (85.2679 -> 85.3571).
Saved checkpoint: /media/icnlab/Data/Thang/plan_dieases/context_moe/checkpoints/plantdoc/pretrain_weight/shufflenetv2/seed_42/run_20260510-225217/best_checkpoint.pth
Epoch[67/200] Train Loss: 0.0084, Train Acc: 99.61%
Epoch[67/200] Val Loss: 1.2167, Val Acc: 82.77%
No improvement for 1 epoch(s).
Epoch[68/200] Train Loss: 0.0070, Train Acc: 99.74%
Epoch[68/200] Val Loss: 1.2329, Val Acc: 83.71%
No improvement for 2 epoch(s).
Epoch[69/200] Train Loss: 0.0049, Train Acc: 99.87%
Epoch[69/200] Val Loss: 1.2050, Val Acc: 84.64%
No improvement for 3 epoch(s).
Epoch[70/200] Train Loss: 0.0070, Train Acc: 99.65%
Epoch[70/200] Val Loss: 1.2555, Val Acc: 83.39%
No improvement for 4 epoch(s).
Epoch[71/200] Train Loss: 0.0033, Train Acc: 99.91%
Epoch[71/200] Val Loss: 1.2094, Val Acc: 83.71%
No improvement for 5 epoch(s).
Epoch[72/200] Train Loss: 0.0062, Train Acc: 99.74%
Epoch[72/200] Val Loss: 1.1833, Val Acc: 83.39%
No improvement for 6 epoch(s).
Epoch[73/200] Train Loss: 0.0067, Train Acc: 99.83%
Epoch[73/200] Val Loss: 1.2156, Val Acc: 82.68%
No improvement for 7 epoch(s).
Epoch[74/200] Train Loss: 0.0043, Train Acc: 99.83%
Epoch[74/200] Val Loss: 1.1520, Val Acc: 84.96%
No improvement for 8 epoch(s).
Epoch[75/200] Train Loss: 0.0047, Train Acc: 99.87%
Epoch[75/200] Val Loss: 1.1620, Val Acc: 84.33%
No improvement for 9 epoch(s).
Epoch[76/200] Train Loss: 0.0081, Train Acc: 99.61%
Epoch[76/200] Val Loss: 1.1841, Val Acc: 85.36%
No improvement for 10 epoch(s).
Epoch[77/200] Train Loss: 0.0041, Train Acc: 99.91%
Epoch[77/200] Val Loss: 1.1764, Val Acc: 84.42%
No improvement for 11 epoch(s).
Epoch[78/200] Train Loss: 0.0041, Train Acc: 99.96%
Epoch[78/200] Val Loss: 1.1566, Val Acc: 85.67%
Validation accuracy improved (85.3571 -> 85.6696).
Saved checkpoint: /media/icnlab/Data/Thang/plan_dieases/context_moe/checkpoints/plantdoc/pretrain_weight/shufflenetv2/seed_42/run_20260510-225217/best_checkpoint.pth
Epoch[79/200] Train Loss: 0.0040, Train Acc: 99.91%
Epoch[79/200] Val Loss: 1.1660, Val Acc: 84.73%
No improvement for 1 epoch(s).
Epoch[80/200] Train Loss: 0.0042, Train Acc: 99.74%
Epoch[80/200] Val Loss: 1.1579, Val Acc: 84.42%
No improvement for 2 epoch(s).
Epoch[81/200] Train Loss: 0.0045, Train Acc: 99.79%
Epoch[81/200] Val Loss: 1.1511, Val Acc: 84.42%
No improvement for 3 epoch(s).
Epoch[82/200] Train Loss: 0.0073, Train Acc: 99.61%
Epoch[82/200] Val Loss: 1.1745, Val Acc: 83.48%
No improvement for 4 epoch(s).
Epoch[83/200] Train Loss: 0.0050, Train Acc: 99.83%
Epoch[83/200] Val Loss: 1.1185, Val Acc: 84.42%
No improvement for 5 epoch(s).
Epoch[84/200] Train Loss: 0.0037, Train Acc: 99.78%
Epoch[84/200] Val Loss: 1.1386, Val Acc: 85.04%
No improvement for 6 epoch(s).
Epoch[85/200] Train Loss: 0.0031, Train Acc: 99.87%
Epoch[85/200] Val Loss: 1.1353, Val Acc: 84.73%
No improvement for 7 epoch(s).
Epoch[86/200] Train Loss: 0.0050, Train Acc: 99.87%
Epoch[86/200] Val Loss: 1.1433, Val Acc: 85.67%
No improvement for 8 epoch(s).
Epoch[87/200] Train Loss: 0.0055, Train Acc: 99.78%
Epoch[87/200] Val Loss: 1.1275, Val Acc: 84.42%
No improvement for 9 epoch(s).
Epoch[88/200] Train Loss: 0.0055, Train Acc: 99.74%
Epoch[88/200] Val Loss: 1.1260, Val Acc: 85.04%
No improvement for 10 epoch(s).
Epoch[89/200] Train Loss: 0.0032, Train Acc: 99.91%
Epoch[89/200] Val Loss: 1.1662, Val Acc: 84.11%
No improvement for 11 epoch(s).
Epoch[90/200] Train Loss: 0.0024, Train Acc: 99.96%
Epoch[90/200] Val Loss: 1.1555, Val Acc: 84.11%
No improvement for 12 epoch(s).
Epoch[91/200] Train Loss: 0.0031, Train Acc: 99.91%
Epoch[91/200] Val Loss: 1.1746, Val Acc: 83.79%
No improvement for 13 epoch(s).
Epoch[92/200] Train Loss: 0.0024, Train Acc: 99.91%
Epoch[92/200] Val Loss: 1.1690, Val Acc: 84.11%
No improvement for 14 epoch(s).
Epoch[93/200] Train Loss: 0.0030, Train Acc: 99.87%
Epoch[93/200] Val Loss: 1.1650, Val Acc: 83.79%
No improvement for 15 epoch(s).
Epoch[94/200] Train Loss: 0.0021, Train Acc: 99.96%
Epoch[94/200] Val Loss: 1.1441, Val Acc: 85.04%
No improvement for 16 epoch(s).
Epoch[95/200] Train Loss: 0.0028, Train Acc: 99.91%
Epoch[95/200] Val Loss: 1.1542, Val Acc: 84.73%
No improvement for 17 epoch(s).
Epoch[96/200] Train Loss: 0.0045, Train Acc: 99.87%
Epoch[96/200] Val Loss: 1.1477, Val Acc: 84.42%
No improvement for 18 epoch(s).
Epoch[97/200] Train Loss: 0.0035, Train Acc: 99.83%
Epoch[97/200] Val Loss: 1.1567, Val Acc: 84.73%
No improvement for 19 epoch(s).
Epoch[98/200] Train Loss: 0.0027, Train Acc: 99.91%
Epoch[98/200] Val Loss: 1.1510, Val Acc: 85.36%
No improvement for 20 epoch(s).
Epoch[99/200] Train Loss: 0.0032, Train Acc: 99.83%
Epoch[99/200] Val Loss: 1.1417, Val Acc: 84.42%
No improvement for 21 epoch(s).
Epoch[100/200] Train Loss: 0.0057, Train Acc: 99.74%
Epoch[100/200] Val Loss: 1.1648, Val Acc: 85.04%
No improvement for 22 epoch(s).
Epoch[101/200] Train Loss: 0.0020, Train Acc: 99.96%
Epoch[101/200] Val Loss: 1.1547, Val Acc: 84.73%
No improvement for 23 epoch(s).
Epoch[102/200] Train Loss: 0.0030, Train Acc: 99.91%
Epoch[102/200] Val Loss: 1.1466, Val Acc: 85.04%
No improvement for 24 epoch(s).
Epoch[103/200] Train Loss: 0.0032, Train Acc: 99.87%
Epoch[103/200] Val Loss: 1.1672, Val Acc: 84.73%
No improvement for 25 epoch(s).
Epoch[104/200] Train Loss: 0.0030, Train Acc: 99.83%
Epoch[104/200] Val Loss: 1.1639, Val Acc: 84.73%
No improvement for 26 epoch(s).
Epoch[105/200] Train Loss: 0.0071, Train Acc: 99.79%
Epoch[105/200] Val Loss: 1.1923, Val Acc: 84.11%
No improvement for 27 epoch(s).
Epoch[106/200] Train Loss: 0.0038, Train Acc: 99.78%
Epoch[106/200] Val Loss: 1.1355, Val Acc: 85.36%
No improvement for 28 epoch(s).
Epoch[107/200] Train Loss: 0.0023, Train Acc: 99.91%
Epoch[107/200] Val Loss: 1.1536, Val Acc: 85.67%
No improvement for 29 epoch(s).
Epoch[108/200] Train Loss: 0.0039, Train Acc: 99.78%
Epoch[108/200] Val Loss: 1.1539, Val Acc: 85.04%
No improvement for 30 epoch(s).
Epoch[109/200] Train Loss: 0.0040, Train Acc: 99.83%
Epoch[109/200] Val Loss: 1.1539, Val Acc: 85.67%
No improvement for 31 epoch(s).
Epoch[110/200] Train Loss: 0.0042, Train Acc: 99.74%
Epoch[110/200] Val Loss: 1.1469, Val Acc: 85.04%
No improvement for 32 epoch(s).
Epoch[111/200] Train Loss: 0.0030, Train Acc: 99.78%
Epoch[111/200] Val Loss: 1.1532, Val Acc: 85.36%
No improvement for 33 epoch(s).
Epoch[112/200] Train Loss: 0.0037, Train Acc: 99.83%
Epoch[112/200] Val Loss: 1.1534, Val Acc: 85.67%
No improvement for 34 epoch(s).
Epoch[113/200] Train Loss: 0.0028, Train Acc: 99.87%
Epoch[113/200] Val Loss: 1.1736, Val Acc: 85.67%
No improvement for 35 epoch(s).
Epoch[114/200] Train Loss: 0.0028, Train Acc: 99.91%
Epoch[114/200] Val Loss: 1.1327, Val Acc: 85.67%
No improvement for 36 epoch(s).
Epoch[115/200] Train Loss: 0.0023, Train Acc: 100.00%
Epoch[115/200] Val Loss: 1.1574, Val Acc: 85.36%
No improvement for 37 epoch(s).
Epoch[116/200] Train Loss: 0.0030, Train Acc: 99.91%
Epoch[116/200] Val Loss: 1.1585, Val Acc: 85.36%
No improvement for 38 epoch(s).
Epoch[117/200] Train Loss: 0.0029, Train Acc: 99.87%
Epoch[117/200] Val Loss: 1.1744, Val Acc: 84.11%
No improvement for 39 epoch(s).
Epoch[118/200] Train Loss: 0.0026, Train Acc: 99.87%
Epoch[118/200] Val Loss: 1.1659, Val Acc: 84.73%
No improvement for 40 epoch(s).
Epoch[119/200] Train Loss: 0.0022, Train Acc: 99.91%
Epoch[119/200] Val Loss: 1.1639, Val Acc: 85.36%
No improvement for 41 epoch(s).
Epoch[120/200] Train Loss: 0.0026, Train Acc: 99.87%
Epoch[120/200] Val Loss: 1.1545, Val Acc: 84.73%
No improvement for 42 epoch(s).
Epoch[121/200] Train Loss: 0.0027, Train Acc: 99.91%
Epoch[121/200] Val Loss: 1.1620, Val Acc: 85.98%
Validation accuracy improved (85.6696 -> 85.9821).
Saved checkpoint: /media/icnlab/Data/Thang/plan_dieases/context_moe/checkpoints/plantdoc/pretrain_weight/shufflenetv2/seed_42/run_20260510-225217/best_checkpoint.pth
Epoch[122/200] Train Loss: 0.0025, Train Acc: 99.96%
Epoch[122/200] Val Loss: 1.1501, Val Acc: 85.36%
No improvement for 1 epoch(s).
Epoch[123/200] Train Loss: 0.0019, Train Acc: 99.96%
Epoch[123/200] Val Loss: 1.1601, Val Acc: 85.36%
No improvement for 2 epoch(s).
Epoch[124/200] Train Loss: 0.0025, Train Acc: 99.87%
Epoch[124/200] Val Loss: 1.1545, Val Acc: 85.04%
No improvement for 3 epoch(s).
Epoch[125/200] Train Loss: 0.0026, Train Acc: 99.91%
Epoch[125/200] Val Loss: 1.1409, Val Acc: 85.36%
No improvement for 4 epoch(s).
Epoch[126/200] Train Loss: 0.0023, Train Acc: 99.87%
Epoch[126/200] Val Loss: 1.1484, Val Acc: 85.36%
No improvement for 5 epoch(s).
Epoch[127/200] Train Loss: 0.0039, Train Acc: 99.87%
Epoch[127/200] Val Loss: 1.1361, Val Acc: 85.04%
No improvement for 6 epoch(s).
Epoch[128/200] Train Loss: 0.0031, Train Acc: 99.91%
Epoch[128/200] Val Loss: 1.1704, Val Acc: 85.04%
No improvement for 7 epoch(s).
Epoch[129/200] Train Loss: 0.0019, Train Acc: 99.96%
Epoch[129/200] Val Loss: 1.1650, Val Acc: 85.04%
No improvement for 8 epoch(s).
Epoch[130/200] Train Loss: 0.0034, Train Acc: 99.91%
Epoch[130/200] Val Loss: 1.1595, Val Acc: 85.67%
No improvement for 9 epoch(s).
Epoch[131/200] Train Loss: 0.0018, Train Acc: 99.96%
Epoch[131/200] Val Loss: 1.1640, Val Acc: 85.36%
No improvement for 10 epoch(s).
Epoch[132/200] Train Loss: 0.0039, Train Acc: 99.87%
Epoch[132/200] Val Loss: 1.1628, Val Acc: 85.36%
No improvement for 11 epoch(s).
Epoch[133/200] Train Loss: 0.0043, Train Acc: 99.79%
Epoch[133/200] Val Loss: 1.1657, Val Acc: 85.36%
No improvement for 12 epoch(s).
Epoch[134/200] Train Loss: 0.0022, Train Acc: 99.91%
Epoch[134/200] Val Loss: 1.1627, Val Acc: 84.73%
No improvement for 13 epoch(s).
Epoch[135/200] Train Loss: 0.0020, Train Acc: 99.96%
Epoch[135/200] Val Loss: 1.1765, Val Acc: 84.42%
No improvement for 14 epoch(s).
Epoch[136/200] Train Loss: 0.0025, Train Acc: 99.87%
Epoch[136/200] Val Loss: 1.1718, Val Acc: 84.73%
No improvement for 15 epoch(s).
Epoch[137/200] Train Loss: 0.0023, Train Acc: 99.91%
Epoch[137/200] Val Loss: 1.1622, Val Acc: 84.73%
No improvement for 16 epoch(s).
Epoch[138/200] Train Loss: 0.0023, Train Acc: 99.96%
Epoch[138/200] Val Loss: 1.1566, Val Acc: 85.36%
No improvement for 17 epoch(s).
Epoch[139/200] Train Loss: 0.0025, Train Acc: 99.91%
Epoch[139/200] Val Loss: 1.1597, Val Acc: 84.73%
No improvement for 18 epoch(s).
Epoch[140/200] Train Loss: 0.0020, Train Acc: 100.00%
Epoch[140/200] Val Loss: 1.1675, Val Acc: 85.04%
No improvement for 19 epoch(s).
Epoch[141/200] Train Loss: 0.0017, Train Acc: 99.96%
Epoch[141/200] Val Loss: 1.1597, Val Acc: 85.36%
No improvement for 20 epoch(s).
Epoch[142/200] Train Loss: 0.0026, Train Acc: 99.91%
Epoch[142/200] Val Loss: 1.1629, Val Acc: 85.67%
No improvement for 21 epoch(s).
Epoch[143/200] Train Loss: 0.0023, Train Acc: 99.87%
Epoch[143/200] Val Loss: 1.1584, Val Acc: 85.04%
No improvement for 22 epoch(s).
Epoch[144/200] Train Loss: 0.0030, Train Acc: 99.78%
Epoch[144/200] Val Loss: 1.1682, Val Acc: 85.04%
No improvement for 23 epoch(s).
Epoch[145/200] Train Loss: 0.0022, Train Acc: 99.91%
Epoch[145/200] Val Loss: 1.1650, Val Acc: 84.73%
No improvement for 24 epoch(s).
Epoch[146/200] Train Loss: 0.0034, Train Acc: 99.87%
Epoch[146/200] Val Loss: 1.1545, Val Acc: 84.73%
No improvement for 25 epoch(s).
Epoch[147/200] Train Loss: 0.0027, Train Acc: 99.83%
Epoch[147/200] Val Loss: 1.1932, Val Acc: 84.73%
No improvement for 26 epoch(s).
Epoch[148/200] Train Loss: 0.0028, Train Acc: 99.91%
Epoch[148/200] Val Loss: 1.1706, Val Acc: 84.73%
No improvement for 27 epoch(s).
Epoch[149/200] Train Loss: 0.0023, Train Acc: 99.91%
Epoch[149/200] Val Loss: 1.1706, Val Acc: 85.36%
No improvement for 28 epoch(s).
Epoch[150/200] Train Loss: 0.0024, Train Acc: 100.00%
Epoch[150/200] Val Loss: 1.1608, Val Acc: 85.36%
No improvement for 29 epoch(s).
Epoch[151/200] Train Loss: 0.0019, Train Acc: 99.91%
Epoch[151/200] Val Loss: 1.1647, Val Acc: 84.73%
No improvement for 30 epoch(s).
Epoch[152/200] Train Loss: 0.0023, Train Acc: 99.91%
Epoch[152/200] Val Loss: 1.1697, Val Acc: 85.98%
No improvement for 31 epoch(s).
Epoch[153/200] Train Loss: 0.0019, Train Acc: 99.96%
Epoch[153/200] Val Loss: 1.1525, Val Acc: 84.73%
No improvement for 32 epoch(s).
Epoch[154/200] Train Loss: 0.0022, Train Acc: 99.91%
Epoch[154/200] Val Loss: 1.1786, Val Acc: 84.73%
No improvement for 33 epoch(s).
Epoch[155/200] Train Loss: 0.0031, Train Acc: 99.96%
Epoch[155/200] Val Loss: 1.1566, Val Acc: 85.36%
No improvement for 34 epoch(s).
Epoch[156/200] Train Loss: 0.0022, Train Acc: 99.91%
Epoch[156/200] Val Loss: 1.1810, Val Acc: 85.04%
No improvement for 35 epoch(s).
Epoch[157/200] Train Loss: 0.0019, Train Acc: 99.87%
Epoch[157/200] Val Loss: 1.1714, Val Acc: 85.67%
No improvement for 36 epoch(s).
Epoch[158/200] Train Loss: 0.0020, Train Acc: 99.96%
Epoch[158/200] Val Loss: 1.1814, Val Acc: 85.04%
No improvement for 37 epoch(s).
Epoch[159/200] Train Loss: 0.0024, Train Acc: 99.96%
Epoch[159/200] Val Loss: 1.1671, Val Acc: 85.67%
No improvement for 38 epoch(s).
Epoch[160/200] Train Loss: 0.0032, Train Acc: 99.91%
Epoch[160/200] Val Loss: 1.1613, Val Acc: 85.04%
No improvement for 39 epoch(s).
Epoch[161/200] Train Loss: 0.0034, Train Acc: 99.79%
Epoch[161/200] Val Loss: 1.1576, Val Acc: 85.36%
No improvement for 40 epoch(s).
Epoch[162/200] Train Loss: 0.0037, Train Acc: 99.87%
Epoch[162/200] Val Loss: 1.1890, Val Acc: 84.42%
No improvement for 41 epoch(s).
Epoch[163/200] Train Loss: 0.0029, Train Acc: 99.83%
Epoch[163/200] Val Loss: 1.1734, Val Acc: 84.73%
No improvement for 42 epoch(s).
Epoch[164/200] Train Loss: 0.0019, Train Acc: 99.91%
Epoch[164/200] Val Loss: 1.1641, Val Acc: 85.98%
No improvement for 43 epoch(s).
Epoch[165/200] Train Loss: 0.0020, Train Acc: 100.00%
Epoch[165/200] Val Loss: 1.1558, Val Acc: 85.98%
No improvement for 44 epoch(s).
Epoch[166/200] Train Loss: 0.0019, Train Acc: 99.91%
Epoch[166/200] Val Loss: 1.1694, Val Acc: 85.36%
No improvement for 45 epoch(s).
Epoch[167/200] Train Loss: 0.0020, Train Acc: 99.91%
Epoch[167/200] Val Loss: 1.1724, Val Acc: 85.04%
No improvement for 46 epoch(s).
Epoch[168/200] Train Loss: 0.0023, Train Acc: 99.96%
Epoch[168/200] Val Loss: 1.1301, Val Acc: 85.98%
No improvement for 47 epoch(s).
Epoch[169/200] Train Loss: 0.0028, Train Acc: 99.78%
Epoch[169/200] Val Loss: 1.1616, Val Acc: 85.04%
No improvement for 48 epoch(s).
Epoch[170/200] Train Loss: 0.0027, Train Acc: 99.91%
Epoch[170/200] Val Loss: 1.1628, Val Acc: 84.42%
No improvement for 49 epoch(s).
Epoch[171/200] Train Loss: 0.0022, Train Acc: 99.91%
Epoch[171/200] Val Loss: 1.1697, Val Acc: 85.67%
No improvement for 50 epoch(s).
Early stopping triggered. No improvement in validation acc for 50 epochs.
Saved checkpoint: /media/icnlab/Data/Thang/plan_dieases/context_moe/checkpoints/plantdoc/pretrain_weight/shufflenetv2/seed_42/run_20260510-225217/last_checkpoint.pth
Training finished. Best val acc: 85.9821 at epoch 121
Saved training plot to /media/icnlab/Data/Thang/plan_dieases/context_moe/checkpoints/plantdoc/pretrain_weight/shufflenetv2/seed_42/run_20260510-225217/loss_acc_plot.png
