Epoch[1/200] Train Loss: 1.3551, Train Acc: 55.63%
Epoch[1/200] Val Loss: 1.2882, Val Acc: 60.89%
Validation accuracy improved (-inf -> 60.8929).
Saved checkpoint: /media/icnlab/Data/Thang/plan_dieases/context_moe/checkpoints/plantdoc/pretrain_weight/shufflenetv2/seed_43/run_20260511-000038/best_checkpoint.pth
Epoch[2/200] Train Loss: 0.8851, Train Acc: 69.61%
Epoch[2/200] Val Loss: 1.0513, Val Acc: 70.76%
Validation accuracy improved (60.8929 -> 70.7589).
Saved checkpoint: /media/icnlab/Data/Thang/plan_dieases/context_moe/checkpoints/plantdoc/pretrain_weight/shufflenetv2/seed_43/run_20260511-000038/best_checkpoint.pth
Epoch[3/200] Train Loss: 0.6708, Train Acc: 77.52%
Epoch[3/200] Val Loss: 1.0458, Val Acc: 69.20%
No improvement for 1 epoch(s).
Epoch[4/200] Train Loss: 0.5465, Train Acc: 81.10%
Epoch[4/200] Val Loss: 1.0080, Val Acc: 73.04%
Validation accuracy improved (70.7589 -> 73.0357).
Saved checkpoint: /media/icnlab/Data/Thang/plan_dieases/context_moe/checkpoints/plantdoc/pretrain_weight/shufflenetv2/seed_43/run_20260511-000038/best_checkpoint.pth
Epoch[5/200] Train Loss: 0.4722, Train Acc: 83.22%
Epoch[5/200] Val Loss: 0.9657, Val Acc: 71.79%
No improvement for 1 epoch(s).
Epoch[6/200] Train Loss: 0.4000, Train Acc: 86.20%
Epoch[6/200] Val Loss: 1.0218, Val Acc: 75.58%
Validation accuracy improved (73.0357 -> 75.5804).
Saved checkpoint: /media/icnlab/Data/Thang/plan_dieases/context_moe/checkpoints/plantdoc/pretrain_weight/shufflenetv2/seed_43/run_20260511-000038/best_checkpoint.pth
Epoch[7/200] Train Loss: 0.3609, Train Acc: 88.02%
Epoch[7/200] Val Loss: 1.1164, Val Acc: 73.71%
No improvement for 1 epoch(s).
Epoch[8/200] Train Loss: 0.3153, Train Acc: 88.97%
Epoch[8/200] Val Loss: 1.2522, Val Acc: 75.00%
No improvement for 2 epoch(s).
Epoch[9/200] Train Loss: 0.3263, Train Acc: 88.86%
Epoch[9/200] Val Loss: 1.0602, Val Acc: 75.00%
No improvement for 3 epoch(s).
Epoch[10/200] Train Loss: 0.2864, Train Acc: 89.29%
Epoch[10/200] Val Loss: 1.1055, Val Acc: 76.43%
Validation accuracy improved (75.5804 -> 76.4286).
Saved checkpoint: /media/icnlab/Data/Thang/plan_dieases/context_moe/checkpoints/plantdoc/pretrain_weight/shufflenetv2/seed_43/run_20260511-000038/best_checkpoint.pth
Epoch[11/200] Train Loss: 0.2180, Train Acc: 92.26%
Epoch[11/200] Val Loss: 1.1835, Val Acc: 74.87%
No improvement for 1 epoch(s).
Epoch[12/200] Train Loss: 0.2135, Train Acc: 92.13%
Epoch[12/200] Val Loss: 1.1134, Val Acc: 76.25%
No improvement for 2 epoch(s).
Epoch[13/200] Train Loss: 0.2073, Train Acc: 91.67%
Epoch[13/200] Val Loss: 1.0288, Val Acc: 76.74%
Validation accuracy improved (76.4286 -> 76.7411).
Saved checkpoint: /media/icnlab/Data/Thang/plan_dieases/context_moe/checkpoints/plantdoc/pretrain_weight/shufflenetv2/seed_43/run_20260511-000038/best_checkpoint.pth
Epoch[14/200] Train Loss: 0.2277, Train Acc: 92.64%
Epoch[14/200] Val Loss: 1.0805, Val Acc: 75.89%
No improvement for 1 epoch(s).
Epoch[15/200] Train Loss: 0.1903, Train Acc: 93.64%
Epoch[15/200] Val Loss: 0.8531, Val Acc: 80.58%
Validation accuracy improved (76.7411 -> 80.5804).
Saved checkpoint: /media/icnlab/Data/Thang/plan_dieases/context_moe/checkpoints/plantdoc/pretrain_weight/shufflenetv2/seed_43/run_20260511-000038/best_checkpoint.pth
Epoch[16/200] Train Loss: 0.1360, Train Acc: 95.37%
Epoch[16/200] Val Loss: 1.1762, Val Acc: 75.40%
No improvement for 1 epoch(s).
Epoch[17/200] Train Loss: 0.1595, Train Acc: 94.11%
Epoch[17/200] Val Loss: 1.0900, Val Acc: 78.53%
No improvement for 2 epoch(s).
Epoch[18/200] Train Loss: 0.1325, Train Acc: 94.89%
Epoch[18/200] Val Loss: 1.2213, Val Acc: 74.78%
No improvement for 3 epoch(s).
Epoch[19/200] Train Loss: 0.1306, Train Acc: 95.40%
Epoch[19/200] Val Loss: 1.2433, Val Acc: 76.74%
No improvement for 4 epoch(s).
Epoch[20/200] Train Loss: 0.1433, Train Acc: 95.24%
Epoch[20/200] Val Loss: 1.0898, Val Acc: 77.68%
No improvement for 5 epoch(s).
Epoch[21/200] Train Loss: 0.1413, Train Acc: 94.94%
Epoch[21/200] Val Loss: 1.1321, Val Acc: 81.52%
Validation accuracy improved (80.5804 -> 81.5179).
Saved checkpoint: /media/icnlab/Data/Thang/plan_dieases/context_moe/checkpoints/plantdoc/pretrain_weight/shufflenetv2/seed_43/run_20260511-000038/best_checkpoint.pth
Epoch[22/200] Train Loss: 0.1080, Train Acc: 95.98%
Epoch[22/200] Val Loss: 1.0692, Val Acc: 79.64%
No improvement for 1 epoch(s).
Epoch[23/200] Train Loss: 0.1015, Train Acc: 96.20%
Epoch[23/200] Val Loss: 0.8291, Val Acc: 81.21%
No improvement for 2 epoch(s).
Epoch[24/200] Train Loss: 0.1262, Train Acc: 95.49%
Epoch[24/200] Val Loss: 1.1787, Val Acc: 79.78%
No improvement for 3 epoch(s).
Epoch[25/200] Train Loss: 0.1339, Train Acc: 95.66%
Epoch[25/200] Val Loss: 1.2971, Val Acc: 75.09%
No improvement for 4 epoch(s).
Epoch[26/200] Train Loss: 0.1127, Train Acc: 96.05%
Epoch[26/200] Val Loss: 1.0037, Val Acc: 82.46%
Validation accuracy improved (81.5179 -> 82.4554).
Saved checkpoint: /media/icnlab/Data/Thang/plan_dieases/context_moe/checkpoints/plantdoc/pretrain_weight/shufflenetv2/seed_43/run_20260511-000038/best_checkpoint.pth
Epoch[27/200] Train Loss: 0.1067, Train Acc: 96.58%
Epoch[27/200] Val Loss: 1.3128, Val Acc: 77.90%
No improvement for 1 epoch(s).
Epoch[28/200] Train Loss: 0.1008, Train Acc: 96.15%
Epoch[28/200] Val Loss: 1.1422, Val Acc: 79.55%
No improvement for 2 epoch(s).
Epoch[29/200] Train Loss: 0.1212, Train Acc: 95.80%
Epoch[29/200] Val Loss: 1.1597, Val Acc: 79.02%
No improvement for 3 epoch(s).
Epoch[30/200] Train Loss: 0.1276, Train Acc: 95.88%
Epoch[30/200] Val Loss: 1.3131, Val Acc: 76.52%
No improvement for 4 epoch(s).
Epoch[31/200] Train Loss: 0.1062, Train Acc: 96.59%
Epoch[31/200] Val Loss: 1.2276, Val Acc: 79.24%
No improvement for 5 epoch(s).
Epoch[32/200] Train Loss: 0.1254, Train Acc: 95.58%
Epoch[32/200] Val Loss: 1.0650, Val Acc: 81.07%
No improvement for 6 epoch(s).
Epoch[33/200] Train Loss: 0.1261, Train Acc: 95.86%
Epoch[33/200] Val Loss: 1.1836, Val Acc: 77.99%
No improvement for 7 epoch(s).
Epoch[34/200] Train Loss: 0.1250, Train Acc: 95.67%
Epoch[34/200] Val Loss: 1.3953, Val Acc: 79.11%
No improvement for 8 epoch(s).
Epoch[35/200] Train Loss: 0.1312, Train Acc: 95.89%
Epoch[35/200] Val Loss: 1.2805, Val Acc: 76.74%
No improvement for 9 epoch(s).
Epoch[36/200] Train Loss: 0.1417, Train Acc: 95.40%
Epoch[36/200] Val Loss: 1.2595, Val Acc: 80.71%
No improvement for 10 epoch(s).
Epoch[37/200] Train Loss: 0.0849, Train Acc: 96.93%
Epoch[37/200] Val Loss: 1.3238, Val Acc: 78.21%
No improvement for 11 epoch(s).
Epoch[38/200] Train Loss: 0.0531, Train Acc: 98.00%
Epoch[38/200] Val Loss: 1.1558, Val Acc: 82.32%
No improvement for 12 epoch(s).
Epoch[39/200] Train Loss: 0.0265, Train Acc: 99.26%
Epoch[39/200] Val Loss: 1.2057, Val Acc: 81.12%
No improvement for 13 epoch(s).
Epoch[40/200] Train Loss: 0.0211, Train Acc: 99.22%
Epoch[40/200] Val Loss: 1.1182, Val Acc: 83.57%
Validation accuracy improved (82.4554 -> 83.5714).
Saved checkpoint: /media/icnlab/Data/Thang/plan_dieases/context_moe/checkpoints/plantdoc/pretrain_weight/shufflenetv2/seed_43/run_20260511-000038/best_checkpoint.pth
Epoch[41/200] Train Loss: 0.0206, Train Acc: 99.44%
Epoch[41/200] Val Loss: 1.1288, Val Acc: 82.14%
No improvement for 1 epoch(s).
Epoch[42/200] Train Loss: 0.0171, Train Acc: 99.39%
Epoch[42/200] Val Loss: 1.1669, Val Acc: 84.20%
Validation accuracy improved (83.5714 -> 84.1964).
Saved checkpoint: /media/icnlab/Data/Thang/plan_dieases/context_moe/checkpoints/plantdoc/pretrain_weight/shufflenetv2/seed_43/run_20260511-000038/best_checkpoint.pth
Epoch[43/200] Train Loss: 0.0127, Train Acc: 99.61%
Epoch[43/200] Val Loss: 1.1591, Val Acc: 84.51%
Validation accuracy improved (84.1964 -> 84.5089).
Saved checkpoint: /media/icnlab/Data/Thang/plan_dieases/context_moe/checkpoints/plantdoc/pretrain_weight/shufflenetv2/seed_43/run_20260511-000038/best_checkpoint.pth
Epoch[44/200] Train Loss: 0.0133, Train Acc: 99.52%
Epoch[44/200] Val Loss: 1.1547, Val Acc: 83.88%
No improvement for 1 epoch(s).
Epoch[45/200] Train Loss: 0.0198, Train Acc: 99.45%
Epoch[45/200] Val Loss: 1.1919, Val Acc: 84.20%
No improvement for 2 epoch(s).
Epoch[46/200] Train Loss: 0.0148, Train Acc: 99.40%
Epoch[46/200] Val Loss: 1.1649, Val Acc: 83.88%
No improvement for 3 epoch(s).
Epoch[47/200] Train Loss: 0.0103, Train Acc: 99.57%
Epoch[47/200] Val Loss: 1.1052, Val Acc: 84.82%
Validation accuracy improved (84.5089 -> 84.8214).
Saved checkpoint: /media/icnlab/Data/Thang/plan_dieases/context_moe/checkpoints/plantdoc/pretrain_weight/shufflenetv2/seed_43/run_20260511-000038/best_checkpoint.pth
Epoch[48/200] Train Loss: 0.0107, Train Acc: 99.65%
Epoch[48/200] Val Loss: 1.1880, Val Acc: 82.23%
No improvement for 1 epoch(s).
Epoch[49/200] Train Loss: 0.0126, Train Acc: 99.61%
Epoch[49/200] Val Loss: 1.1822, Val Acc: 83.57%
No improvement for 2 epoch(s).
Epoch[50/200] Train Loss: 0.0075, Train Acc: 99.74%
Epoch[50/200] Val Loss: 1.1700, Val Acc: 84.82%
No improvement for 3 epoch(s).
Epoch[51/200] Train Loss: 0.0079, Train Acc: 99.65%
Epoch[51/200] Val Loss: 1.2056, Val Acc: 83.88%
No improvement for 4 epoch(s).
Epoch[52/200] Train Loss: 0.0086, Train Acc: 99.66%
Epoch[52/200] Val Loss: 1.1469, Val Acc: 84.82%
No improvement for 5 epoch(s).
Epoch[53/200] Train Loss: 0.0079, Train Acc: 99.65%
Epoch[53/200] Val Loss: 1.1672, Val Acc: 84.82%
No improvement for 6 epoch(s).
Epoch[54/200] Train Loss: 0.0139, Train Acc: 99.61%
Epoch[54/200] Val Loss: 1.2200, Val Acc: 84.51%
No improvement for 7 epoch(s).
Epoch[55/200] Train Loss: 0.0115, Train Acc: 99.52%
Epoch[55/200] Val Loss: 1.1920, Val Acc: 83.26%
No improvement for 8 epoch(s).
Epoch[56/200] Train Loss: 0.0118, Train Acc: 99.48%
Epoch[56/200] Val Loss: 1.2090, Val Acc: 84.20%
No improvement for 9 epoch(s).
Epoch[57/200] Train Loss: 0.0117, Train Acc: 99.48%
Epoch[57/200] Val Loss: 1.2622, Val Acc: 84.11%
No improvement for 10 epoch(s).
Epoch[58/200] Train Loss: 0.0113, Train Acc: 99.78%
Epoch[58/200] Val Loss: 1.2365, Val Acc: 84.11%
No improvement for 11 epoch(s).
Epoch[59/200] Train Loss: 0.0061, Train Acc: 99.83%
Epoch[59/200] Val Loss: 1.2173, Val Acc: 84.11%
No improvement for 12 epoch(s).
Epoch[60/200] Train Loss: 0.0056, Train Acc: 99.74%
Epoch[60/200] Val Loss: 1.2452, Val Acc: 84.42%
No improvement for 13 epoch(s).
Epoch[61/200] Train Loss: 0.0063, Train Acc: 99.87%
Epoch[61/200] Val Loss: 1.2582, Val Acc: 84.11%
No improvement for 14 epoch(s).
Epoch[62/200] Train Loss: 0.0052, Train Acc: 99.83%
Epoch[62/200] Val Loss: 1.2694, Val Acc: 83.79%
No improvement for 15 epoch(s).
Epoch[63/200] Train Loss: 0.0036, Train Acc: 99.91%
Epoch[63/200] Val Loss: 1.2870, Val Acc: 83.79%
No improvement for 16 epoch(s).
Epoch[64/200] Train Loss: 0.0036, Train Acc: 99.78%
Epoch[64/200] Val Loss: 1.3344, Val Acc: 83.79%
No improvement for 17 epoch(s).
Epoch[65/200] Train Loss: 0.0050, Train Acc: 99.74%
Epoch[65/200] Val Loss: 1.2942, Val Acc: 83.48%
No improvement for 18 epoch(s).
Epoch[66/200] Train Loss: 0.0055, Train Acc: 99.78%
Epoch[66/200] Val Loss: 1.2814, Val Acc: 84.51%
No improvement for 19 epoch(s).
Epoch[67/200] Train Loss: 0.0042, Train Acc: 99.79%
Epoch[67/200] Val Loss: 1.2802, Val Acc: 83.79%
No improvement for 20 epoch(s).
Epoch[68/200] Train Loss: 0.0035, Train Acc: 99.91%
Epoch[68/200] Val Loss: 1.2979, Val Acc: 84.20%
No improvement for 21 epoch(s).
Epoch[69/200] Train Loss: 0.0038, Train Acc: 99.87%
Epoch[69/200] Val Loss: 1.2806, Val Acc: 84.51%
No improvement for 22 epoch(s).
Epoch[70/200] Train Loss: 0.0033, Train Acc: 99.91%
Epoch[70/200] Val Loss: 1.2847, Val Acc: 83.88%
No improvement for 23 epoch(s).
Epoch[71/200] Train Loss: 0.0043, Train Acc: 99.83%
Epoch[71/200] Val Loss: 1.2709, Val Acc: 83.88%
No improvement for 24 epoch(s).
Epoch[72/200] Train Loss: 0.0042, Train Acc: 99.83%
Epoch[72/200] Val Loss: 1.2742, Val Acc: 83.79%
No improvement for 25 epoch(s).
Epoch[73/200] Train Loss: 0.0032, Train Acc: 99.87%
Epoch[73/200] Val Loss: 1.2794, Val Acc: 83.79%
No improvement for 26 epoch(s).
Epoch[74/200] Train Loss: 0.0048, Train Acc: 99.83%
Epoch[74/200] Val Loss: 1.2516, Val Acc: 84.82%
No improvement for 27 epoch(s).
Epoch[75/200] Train Loss: 0.0041, Train Acc: 99.74%
Epoch[75/200] Val Loss: 1.2306, Val Acc: 84.51%
No improvement for 28 epoch(s).
Epoch[76/200] Train Loss: 0.0033, Train Acc: 99.91%
Epoch[76/200] Val Loss: 1.2377, Val Acc: 83.79%
No improvement for 29 epoch(s).
Epoch[77/200] Train Loss: 0.0052, Train Acc: 99.78%
Epoch[77/200] Val Loss: 1.2448, Val Acc: 83.48%
No improvement for 30 epoch(s).
Epoch[78/200] Train Loss: 0.0028, Train Acc: 99.83%
Epoch[78/200] Val Loss: 1.2736, Val Acc: 84.82%
No improvement for 31 epoch(s).
Epoch[79/200] Train Loss: 0.0053, Train Acc: 99.74%
Epoch[79/200] Val Loss: 1.2905, Val Acc: 83.79%
No improvement for 32 epoch(s).
Epoch[80/200] Train Loss: 0.0034, Train Acc: 99.91%
Epoch[80/200] Val Loss: 1.2916, Val Acc: 84.20%
No improvement for 33 epoch(s).
Epoch[81/200] Train Loss: 0.0036, Train Acc: 99.91%
Epoch[81/200] Val Loss: 1.2936, Val Acc: 83.26%
No improvement for 34 epoch(s).
Epoch[82/200] Train Loss: 0.0036, Train Acc: 99.91%
Epoch[82/200] Val Loss: 1.2744, Val Acc: 84.20%
No improvement for 35 epoch(s).
Epoch[83/200] Train Loss: 0.0041, Train Acc: 99.87%
Epoch[83/200] Val Loss: 1.2834, Val Acc: 84.20%
No improvement for 36 epoch(s).
Epoch[84/200] Train Loss: 0.0035, Train Acc: 99.91%
Epoch[84/200] Val Loss: 1.2946, Val Acc: 83.57%
No improvement for 37 epoch(s).
Epoch[85/200] Train Loss: 0.0033, Train Acc: 99.96%
Epoch[85/200] Val Loss: 1.2776, Val Acc: 83.88%
No improvement for 38 epoch(s).
Epoch[86/200] Train Loss: 0.0031, Train Acc: 99.91%
Epoch[86/200] Val Loss: 1.3080, Val Acc: 83.57%
No improvement for 39 epoch(s).
Epoch[87/200] Train Loss: 0.0033, Train Acc: 99.91%
Epoch[87/200] Val Loss: 1.2830, Val Acc: 83.26%
No improvement for 40 epoch(s).
Epoch[88/200] Train Loss: 0.0031, Train Acc: 99.87%
Epoch[88/200] Val Loss: 1.2915, Val Acc: 83.57%
No improvement for 41 epoch(s).
Epoch[89/200] Train Loss: 0.0027, Train Acc: 99.91%
Epoch[89/200] Val Loss: 1.2901, Val Acc: 84.51%
No improvement for 42 epoch(s).
Epoch[90/200] Train Loss: 0.0026, Train Acc: 99.96%
Epoch[90/200] Val Loss: 1.2955, Val Acc: 83.88%
No improvement for 43 epoch(s).
Epoch[91/200] Train Loss: 0.0029, Train Acc: 99.87%
Epoch[91/200] Val Loss: 1.2974, Val Acc: 83.57%
No improvement for 44 epoch(s).
Epoch[92/200] Train Loss: 0.0028, Train Acc: 99.87%
Epoch[92/200] Val Loss: 1.2741, Val Acc: 83.57%
No improvement for 45 epoch(s).
Epoch[93/200] Train Loss: 0.0025, Train Acc: 99.91%
Epoch[93/200] Val Loss: 1.2992, Val Acc: 83.26%
No improvement for 46 epoch(s).
Epoch[94/200] Train Loss: 0.0024, Train Acc: 99.96%
Epoch[94/200] Val Loss: 1.2754, Val Acc: 83.88%
No improvement for 47 epoch(s).
Epoch[95/200] Train Loss: 0.0044, Train Acc: 99.87%
Epoch[95/200] Val Loss: 1.2998, Val Acc: 83.88%
No improvement for 48 epoch(s).
Epoch[96/200] Train Loss: 0.0046, Train Acc: 99.71%
Epoch[96/200] Val Loss: 1.3073, Val Acc: 82.63%
No improvement for 49 epoch(s).
Epoch[97/200] Train Loss: 0.0025, Train Acc: 99.91%
Epoch[97/200] Val Loss: 1.2812, Val Acc: 83.57%
No improvement for 50 epoch(s).
Early stopping triggered. No improvement in validation acc for 50 epochs.
Saved checkpoint: /media/icnlab/Data/Thang/plan_dieases/context_moe/checkpoints/plantdoc/pretrain_weight/shufflenetv2/seed_43/run_20260511-000038/last_checkpoint.pth
Training finished. Best val acc: 84.8214 at epoch 47
Saved training plot to /media/icnlab/Data/Thang/plan_dieases/context_moe/checkpoints/plantdoc/pretrain_weight/shufflenetv2/seed_43/run_20260511-000038/loss_acc_plot.png
