Epoch[1/200] Train Loss: 3.4655, Train Acc: 29.20%
Epoch[1/200] Val Loss: 2.5812, Val Acc: 22.59%
Validation accuracy improved (-inf -> 22.5893).
Saved checkpoint: /media/icnlab/Data/Thang/plan_dieases/context_moe/checkpoints/plantdoc/pretrain_weight/mobilenetv3_small/seed_45/run_20260511-175340/best_checkpoint.pth
Epoch[2/200] Train Loss: 1.7307, Train Acc: 43.59%
Epoch[2/200] Val Loss: 1.7851, Val Acc: 31.96%
Validation accuracy improved (22.5893 -> 31.9643).
Saved checkpoint: /media/icnlab/Data/Thang/plan_dieases/context_moe/checkpoints/plantdoc/pretrain_weight/mobilenetv3_small/seed_45/run_20260511-175340/best_checkpoint.pth
Epoch[3/200] Train Loss: 1.4359, Train Acc: 51.63%
Epoch[3/200] Val Loss: 1.5585, Val Acc: 44.69%
Validation accuracy improved (31.9643 -> 44.6875).
Saved checkpoint: /media/icnlab/Data/Thang/plan_dieases/context_moe/checkpoints/plantdoc/pretrain_weight/mobilenetv3_small/seed_45/run_20260511-175340/best_checkpoint.pth
Epoch[4/200] Train Loss: 1.1275, Train Acc: 60.88%
Epoch[4/200] Val Loss: 1.5395, Val Acc: 46.03%
Validation accuracy improved (44.6875 -> 46.0268).
Saved checkpoint: /media/icnlab/Data/Thang/plan_dieases/context_moe/checkpoints/plantdoc/pretrain_weight/mobilenetv3_small/seed_45/run_20260511-175340/best_checkpoint.pth
Epoch[5/200] Train Loss: 1.1024, Train Acc: 61.63%
Epoch[5/200] Val Loss: 1.8970, Val Acc: 43.17%
No improvement for 1 epoch(s).
Epoch[6/200] Train Loss: 1.0418, Train Acc: 64.40%
Epoch[6/200] Val Loss: 1.5106, Val Acc: 55.09%
Validation accuracy improved (46.0268 -> 55.0893).
Saved checkpoint: /media/icnlab/Data/Thang/plan_dieases/context_moe/checkpoints/plantdoc/pretrain_weight/mobilenetv3_small/seed_45/run_20260511-175340/best_checkpoint.pth
Epoch[7/200] Train Loss: 0.9960, Train Acc: 65.76%
Epoch[7/200] Val Loss: 1.4873, Val Acc: 52.72%
No improvement for 1 epoch(s).
Epoch[8/200] Train Loss: 0.9250, Train Acc: 68.35%
Epoch[8/200] Val Loss: 1.7133, Val Acc: 53.75%
No improvement for 2 epoch(s).
Epoch[9/200] Train Loss: 0.9860, Train Acc: 66.00%
Epoch[9/200] Val Loss: 1.4876, Val Acc: 47.63%
No improvement for 3 epoch(s).
Epoch[10/200] Train Loss: 0.8200, Train Acc: 70.30%
Epoch[10/200] Val Loss: 1.6591, Val Acc: 52.19%
No improvement for 4 epoch(s).
Epoch[11/200] Train Loss: 0.8079, Train Acc: 71.54%
Epoch[11/200] Val Loss: 1.4718, Val Acc: 63.35%
Validation accuracy improved (55.0893 -> 63.3482).
Saved checkpoint: /media/icnlab/Data/Thang/plan_dieases/context_moe/checkpoints/plantdoc/pretrain_weight/mobilenetv3_small/seed_45/run_20260511-175340/best_checkpoint.pth
Epoch[12/200] Train Loss: 0.7668, Train Acc: 72.20%
Epoch[12/200] Val Loss: 1.6673, Val Acc: 60.67%
No improvement for 1 epoch(s).
Epoch[13/200] Train Loss: 0.7339, Train Acc: 74.62%
Epoch[13/200] Val Loss: 1.3594, Val Acc: 55.85%
No improvement for 2 epoch(s).
Epoch[14/200] Train Loss: 0.7167, Train Acc: 75.24%
Epoch[14/200] Val Loss: 2.3501, Val Acc: 49.29%
No improvement for 3 epoch(s).
Epoch[15/200] Train Loss: 0.6840, Train Acc: 75.64%
Epoch[15/200] Val Loss: 1.5966, Val Acc: 56.12%
No improvement for 4 epoch(s).
Epoch[16/200] Train Loss: 0.6476, Train Acc: 77.86%
Epoch[16/200] Val Loss: 1.4904, Val Acc: 49.91%
No improvement for 5 epoch(s).
Epoch[17/200] Train Loss: 0.5962, Train Acc: 79.12%
Epoch[17/200] Val Loss: 1.3818, Val Acc: 54.02%
No improvement for 6 epoch(s).
Epoch[18/200] Train Loss: 0.5226, Train Acc: 81.02%
Epoch[18/200] Val Loss: 1.4078, Val Acc: 56.70%
No improvement for 7 epoch(s).
Epoch[19/200] Train Loss: 0.5186, Train Acc: 81.30%
Epoch[19/200] Val Loss: 2.3460, Val Acc: 60.00%
No improvement for 8 epoch(s).
Epoch[20/200] Train Loss: 0.4724, Train Acc: 82.58%
Epoch[20/200] Val Loss: 1.5083, Val Acc: 59.51%
No improvement for 9 epoch(s).
Epoch[21/200] Train Loss: 0.5102, Train Acc: 81.72%
Epoch[21/200] Val Loss: 1.5260, Val Acc: 61.12%
No improvement for 10 epoch(s).
Epoch[22/200] Train Loss: 0.4920, Train Acc: 82.90%
Epoch[22/200] Val Loss: 1.6825, Val Acc: 61.38%
No improvement for 11 epoch(s).
Epoch[23/200] Train Loss: 0.3158, Train Acc: 88.85%
Epoch[23/200] Val Loss: 1.1910, Val Acc: 69.24%
Validation accuracy improved (63.3482 -> 69.2411).
Saved checkpoint: /media/icnlab/Data/Thang/plan_dieases/context_moe/checkpoints/plantdoc/pretrain_weight/mobilenetv3_small/seed_45/run_20260511-175340/best_checkpoint.pth
Epoch[24/200] Train Loss: 0.1893, Train Acc: 93.08%
Epoch[24/200] Val Loss: 1.2714, Val Acc: 72.41%
Validation accuracy improved (69.2411 -> 72.4107).
Saved checkpoint: /media/icnlab/Data/Thang/plan_dieases/context_moe/checkpoints/plantdoc/pretrain_weight/mobilenetv3_small/seed_45/run_20260511-175340/best_checkpoint.pth
Epoch[25/200] Train Loss: 0.1780, Train Acc: 93.23%
Epoch[25/200] Val Loss: 1.2598, Val Acc: 72.10%
No improvement for 1 epoch(s).
Epoch[26/200] Train Loss: 0.1568, Train Acc: 94.93%
Epoch[26/200] Val Loss: 1.3241, Val Acc: 70.49%
No improvement for 2 epoch(s).
Epoch[27/200] Train Loss: 0.1476, Train Acc: 95.40%
Epoch[27/200] Val Loss: 1.3727, Val Acc: 66.92%
No improvement for 3 epoch(s).
Epoch[28/200] Train Loss: 0.1537, Train Acc: 94.45%
Epoch[28/200] Val Loss: 1.2852, Val Acc: 74.64%
Validation accuracy improved (72.4107 -> 74.6429).
Saved checkpoint: /media/icnlab/Data/Thang/plan_dieases/context_moe/checkpoints/plantdoc/pretrain_weight/mobilenetv3_small/seed_45/run_20260511-175340/best_checkpoint.pth
Epoch[29/200] Train Loss: 0.1303, Train Acc: 95.28%
Epoch[29/200] Val Loss: 1.3832, Val Acc: 72.90%
No improvement for 1 epoch(s).
Epoch[30/200] Train Loss: 0.1496, Train Acc: 94.48%
Epoch[30/200] Val Loss: 1.2306, Val Acc: 73.62%
No improvement for 2 epoch(s).
Epoch[31/200] Train Loss: 0.1198, Train Acc: 95.83%
Epoch[31/200] Val Loss: 1.2484, Val Acc: 75.09%
Validation accuracy improved (74.6429 -> 75.0893).
Saved checkpoint: /media/icnlab/Data/Thang/plan_dieases/context_moe/checkpoints/plantdoc/pretrain_weight/mobilenetv3_small/seed_45/run_20260511-175340/best_checkpoint.pth
Epoch[32/200] Train Loss: 0.1138, Train Acc: 95.89%
Epoch[32/200] Val Loss: 1.3366, Val Acc: 76.74%
Validation accuracy improved (75.0893 -> 76.7411).
Saved checkpoint: /media/icnlab/Data/Thang/plan_dieases/context_moe/checkpoints/plantdoc/pretrain_weight/mobilenetv3_small/seed_45/run_20260511-175340/best_checkpoint.pth
Epoch[33/200] Train Loss: 0.1104, Train Acc: 96.53%
Epoch[33/200] Val Loss: 1.3475, Val Acc: 76.83%
Validation accuracy improved (76.7411 -> 76.8304).
Saved checkpoint: /media/icnlab/Data/Thang/plan_dieases/context_moe/checkpoints/plantdoc/pretrain_weight/mobilenetv3_small/seed_45/run_20260511-175340/best_checkpoint.pth
Epoch[34/200] Train Loss: 0.1151, Train Acc: 96.15%
Epoch[34/200] Val Loss: 1.5508, Val Acc: 75.18%
No improvement for 1 epoch(s).
Epoch[35/200] Train Loss: 0.1530, Train Acc: 93.98%
Epoch[35/200] Val Loss: 1.4154, Val Acc: 74.87%
No improvement for 2 epoch(s).
Epoch[36/200] Train Loss: 0.1217, Train Acc: 95.02%
Epoch[36/200] Val Loss: 1.3070, Val Acc: 74.15%
No improvement for 3 epoch(s).
Epoch[37/200] Train Loss: 0.1220, Train Acc: 95.42%
Epoch[37/200] Val Loss: 1.4524, Val Acc: 70.49%
No improvement for 4 epoch(s).
Epoch[38/200] Train Loss: 0.1257, Train Acc: 95.62%
Epoch[38/200] Val Loss: 1.3150, Val Acc: 74.24%
No improvement for 5 epoch(s).
Epoch[39/200] Train Loss: 0.1202, Train Acc: 95.46%
Epoch[39/200] Val Loss: 1.5459, Val Acc: 72.19%
No improvement for 6 epoch(s).
Epoch[40/200] Train Loss: 0.1202, Train Acc: 95.55%
Epoch[40/200] Val Loss: 1.5886, Val Acc: 72.28%
No improvement for 7 epoch(s).
Epoch[41/200] Train Loss: 0.1106, Train Acc: 95.15%
Epoch[41/200] Val Loss: 1.3700, Val Acc: 74.33%
No improvement for 8 epoch(s).
Epoch[42/200] Train Loss: 0.1058, Train Acc: 96.37%
Epoch[42/200] Val Loss: 1.4363, Val Acc: 73.17%
No improvement for 9 epoch(s).
Epoch[43/200] Train Loss: 0.1089, Train Acc: 96.48%
Epoch[43/200] Val Loss: 1.4617, Val Acc: 77.54%
Validation accuracy improved (76.8304 -> 77.5446).
Saved checkpoint: /media/icnlab/Data/Thang/plan_dieases/context_moe/checkpoints/plantdoc/pretrain_weight/mobilenetv3_small/seed_45/run_20260511-175340/best_checkpoint.pth
Epoch[44/200] Train Loss: 0.0901, Train Acc: 96.58%
Epoch[44/200] Val Loss: 1.4466, Val Acc: 76.43%
No improvement for 1 epoch(s).
Epoch[45/200] Train Loss: 0.0976, Train Acc: 96.28%
Epoch[45/200] Val Loss: 1.4982, Val Acc: 76.43%
No improvement for 2 epoch(s).
Epoch[46/200] Train Loss: 0.1105, Train Acc: 96.01%
Epoch[46/200] Val Loss: 1.7026, Val Acc: 72.19%
No improvement for 3 epoch(s).
Epoch[47/200] Train Loss: 0.0899, Train Acc: 96.90%
Epoch[47/200] Val Loss: 1.4770, Val Acc: 73.93%
No improvement for 4 epoch(s).
Epoch[48/200] Train Loss: 0.1009, Train Acc: 96.41%
Epoch[48/200] Val Loss: 1.8058, Val Acc: 73.44%
No improvement for 5 epoch(s).
Epoch[49/200] Train Loss: 0.1346, Train Acc: 95.71%
Epoch[49/200] Val Loss: 1.4058, Val Acc: 74.55%
No improvement for 6 epoch(s).
Epoch[50/200] Train Loss: 0.0889, Train Acc: 96.84%
Epoch[50/200] Val Loss: 1.4249, Val Acc: 73.39%
No improvement for 7 epoch(s).
Epoch[51/200] Train Loss: 0.0447, Train Acc: 98.13%
Epoch[51/200] Val Loss: 1.5205, Val Acc: 77.86%
Validation accuracy improved (77.5446 -> 77.8571).
Saved checkpoint: /media/icnlab/Data/Thang/plan_dieases/context_moe/checkpoints/plantdoc/pretrain_weight/mobilenetv3_small/seed_45/run_20260511-175340/best_checkpoint.pth
Epoch[52/200] Train Loss: 0.0677, Train Acc: 97.88%
Epoch[52/200] Val Loss: 1.4225, Val Acc: 78.71%
Validation accuracy improved (77.8571 -> 78.7054).
Saved checkpoint: /media/icnlab/Data/Thang/plan_dieases/context_moe/checkpoints/plantdoc/pretrain_weight/mobilenetv3_small/seed_45/run_20260511-175340/best_checkpoint.pth
Epoch[53/200] Train Loss: 0.0906, Train Acc: 96.71%
Epoch[53/200] Val Loss: 1.8203, Val Acc: 70.94%
No improvement for 1 epoch(s).
Epoch[54/200] Train Loss: 0.1719, Train Acc: 94.23%
Epoch[54/200] Val Loss: 1.5163, Val Acc: 71.21%
No improvement for 2 epoch(s).
Epoch[55/200] Train Loss: 0.1519, Train Acc: 94.67%
Epoch[55/200] Val Loss: 1.7626, Val Acc: 71.25%
No improvement for 3 epoch(s).
Epoch[56/200] Train Loss: 0.1292, Train Acc: 95.32%
Epoch[56/200] Val Loss: 1.4867, Val Acc: 74.55%
No improvement for 4 epoch(s).
Epoch[57/200] Train Loss: 0.1069, Train Acc: 96.66%
Epoch[57/200] Val Loss: 1.5188, Val Acc: 72.05%
No improvement for 5 epoch(s).
Epoch[58/200] Train Loss: 0.0800, Train Acc: 96.98%
Epoch[58/200] Val Loss: 1.6411, Val Acc: 73.75%
No improvement for 6 epoch(s).
Epoch[59/200] Train Loss: 0.1021, Train Acc: 96.75%
Epoch[59/200] Val Loss: 1.8608, Val Acc: 73.79%
No improvement for 7 epoch(s).
Epoch[60/200] Train Loss: 0.1097, Train Acc: 96.09%
Epoch[60/200] Val Loss: 1.3906, Val Acc: 70.54%
No improvement for 8 epoch(s).
Epoch[61/200] Train Loss: 0.1173, Train Acc: 96.15%
Epoch[61/200] Val Loss: 1.5835, Val Acc: 75.49%
No improvement for 9 epoch(s).
Epoch[62/200] Train Loss: 0.1229, Train Acc: 95.98%
Epoch[62/200] Val Loss: 1.6242, Val Acc: 71.25%
No improvement for 10 epoch(s).
Epoch[63/200] Train Loss: 0.1038, Train Acc: 96.27%
Epoch[63/200] Val Loss: 1.6561, Val Acc: 71.25%
No improvement for 11 epoch(s).
Epoch[64/200] Train Loss: 0.0694, Train Acc: 97.49%
Epoch[64/200] Val Loss: 1.4087, Val Acc: 76.96%
No improvement for 12 epoch(s).
Epoch[65/200] Train Loss: 0.0324, Train Acc: 98.83%
Epoch[65/200] Val Loss: 1.4487, Val Acc: 79.55%
Validation accuracy improved (78.7054 -> 79.5536).
Saved checkpoint: /media/icnlab/Data/Thang/plan_dieases/context_moe/checkpoints/plantdoc/pretrain_weight/mobilenetv3_small/seed_45/run_20260511-175340/best_checkpoint.pth
Epoch[66/200] Train Loss: 0.0242, Train Acc: 99.44%
Epoch[66/200] Val Loss: 1.3726, Val Acc: 79.02%
No improvement for 1 epoch(s).
Epoch[67/200] Train Loss: 0.0171, Train Acc: 99.39%
Epoch[67/200] Val Loss: 1.5132, Val Acc: 80.27%
Validation accuracy improved (79.5536 -> 80.2679).
Saved checkpoint: /media/icnlab/Data/Thang/plan_dieases/context_moe/checkpoints/plantdoc/pretrain_weight/mobilenetv3_small/seed_45/run_20260511-175340/best_checkpoint.pth
Epoch[68/200] Train Loss: 0.0178, Train Acc: 99.61%
Epoch[68/200] Val Loss: 1.5123, Val Acc: 80.89%
Validation accuracy improved (80.2679 -> 80.8929).
Saved checkpoint: /media/icnlab/Data/Thang/plan_dieases/context_moe/checkpoints/plantdoc/pretrain_weight/mobilenetv3_small/seed_45/run_20260511-175340/best_checkpoint.pth
Epoch[69/200] Train Loss: 0.0196, Train Acc: 99.39%
Epoch[69/200] Val Loss: 1.4440, Val Acc: 81.21%
Validation accuracy improved (80.8929 -> 81.2054).
Saved checkpoint: /media/icnlab/Data/Thang/plan_dieases/context_moe/checkpoints/plantdoc/pretrain_weight/mobilenetv3_small/seed_45/run_20260511-175340/best_checkpoint.pth
Epoch[70/200] Train Loss: 0.0111, Train Acc: 99.61%
Epoch[70/200] Val Loss: 1.4752, Val Acc: 81.21%
No improvement for 1 epoch(s).
Epoch[71/200] Train Loss: 0.0135, Train Acc: 99.57%
Epoch[71/200] Val Loss: 1.5614, Val Acc: 79.55%
No improvement for 2 epoch(s).
Epoch[72/200] Train Loss: 0.0129, Train Acc: 99.61%
Epoch[72/200] Val Loss: 1.5575, Val Acc: 78.84%
No improvement for 3 epoch(s).
Epoch[73/200] Train Loss: 0.0098, Train Acc: 99.74%
Epoch[73/200] Val Loss: 1.5900, Val Acc: 80.58%
No improvement for 4 epoch(s).
Epoch[74/200] Train Loss: 0.0165, Train Acc: 99.48%
Epoch[74/200] Val Loss: 1.5388, Val Acc: 80.89%
No improvement for 5 epoch(s).
Epoch[75/200] Train Loss: 0.0203, Train Acc: 99.39%
Epoch[75/200] Val Loss: 1.5566, Val Acc: 78.71%
No improvement for 6 epoch(s).
Epoch[76/200] Train Loss: 0.0188, Train Acc: 99.39%
Epoch[76/200] Val Loss: 1.5681, Val Acc: 80.89%
No improvement for 7 epoch(s).
Epoch[77/200] Train Loss: 0.0152, Train Acc: 99.48%
Epoch[77/200] Val Loss: 1.6269, Val Acc: 79.33%
No improvement for 8 epoch(s).
Epoch[78/200] Train Loss: 0.0121, Train Acc: 99.52%
Epoch[78/200] Val Loss: 1.5634, Val Acc: 81.21%
No improvement for 9 epoch(s).
Epoch[79/200] Train Loss: 0.0144, Train Acc: 99.61%
Epoch[79/200] Val Loss: 1.6679, Val Acc: 80.58%
No improvement for 10 epoch(s).
Epoch[80/200] Train Loss: 0.0157, Train Acc: 99.61%
Epoch[80/200] Val Loss: 1.6118, Val Acc: 81.52%
Validation accuracy improved (81.2054 -> 81.5179).
Saved checkpoint: /media/icnlab/Data/Thang/plan_dieases/context_moe/checkpoints/plantdoc/pretrain_weight/mobilenetv3_small/seed_45/run_20260511-175340/best_checkpoint.pth
Epoch[81/200] Train Loss: 0.0130, Train Acc: 99.61%
Epoch[81/200] Val Loss: 1.5505, Val Acc: 79.64%
No improvement for 1 epoch(s).
Epoch[82/200] Train Loss: 0.0100, Train Acc: 99.70%
Epoch[82/200] Val Loss: 1.5459, Val Acc: 78.71%
No improvement for 2 epoch(s).
Epoch[83/200] Train Loss: 0.0163, Train Acc: 99.48%
Epoch[83/200] Val Loss: 1.5590, Val Acc: 80.98%
No improvement for 3 epoch(s).
Epoch[84/200] Train Loss: 0.0122, Train Acc: 99.61%
Epoch[84/200] Val Loss: 1.4929, Val Acc: 79.64%
No improvement for 4 epoch(s).
Epoch[85/200] Train Loss: 0.0105, Train Acc: 99.65%
Epoch[85/200] Val Loss: 1.6138, Val Acc: 80.58%
No improvement for 5 epoch(s).
Epoch[86/200] Train Loss: 0.0131, Train Acc: 99.74%
Epoch[86/200] Val Loss: 1.6113, Val Acc: 80.58%
No improvement for 6 epoch(s).
Epoch[87/200] Train Loss: 0.0070, Train Acc: 99.78%
Epoch[87/200] Val Loss: 1.5943, Val Acc: 79.33%
No improvement for 7 epoch(s).
Epoch[88/200] Train Loss: 0.0071, Train Acc: 99.74%
Epoch[88/200] Val Loss: 1.5766, Val Acc: 81.21%
No improvement for 8 epoch(s).
Epoch[89/200] Train Loss: 0.0110, Train Acc: 99.61%
Epoch[89/200] Val Loss: 1.5958, Val Acc: 80.58%
No improvement for 9 epoch(s).
Epoch[90/200] Train Loss: 0.0074, Train Acc: 99.83%
Epoch[90/200] Val Loss: 1.5546, Val Acc: 81.21%
No improvement for 10 epoch(s).
Epoch[91/200] Train Loss: 0.0171, Train Acc: 99.52%
Epoch[91/200] Val Loss: 1.6907, Val Acc: 78.79%
No improvement for 11 epoch(s).
Epoch[92/200] Train Loss: 0.0174, Train Acc: 99.48%
Epoch[92/200] Val Loss: 1.6418, Val Acc: 80.58%
No improvement for 12 epoch(s).
Epoch[93/200] Train Loss: 0.0095, Train Acc: 99.65%
Epoch[93/200] Val Loss: 1.6364, Val Acc: 80.89%
No improvement for 13 epoch(s).
Epoch[94/200] Train Loss: 0.0073, Train Acc: 99.74%
Epoch[94/200] Val Loss: 1.5686, Val Acc: 81.21%
No improvement for 14 epoch(s).
Epoch[95/200] Train Loss: 0.0054, Train Acc: 99.91%
Epoch[95/200] Val Loss: 1.5552, Val Acc: 80.27%
No improvement for 15 epoch(s).
Epoch[96/200] Train Loss: 0.0080, Train Acc: 99.74%
Epoch[96/200] Val Loss: 1.5419, Val Acc: 81.52%
No improvement for 16 epoch(s).
Epoch[97/200] Train Loss: 0.0065, Train Acc: 99.83%
Epoch[97/200] Val Loss: 1.5966, Val Acc: 81.21%
No improvement for 17 epoch(s).
Epoch[98/200] Train Loss: 0.0073, Train Acc: 99.78%
Epoch[98/200] Val Loss: 1.5448, Val Acc: 79.96%
No improvement for 18 epoch(s).
Epoch[99/200] Train Loss: 0.0052, Train Acc: 99.78%
Epoch[99/200] Val Loss: 1.5588, Val Acc: 82.77%
Validation accuracy improved (81.5179 -> 82.7679).
Saved checkpoint: /media/icnlab/Data/Thang/plan_dieases/context_moe/checkpoints/plantdoc/pretrain_weight/mobilenetv3_small/seed_45/run_20260511-175340/best_checkpoint.pth
Epoch[100/200] Train Loss: 0.0059, Train Acc: 99.87%
Epoch[100/200] Val Loss: 1.5544, Val Acc: 81.21%
No improvement for 1 epoch(s).
Epoch[101/200] Train Loss: 0.0084, Train Acc: 99.65%
Epoch[101/200] Val Loss: 1.5787, Val Acc: 81.52%
No improvement for 2 epoch(s).
Epoch[102/200] Train Loss: 0.0079, Train Acc: 99.78%
Epoch[102/200] Val Loss: 1.5728, Val Acc: 81.52%
No improvement for 3 epoch(s).
Epoch[103/200] Train Loss: 0.0051, Train Acc: 99.87%
Epoch[103/200] Val Loss: 1.6061, Val Acc: 82.14%
No improvement for 4 epoch(s).
Epoch[104/200] Train Loss: 0.0069, Train Acc: 99.78%
Epoch[104/200] Val Loss: 1.5923, Val Acc: 79.96%
No improvement for 5 epoch(s).
Epoch[105/200] Train Loss: 0.0058, Train Acc: 99.74%
Epoch[105/200] Val Loss: 1.6163, Val Acc: 81.21%
No improvement for 6 epoch(s).
Epoch[106/200] Train Loss: 0.0045, Train Acc: 99.87%
Epoch[106/200] Val Loss: 1.6048, Val Acc: 81.83%
No improvement for 7 epoch(s).
Epoch[107/200] Train Loss: 0.0056, Train Acc: 99.78%
Epoch[107/200] Val Loss: 1.5839, Val Acc: 79.02%
No improvement for 8 epoch(s).
Epoch[108/200] Train Loss: 0.0085, Train Acc: 99.70%
Epoch[108/200] Val Loss: 1.5994, Val Acc: 79.96%
No improvement for 9 epoch(s).
Epoch[109/200] Train Loss: 0.0115, Train Acc: 99.57%
Epoch[109/200] Val Loss: 1.5817, Val Acc: 81.21%
No improvement for 10 epoch(s).
Epoch[110/200] Train Loss: 0.0109, Train Acc: 99.74%
Epoch[110/200] Val Loss: 1.5696, Val Acc: 78.08%
No improvement for 11 epoch(s).
Epoch[111/200] Train Loss: 0.0048, Train Acc: 99.83%
Epoch[111/200] Val Loss: 1.5571, Val Acc: 79.33%
No improvement for 12 epoch(s).
Epoch[112/200] Train Loss: 0.0035, Train Acc: 99.91%
Epoch[112/200] Val Loss: 1.5320, Val Acc: 79.96%
No improvement for 13 epoch(s).
Epoch[113/200] Train Loss: 0.0039, Train Acc: 99.87%
Epoch[113/200] Val Loss: 1.5598, Val Acc: 80.58%
No improvement for 14 epoch(s).
Epoch[114/200] Train Loss: 0.0040, Train Acc: 99.91%
Epoch[114/200] Val Loss: 1.6123, Val Acc: 79.96%
No improvement for 15 epoch(s).
Epoch[115/200] Train Loss: 0.0054, Train Acc: 99.87%
Epoch[115/200] Val Loss: 1.6213, Val Acc: 80.58%
No improvement for 16 epoch(s).
Epoch[116/200] Train Loss: 0.0030, Train Acc: 99.96%
Epoch[116/200] Val Loss: 1.5983, Val Acc: 80.58%
No improvement for 17 epoch(s).
Epoch[117/200] Train Loss: 0.0042, Train Acc: 99.87%
Epoch[117/200] Val Loss: 1.6137, Val Acc: 80.58%
No improvement for 18 epoch(s).
Epoch[118/200] Train Loss: 0.0054, Train Acc: 99.78%
Epoch[118/200] Val Loss: 1.6163, Val Acc: 80.27%
No improvement for 19 epoch(s).
Epoch[119/200] Train Loss: 0.0033, Train Acc: 99.91%
Epoch[119/200] Val Loss: 1.6084, Val Acc: 80.89%
No improvement for 20 epoch(s).
Epoch[120/200] Train Loss: 0.0042, Train Acc: 99.83%
Epoch[120/200] Val Loss: 1.5745, Val Acc: 80.58%
No improvement for 21 epoch(s).
Epoch[121/200] Train Loss: 0.0058, Train Acc: 99.78%
Epoch[121/200] Val Loss: 1.5608, Val Acc: 81.52%
No improvement for 22 epoch(s).
Epoch[122/200] Train Loss: 0.0046, Train Acc: 99.78%
Epoch[122/200] Val Loss: 1.5764, Val Acc: 80.89%
No improvement for 23 epoch(s).
Epoch[123/200] Train Loss: 0.0025, Train Acc: 99.91%
Epoch[123/200] Val Loss: 1.5447, Val Acc: 80.89%
No improvement for 24 epoch(s).
Epoch[124/200] Train Loss: 0.0032, Train Acc: 99.96%
Epoch[124/200] Val Loss: 1.5388, Val Acc: 81.21%
No improvement for 25 epoch(s).
Epoch[125/200] Train Loss: 0.0035, Train Acc: 99.91%
Epoch[125/200] Val Loss: 1.5591, Val Acc: 80.89%
No improvement for 26 epoch(s).
Epoch[126/200] Train Loss: 0.0041, Train Acc: 99.87%
Epoch[126/200] Val Loss: 1.5642, Val Acc: 81.21%
No improvement for 27 epoch(s).
Epoch[127/200] Train Loss: 0.0028, Train Acc: 99.91%
Epoch[127/200] Val Loss: 1.5210, Val Acc: 81.52%
No improvement for 28 epoch(s).
Epoch[128/200] Train Loss: 0.0026, Train Acc: 99.91%
Epoch[128/200] Val Loss: 1.5573, Val Acc: 81.83%
No improvement for 29 epoch(s).
Epoch[129/200] Train Loss: 0.0032, Train Acc: 99.87%
Epoch[129/200] Val Loss: 1.5479, Val Acc: 80.58%
No improvement for 30 epoch(s).
Epoch[130/200] Train Loss: 0.0043, Train Acc: 99.87%
Epoch[130/200] Val Loss: 1.5681, Val Acc: 80.27%
No improvement for 31 epoch(s).
Epoch[131/200] Train Loss: 0.0037, Train Acc: 99.78%
Epoch[131/200] Val Loss: 1.5491, Val Acc: 80.58%
No improvement for 32 epoch(s).
Epoch[132/200] Train Loss: 0.0021, Train Acc: 99.96%
Epoch[132/200] Val Loss: 1.5978, Val Acc: 80.58%
No improvement for 33 epoch(s).
Epoch[133/200] Train Loss: 0.0038, Train Acc: 99.91%
Epoch[133/200] Val Loss: 1.5712, Val Acc: 79.96%
No improvement for 34 epoch(s).
Epoch[134/200] Train Loss: 0.0015, Train Acc: 99.96%
Epoch[134/200] Val Loss: 1.5788, Val Acc: 80.89%
No improvement for 35 epoch(s).
Epoch[135/200] Train Loss: 0.0028, Train Acc: 99.91%
Epoch[135/200] Val Loss: 1.5967, Val Acc: 81.52%
No improvement for 36 epoch(s).
Epoch[136/200] Train Loss: 0.0022, Train Acc: 99.91%
Epoch[136/200] Val Loss: 1.5883, Val Acc: 80.89%
No improvement for 37 epoch(s).
Epoch[137/200] Train Loss: 0.0033, Train Acc: 99.91%
Epoch[137/200] Val Loss: 1.5775, Val Acc: 81.21%
No improvement for 38 epoch(s).
Epoch[138/200] Train Loss: 0.0026, Train Acc: 99.91%
Epoch[138/200] Val Loss: 1.5851, Val Acc: 80.89%
No improvement for 39 epoch(s).
Epoch[139/200] Train Loss: 0.0025, Train Acc: 99.91%
Epoch[139/200] Val Loss: 1.5922, Val Acc: 80.58%
No improvement for 40 epoch(s).
Epoch[140/200] Train Loss: 0.0031, Train Acc: 99.91%
Epoch[140/200] Val Loss: 1.5887, Val Acc: 81.21%
No improvement for 41 epoch(s).
Epoch[141/200] Train Loss: 0.0026, Train Acc: 99.96%
Epoch[141/200] Val Loss: 1.6304, Val Acc: 81.21%
No improvement for 42 epoch(s).
Epoch[142/200] Train Loss: 0.0030, Train Acc: 99.91%
Epoch[142/200] Val Loss: 1.5576, Val Acc: 81.52%
No improvement for 43 epoch(s).
Epoch[143/200] Train Loss: 0.0026, Train Acc: 99.87%
Epoch[143/200] Val Loss: 1.5604, Val Acc: 81.52%
No improvement for 44 epoch(s).
Epoch[144/200] Train Loss: 0.0029, Train Acc: 99.87%
Epoch[144/200] Val Loss: 1.5457, Val Acc: 80.89%
No improvement for 45 epoch(s).
Epoch[145/200] Train Loss: 0.0034, Train Acc: 99.83%
Epoch[145/200] Val Loss: 1.5620, Val Acc: 80.89%
No improvement for 46 epoch(s).
Epoch[146/200] Train Loss: 0.0020, Train Acc: 100.00%
Epoch[146/200] Val Loss: 1.5680, Val Acc: 81.83%
No improvement for 47 epoch(s).
Epoch[147/200] Train Loss: 0.0028, Train Acc: 99.91%
Epoch[147/200] Val Loss: 1.5843, Val Acc: 81.83%
No improvement for 48 epoch(s).
Epoch[148/200] Train Loss: 0.0041, Train Acc: 99.87%
Epoch[148/200] Val Loss: 1.5901, Val Acc: 80.89%
No improvement for 49 epoch(s).
Epoch[149/200] Train Loss: 0.0029, Train Acc: 99.87%
Epoch[149/200] Val Loss: 1.6278, Val Acc: 81.52%
No improvement for 50 epoch(s).
Early stopping triggered. No improvement in validation acc for 50 epochs.
Saved checkpoint: /media/icnlab/Data/Thang/plan_dieases/context_moe/checkpoints/plantdoc/pretrain_weight/mobilenetv3_small/seed_45/run_20260511-175340/last_checkpoint.pth
Training finished. Best val acc: 82.7679 at epoch 99
Saved training plot to /media/icnlab/Data/Thang/plan_dieases/context_moe/checkpoints/plantdoc/pretrain_weight/mobilenetv3_small/seed_45/run_20260511-175340/loss_acc_plot.png
