Epoch[1/200] Train Loss: 1.3999, Train Acc: 52.00%
Epoch[1/200] Val Loss: 1.2294, Val Acc: 55.65%
Validation accuracy improved (-inf -> 55.6548).
Saved checkpoint: /media/icnlab/Data/Thang/plan_dieases/context_moe/checkpoints/plantdoc/pretrain_weight/efficientnetb0/seed_42/run_20260511-051432/best_checkpoint.pth
Epoch[2/200] Train Loss: 1.0547, Train Acc: 64.28%
Epoch[2/200] Val Loss: 1.0503, Val Acc: 68.70%
Validation accuracy improved (55.6548 -> 68.7004).
Saved checkpoint: /media/icnlab/Data/Thang/plan_dieases/context_moe/checkpoints/plantdoc/pretrain_weight/efficientnetb0/seed_42/run_20260511-051432/best_checkpoint.pth
Epoch[3/200] Train Loss: 0.8961, Train Acc: 70.62%
Epoch[3/200] Val Loss: 0.9903, Val Acc: 70.09%
Validation accuracy improved (68.7004 -> 70.0893).
Saved checkpoint: /media/icnlab/Data/Thang/plan_dieases/context_moe/checkpoints/plantdoc/pretrain_weight/efficientnetb0/seed_42/run_20260511-051432/best_checkpoint.pth
Epoch[4/200] Train Loss: 0.8316, Train Acc: 71.40%
Epoch[4/200] Val Loss: 0.9809, Val Acc: 65.58%
No improvement for 1 epoch(s).
Epoch[5/200] Train Loss: 0.7382, Train Acc: 74.44%
Epoch[5/200] Val Loss: 1.0728, Val Acc: 69.10%
No improvement for 2 epoch(s).
Epoch[6/200] Train Loss: 0.6365, Train Acc: 78.39%
Epoch[6/200] Val Loss: 0.9449, Val Acc: 73.02%
Validation accuracy improved (70.0893 -> 73.0159).
Saved checkpoint: /media/icnlab/Data/Thang/plan_dieases/context_moe/checkpoints/plantdoc/pretrain_weight/efficientnetb0/seed_42/run_20260511-051432/best_checkpoint.pth
Epoch[7/200] Train Loss: 0.5575, Train Acc: 81.86%
Epoch[7/200] Val Loss: 1.0151, Val Acc: 72.07%
No improvement for 1 epoch(s).
Epoch[8/200] Train Loss: 0.5833, Train Acc: 79.56%
Epoch[8/200] Val Loss: 0.9927, Val Acc: 71.03%
No improvement for 2 epoch(s).
Epoch[9/200] Train Loss: 0.4802, Train Acc: 83.59%
Epoch[9/200] Val Loss: 1.0014, Val Acc: 72.87%
No improvement for 3 epoch(s).
Epoch[10/200] Train Loss: 0.4788, Train Acc: 83.64%
Epoch[10/200] Val Loss: 0.9505, Val Acc: 79.61%
Validation accuracy improved (73.0159 -> 79.6131).
Saved checkpoint: /media/icnlab/Data/Thang/plan_dieases/context_moe/checkpoints/plantdoc/pretrain_weight/efficientnetb0/seed_42/run_20260511-051432/best_checkpoint.pth
Epoch[11/200] Train Loss: 0.4133, Train Acc: 85.33%
Epoch[11/200] Val Loss: 1.0895, Val Acc: 68.01%
No improvement for 1 epoch(s).
Epoch[12/200] Train Loss: 0.4122, Train Acc: 85.68%
Epoch[12/200] Val Loss: 1.1060, Val Acc: 72.67%
No improvement for 2 epoch(s).
Epoch[13/200] Train Loss: 0.3833, Train Acc: 86.20%
Epoch[13/200] Val Loss: 0.9596, Val Acc: 73.07%
No improvement for 3 epoch(s).
Epoch[14/200] Train Loss: 0.3752, Train Acc: 87.15%
Epoch[14/200] Val Loss: 1.0197, Val Acc: 73.76%
No improvement for 4 epoch(s).
Epoch[15/200] Train Loss: 0.4792, Train Acc: 84.24%
Epoch[15/200] Val Loss: 1.1397, Val Acc: 66.96%
No improvement for 5 epoch(s).
Epoch[16/200] Train Loss: 0.4101, Train Acc: 84.85%
Epoch[16/200] Val Loss: 0.9647, Val Acc: 73.21%
No improvement for 6 epoch(s).
Epoch[17/200] Train Loss: 0.3424, Train Acc: 86.46%
Epoch[17/200] Val Loss: 0.9534, Val Acc: 74.45%
No improvement for 7 epoch(s).
Epoch[18/200] Train Loss: 0.2972, Train Acc: 89.37%
Epoch[18/200] Val Loss: 1.1835, Val Acc: 75.45%
No improvement for 8 epoch(s).
Epoch[19/200] Train Loss: 0.3768, Train Acc: 87.37%
Epoch[19/200] Val Loss: 0.8600, Val Acc: 77.63%
No improvement for 9 epoch(s).
Epoch[20/200] Train Loss: 0.3774, Train Acc: 87.63%
Epoch[20/200] Val Loss: 0.9866, Val Acc: 75.00%
No improvement for 10 epoch(s).
Epoch[21/200] Train Loss: 0.2989, Train Acc: 88.93%
Epoch[21/200] Val Loss: 0.9949, Val Acc: 72.37%
No improvement for 11 epoch(s).
Epoch[22/200] Train Loss: 0.1902, Train Acc: 93.66%
Epoch[22/200] Val Loss: 0.8025, Val Acc: 79.37%
No improvement for 12 epoch(s).
Epoch[23/200] Train Loss: 0.1718, Train Acc: 94.31%
Epoch[23/200] Val Loss: 0.9330, Val Acc: 79.71%
Validation accuracy improved (79.6131 -> 79.7123).
Saved checkpoint: /media/icnlab/Data/Thang/plan_dieases/context_moe/checkpoints/plantdoc/pretrain_weight/efficientnetb0/seed_42/run_20260511-051432/best_checkpoint.pth
Epoch[24/200] Train Loss: 0.1506, Train Acc: 93.88%
Epoch[24/200] Val Loss: 0.9520, Val Acc: 78.32%
No improvement for 1 epoch(s).
Epoch[25/200] Train Loss: 0.1346, Train Acc: 95.62%
Epoch[25/200] Val Loss: 0.8758, Val Acc: 79.66%
No improvement for 2 epoch(s).
Epoch[26/200] Train Loss: 0.1617, Train Acc: 94.75%
Epoch[26/200] Val Loss: 0.9446, Val Acc: 77.98%
No improvement for 3 epoch(s).
Epoch[27/200] Train Loss: 0.0883, Train Acc: 97.40%
Epoch[27/200] Val Loss: 0.9188, Val Acc: 78.32%
No improvement for 4 epoch(s).
Epoch[28/200] Train Loss: 0.1392, Train Acc: 95.70%
Epoch[28/200] Val Loss: 1.0483, Val Acc: 78.67%
No improvement for 5 epoch(s).
Epoch[29/200] Train Loss: 0.1130, Train Acc: 95.18%
Epoch[29/200] Val Loss: 0.9272, Val Acc: 81.80%
Validation accuracy improved (79.7123 -> 81.7956).
Saved checkpoint: /media/icnlab/Data/Thang/plan_dieases/context_moe/checkpoints/plantdoc/pretrain_weight/efficientnetb0/seed_42/run_20260511-051432/best_checkpoint.pth
Epoch[30/200] Train Loss: 0.1127, Train Acc: 96.79%
Epoch[30/200] Val Loss: 0.8755, Val Acc: 82.89%
Validation accuracy improved (81.7956 -> 82.8869).
Saved checkpoint: /media/icnlab/Data/Thang/plan_dieases/context_moe/checkpoints/plantdoc/pretrain_weight/efficientnetb0/seed_42/run_20260511-051432/best_checkpoint.pth
Epoch[31/200] Train Loss: 0.0898, Train Acc: 96.70%
Epoch[31/200] Val Loss: 0.9032, Val Acc: 82.89%
No improvement for 1 epoch(s).
Epoch[32/200] Train Loss: 0.0704, Train Acc: 97.35%
Epoch[32/200] Val Loss: 1.1142, Val Acc: 78.03%
No improvement for 2 epoch(s).
Epoch[33/200] Train Loss: 0.0821, Train Acc: 97.18%
Epoch[33/200] Val Loss: 0.9159, Val Acc: 81.75%
No improvement for 3 epoch(s).
Epoch[34/200] Train Loss: 0.1033, Train Acc: 96.09%
Epoch[34/200] Val Loss: 1.0018, Val Acc: 80.41%
No improvement for 4 epoch(s).
Epoch[35/200] Train Loss: 0.0980, Train Acc: 96.01%
Epoch[35/200] Val Loss: 1.0006, Val Acc: 79.07%
No improvement for 5 epoch(s).
Epoch[36/200] Train Loss: 0.1117, Train Acc: 95.75%
Epoch[36/200] Val Loss: 1.0062, Val Acc: 78.67%
No improvement for 6 epoch(s).
Epoch[37/200] Train Loss: 0.0988, Train Acc: 96.70%
Epoch[37/200] Val Loss: 1.0994, Val Acc: 77.63%
No improvement for 7 epoch(s).
Epoch[38/200] Train Loss: 0.0906, Train Acc: 96.09%
Epoch[38/200] Val Loss: 1.0416, Val Acc: 80.41%
No improvement for 8 epoch(s).
Epoch[39/200] Train Loss: 0.1016, Train Acc: 96.61%
Epoch[39/200] Val Loss: 1.0173, Val Acc: 78.52%
No improvement for 9 epoch(s).
Epoch[40/200] Train Loss: 0.0865, Train Acc: 96.48%
Epoch[40/200] Val Loss: 1.0611, Val Acc: 78.22%
No improvement for 10 epoch(s).
Epoch[41/200] Train Loss: 0.1272, Train Acc: 96.27%
Epoch[41/200] Val Loss: 1.1439, Val Acc: 78.22%
No improvement for 11 epoch(s).
Epoch[42/200] Train Loss: 0.0786, Train Acc: 97.53%
Epoch[42/200] Val Loss: 1.0582, Val Acc: 80.31%
No improvement for 12 epoch(s).
Epoch[43/200] Train Loss: 0.0770, Train Acc: 97.57%
Epoch[43/200] Val Loss: 1.0588, Val Acc: 80.65%
No improvement for 13 epoch(s).
Epoch[44/200] Train Loss: 0.1280, Train Acc: 96.70%
Epoch[44/200] Val Loss: 1.2216, Val Acc: 77.23%
No improvement for 14 epoch(s).
Epoch[45/200] Train Loss: 0.0855, Train Acc: 96.74%
Epoch[45/200] Val Loss: 1.1156, Val Acc: 80.01%
No improvement for 15 epoch(s).
Epoch[46/200] Train Loss: 0.0440, Train Acc: 98.31%
Epoch[46/200] Val Loss: 1.0784, Val Acc: 80.36%
No improvement for 16 epoch(s).
Epoch[47/200] Train Loss: 0.0465, Train Acc: 97.74%
Epoch[47/200] Val Loss: 1.1259, Val Acc: 81.10%
No improvement for 17 epoch(s).
Epoch[48/200] Train Loss: 0.0676, Train Acc: 97.74%
Epoch[48/200] Val Loss: 1.0074, Val Acc: 80.01%
No improvement for 18 epoch(s).
Epoch[49/200] Train Loss: 0.0499, Train Acc: 97.57%
Epoch[49/200] Val Loss: 0.9523, Val Acc: 81.10%
No improvement for 19 epoch(s).
Epoch[50/200] Train Loss: 0.0556, Train Acc: 97.87%
Epoch[50/200] Val Loss: 1.0078, Val Acc: 81.80%
No improvement for 20 epoch(s).
Epoch[51/200] Train Loss: 0.0447, Train Acc: 98.57%
Epoch[51/200] Val Loss: 1.1599, Val Acc: 79.71%
No improvement for 21 epoch(s).
Epoch[52/200] Train Loss: 0.0432, Train Acc: 98.31%
Epoch[52/200] Val Loss: 1.0383, Val Acc: 82.14%
No improvement for 22 epoch(s).
Epoch[53/200] Train Loss: 0.0715, Train Acc: 97.48%
Epoch[53/200] Val Loss: 1.0617, Val Acc: 82.14%
No improvement for 23 epoch(s).
Epoch[54/200] Train Loss: 0.0758, Train Acc: 97.27%
Epoch[54/200] Val Loss: 1.1537, Val Acc: 81.80%
No improvement for 24 epoch(s).
Epoch[55/200] Train Loss: 0.0987, Train Acc: 97.79%
Epoch[55/200] Val Loss: 1.1820, Val Acc: 80.06%
No improvement for 25 epoch(s).
Epoch[56/200] Train Loss: 0.0789, Train Acc: 98.31%
Epoch[56/200] Val Loss: 1.0342, Val Acc: 84.57%
Validation accuracy improved (82.8869 -> 84.5734).
Saved checkpoint: /media/icnlab/Data/Thang/plan_dieases/context_moe/checkpoints/plantdoc/pretrain_weight/efficientnetb0/seed_42/run_20260511-051432/best_checkpoint.pth
Epoch[57/200] Train Loss: 0.0436, Train Acc: 98.26%
Epoch[57/200] Val Loss: 1.0252, Val Acc: 84.92%
Validation accuracy improved (84.5734 -> 84.9206).
Saved checkpoint: /media/icnlab/Data/Thang/plan_dieases/context_moe/checkpoints/plantdoc/pretrain_weight/efficientnetb0/seed_42/run_20260511-051432/best_checkpoint.pth
Epoch[58/200] Train Loss: 0.0451, Train Acc: 98.13%
Epoch[58/200] Val Loss: 1.0899, Val Acc: 81.80%
No improvement for 1 epoch(s).
Epoch[59/200] Train Loss: 0.0364, Train Acc: 98.35%
Epoch[59/200] Val Loss: 1.0718, Val Acc: 84.23%
No improvement for 2 epoch(s).
Epoch[60/200] Train Loss: 0.0460, Train Acc: 98.22%
Epoch[60/200] Val Loss: 1.0347, Val Acc: 82.49%
No improvement for 3 epoch(s).
Epoch[61/200] Train Loss: 0.0463, Train Acc: 98.39%
Epoch[61/200] Val Loss: 1.2313, Val Acc: 82.14%
No improvement for 4 epoch(s).
Epoch[62/200] Train Loss: 0.0680, Train Acc: 98.13%
Epoch[62/200] Val Loss: 1.2174, Val Acc: 82.49%
No improvement for 5 epoch(s).
Epoch[63/200] Train Loss: 0.0311, Train Acc: 98.57%
Epoch[63/200] Val Loss: 1.2819, Val Acc: 81.75%
No improvement for 6 epoch(s).
Epoch[64/200] Train Loss: 0.0280, Train Acc: 99.05%
Epoch[64/200] Val Loss: 1.2162, Val Acc: 81.45%
No improvement for 7 epoch(s).
Epoch[65/200] Train Loss: 0.0318, Train Acc: 98.44%
Epoch[65/200] Val Loss: 1.1616, Val Acc: 82.84%
No improvement for 8 epoch(s).
Epoch[66/200] Train Loss: 0.0205, Train Acc: 99.26%
Epoch[66/200] Val Loss: 1.1538, Val Acc: 82.49%
No improvement for 9 epoch(s).
Epoch[67/200] Train Loss: 0.0353, Train Acc: 98.61%
Epoch[67/200] Val Loss: 1.2466, Val Acc: 82.49%
No improvement for 10 epoch(s).
Epoch[68/200] Train Loss: 0.0183, Train Acc: 99.31%
Epoch[68/200] Val Loss: 1.2058, Val Acc: 83.53%
No improvement for 11 epoch(s).
Epoch[69/200] Train Loss: 0.0301, Train Acc: 98.83%
Epoch[69/200] Val Loss: 1.2119, Val Acc: 83.53%
No improvement for 12 epoch(s).
Epoch[70/200] Train Loss: 0.0561, Train Acc: 98.61%
Epoch[70/200] Val Loss: 1.2225, Val Acc: 82.14%
No improvement for 13 epoch(s).
Epoch[71/200] Train Loss: 0.0442, Train Acc: 98.78%
Epoch[71/200] Val Loss: 1.2074, Val Acc: 82.84%
No improvement for 14 epoch(s).
Epoch[72/200] Train Loss: 0.0809, Train Acc: 98.18%
Epoch[72/200] Val Loss: 1.1656, Val Acc: 82.84%
No improvement for 15 epoch(s).
Epoch[73/200] Train Loss: 0.0192, Train Acc: 99.48%
Epoch[73/200] Val Loss: 1.0944, Val Acc: 81.10%
No improvement for 16 epoch(s).
Epoch[74/200] Train Loss: 0.0443, Train Acc: 98.91%
Epoch[74/200] Val Loss: 1.1825, Val Acc: 81.80%
No improvement for 17 epoch(s).
Epoch[75/200] Train Loss: 0.0524, Train Acc: 98.13%
Epoch[75/200] Val Loss: 1.1439, Val Acc: 83.18%
No improvement for 18 epoch(s).
Epoch[76/200] Train Loss: 0.0416, Train Acc: 98.61%
Epoch[76/200] Val Loss: 1.1619, Val Acc: 82.49%
No improvement for 19 epoch(s).
Epoch[77/200] Train Loss: 0.0473, Train Acc: 98.61%
Epoch[77/200] Val Loss: 1.1973, Val Acc: 80.75%
No improvement for 20 epoch(s).
Epoch[78/200] Train Loss: 0.0272, Train Acc: 98.39%
Epoch[78/200] Val Loss: 1.1410, Val Acc: 82.14%
No improvement for 21 epoch(s).
Epoch[79/200] Train Loss: 0.0310, Train Acc: 99.22%
Epoch[79/200] Val Loss: 1.2323, Val Acc: 80.75%
No improvement for 22 epoch(s).
Epoch[80/200] Train Loss: 0.0521, Train Acc: 99.09%
Epoch[80/200] Val Loss: 1.1660, Val Acc: 81.10%
No improvement for 23 epoch(s).
Epoch[81/200] Train Loss: 0.0261, Train Acc: 98.87%
Epoch[81/200] Val Loss: 1.2730, Val Acc: 81.45%
No improvement for 24 epoch(s).
Epoch[82/200] Train Loss: 0.0474, Train Acc: 98.83%
Epoch[82/200] Val Loss: 1.2415, Val Acc: 81.45%
No improvement for 25 epoch(s).
Epoch[83/200] Train Loss: 0.0142, Train Acc: 99.39%
Epoch[83/200] Val Loss: 1.1963, Val Acc: 82.49%
No improvement for 26 epoch(s).
Epoch[84/200] Train Loss: 0.0140, Train Acc: 99.52%
Epoch[84/200] Val Loss: 1.1058, Val Acc: 82.84%
No improvement for 27 epoch(s).
Epoch[85/200] Train Loss: 0.0433, Train Acc: 98.22%
Epoch[85/200] Val Loss: 1.3119, Val Acc: 81.45%
No improvement for 28 epoch(s).
Epoch[86/200] Train Loss: 0.0469, Train Acc: 98.74%
Epoch[86/200] Val Loss: 1.2031, Val Acc: 82.14%
No improvement for 29 epoch(s).
Epoch[87/200] Train Loss: 0.0289, Train Acc: 98.96%
Epoch[87/200] Val Loss: 1.1828, Val Acc: 82.49%
No improvement for 30 epoch(s).
Epoch[88/200] Train Loss: 0.0246, Train Acc: 98.65%
Epoch[88/200] Val Loss: 1.2115, Val Acc: 81.80%
No improvement for 31 epoch(s).
Epoch[89/200] Train Loss: 0.0492, Train Acc: 98.26%
Epoch[89/200] Val Loss: 1.2255, Val Acc: 82.14%
No improvement for 32 epoch(s).
Epoch[90/200] Train Loss: 0.0357, Train Acc: 98.52%
Epoch[90/200] Val Loss: 1.2123, Val Acc: 82.49%
No improvement for 33 epoch(s).
Epoch[91/200] Train Loss: 0.0341, Train Acc: 98.83%
Epoch[91/200] Val Loss: 1.2540, Val Acc: 81.80%
No improvement for 34 epoch(s).
Epoch[92/200] Train Loss: 0.0141, Train Acc: 99.61%
Epoch[92/200] Val Loss: 1.1743, Val Acc: 81.45%
No improvement for 35 epoch(s).
Epoch[93/200] Train Loss: 0.0306, Train Acc: 98.61%
Epoch[93/200] Val Loss: 1.2387, Val Acc: 81.80%
No improvement for 36 epoch(s).
Epoch[94/200] Train Loss: 0.0179, Train Acc: 99.31%
Epoch[94/200] Val Loss: 1.1340, Val Acc: 82.49%
No improvement for 37 epoch(s).
Epoch[95/200] Train Loss: 0.0549, Train Acc: 98.31%
Epoch[95/200] Val Loss: 1.1826, Val Acc: 81.80%
No improvement for 38 epoch(s).
Epoch[96/200] Train Loss: 0.0354, Train Acc: 98.35%
Epoch[96/200] Val Loss: 1.1204, Val Acc: 82.84%
No improvement for 39 epoch(s).
Epoch[97/200] Train Loss: 0.0467, Train Acc: 98.91%
Epoch[97/200] Val Loss: 1.0934, Val Acc: 83.18%
No improvement for 40 epoch(s).
Epoch[98/200] Train Loss: 0.0165, Train Acc: 99.35%
Epoch[98/200] Val Loss: 1.1706, Val Acc: 83.18%
No improvement for 41 epoch(s).
Epoch[99/200] Train Loss: 0.0432, Train Acc: 98.78%
Epoch[99/200] Val Loss: 1.1764, Val Acc: 83.18%
No improvement for 42 epoch(s).
Epoch[100/200] Train Loss: 0.0233, Train Acc: 99.35%
Epoch[100/200] Val Loss: 1.1894, Val Acc: 83.88%
No improvement for 43 epoch(s).
Epoch[101/200] Train Loss: 0.0447, Train Acc: 98.87%
Epoch[101/200] Val Loss: 1.1530, Val Acc: 82.49%
No improvement for 44 epoch(s).
Epoch[102/200] Train Loss: 0.0645, Train Acc: 99.00%
Epoch[102/200] Val Loss: 1.1224, Val Acc: 82.84%
No improvement for 45 epoch(s).
Epoch[103/200] Train Loss: 0.0100, Train Acc: 99.78%
Epoch[103/200] Val Loss: 1.1073, Val Acc: 83.18%
No improvement for 46 epoch(s).
Epoch[104/200] Train Loss: 0.0485, Train Acc: 98.31%
Epoch[104/200] Val Loss: 1.1370, Val Acc: 84.57%
No improvement for 47 epoch(s).
Epoch[105/200] Train Loss: 0.0524, Train Acc: 98.78%
Epoch[105/200] Val Loss: 1.1722, Val Acc: 83.88%
No improvement for 48 epoch(s).
Epoch[106/200] Train Loss: 0.0109, Train Acc: 99.74%
Epoch[106/200] Val Loss: 1.1405, Val Acc: 83.88%
No improvement for 49 epoch(s).
Epoch[107/200] Train Loss: 0.0434, Train Acc: 98.22%
Epoch[107/200] Val Loss: 1.1294, Val Acc: 82.84%
No improvement for 50 epoch(s).
Early stopping triggered. No improvement in validation acc for 50 epochs.
Saved checkpoint: /media/icnlab/Data/Thang/plan_dieases/context_moe/checkpoints/plantdoc/pretrain_weight/efficientnetb0/seed_42/run_20260511-051432/last_checkpoint.pth
Training finished. Best val acc: 84.9206 at epoch 57
Saved training plot to /media/icnlab/Data/Thang/plan_dieases/context_moe/checkpoints/plantdoc/pretrain_weight/efficientnetb0/seed_42/run_20260511-051432/loss_acc_plot.png
